============================= test session starts =============================
platform win32 -- Python 3.13.5, pytest-8.3.4, pluggy-1.6.0 -- D:\projects\youtube-classifier\backend\.venv\Scripts\python.exe
cachedir: .pytest_cache
rootdir: D:\projects\youtube-classifier
configfile: pytest.ini
plugins: anyio-4.12.1, Faker-40.4.0, asyncio-0.25.2, cov-6.0.0
asyncio: mode=Mode.AUTO, asyncio_default_fixture_loop_scope=function
collecting ... collected 6 items

tests/integration/test_users.py::TestAdminUsersRouter::test_standard_user_cannot_list_users PASSED [ 16%]
tests/integration/test_users.py::TestAdminUsersRouter::test_admin_can_list_users FAILED [ 33%]
tests/integration/test_users.py::TestAdminUsersRouter::test_standard_user_cannot_update_role PASSED [ 50%]
tests/integration/test_users.py::TestAdminUsersRouter::test_admin_can_update_role FAILED [ 66%]
tests/integration/test_users.py::TestAdminUsersRouter::test_standard_user_cannot_update_status PASSED [ 83%]
tests/integration/test_users.py::TestAdminUsersRouter::test_admin_can_update_status FAILED [100%]

================================== FAILURES ===================================
_______________ TestAdminUsersRouter.test_admin_can_list_users ________________
  + Exception Group Traceback (most recent call last):
  |   File "D:\projects\youtube-classifier\backend\.venv\Lib\site-packages\starlette\_utils.py", line 76, in collapse_excgroups
  |     yield
  |   File "D:\projects\youtube-classifier\backend\.venv\Lib\site-packages\starlette\middleware\base.py", line 186, in __call__
  |     async with anyio.create_task_group() as task_group:
  |                ~~~~~~~~~~~~~~~~~~~~~~~^^
  |   File "D:\projects\youtube-classifier\backend\.venv\Lib\site-packages\anyio\_backends\_asyncio.py", line 783, in __aexit__
  |     raise BaseExceptionGroup(
  |         "unhandled errors in a TaskGroup", self._exceptions
  |     ) from None
  | ExceptionGroup: unhandled errors in a TaskGroup (1 sub-exception)
  +-+---------------- 1 ----------------
    | Traceback (most recent call last):
    |   File "D:\projects\youtube-classifier\backend\.venv\Lib\site-packages\_pytest\runner.py", line 341, in from_call
    |     result: TResult | None = func()
    |                              ~~~~^^
    |   File "D:\projects\youtube-classifier\backend\.venv\Lib\site-packages\_pytest\runner.py", line 242, in <lambda>
    |     lambda: runtest_hook(item=item, **kwds), when=when, reraise=reraise
    |             ~~~~~~~~~~~~^^^^^^^^^^^^^^^^^^^
    |   File "D:\projects\youtube-classifier\backend\.venv\Lib\site-packages\pluggy\_hooks.py", line 512, in __call__
    |     return self._hookexec(self.name, self._hookimpls.copy(), kwargs, firstresult)
    |            ~~~~~~~~~~~~~~^^^^^^^^^^^^^^^^^^^^^^^^^^^^^^^^^^^^^^^^^^^^^^^^^^^^^^^^
    |   File "D:\projects\youtube-classifier\backend\.venv\Lib\site-packages\pluggy\_manager.py", line 120, in _hookexec
    |     return self._inner_hookexec(hook_name, methods, kwargs, firstresult)
    |            ~~~~~~~~~~~~~~~~~~~~^^^^^^^^^^^^^^^^^^^^^^^^^^^^^^^^^^^^^^^^^
    |   File "D:\projects\youtube-classifier\backend\.venv\Lib\site-packages\pluggy\_callers.py", line 167, in _multicall
    |     raise exception
    |   File "D:\projects\youtube-classifier\backend\.venv\Lib\site-packages\pluggy\_callers.py", line 139, in _multicall
    |     teardown.throw(exception)
    |     ~~~~~~~~~~~~~~^^^^^^^^^^^
    |   File "D:\projects\youtube-classifier\backend\.venv\Lib\site-packages\_pytest\threadexception.py", line 92, in pytest_runtest_call
    |     yield from thread_exception_runtest_hook()
    |   File "D:\projects\youtube-classifier\backend\.venv\Lib\site-packages\_pytest\threadexception.py", line 68, in thread_exception_runtest_hook
    |     yield
    |   File "D:\projects\youtube-classifier\backend\.venv\Lib\site-packages\pluggy\_callers.py", line 139, in _multicall
    |     teardown.throw(exception)
    |     ~~~~~~~~~~~~~~^^^^^^^^^^^
    |   File "D:\projects\youtube-classifier\backend\.venv\Lib\site-packages\_pytest\unraisableexception.py", line 95, in pytest_runtest_call
    |     yield from unraisable_exception_runtest_hook()
    |   File "D:\projects\youtube-classifier\backend\.venv\Lib\site-packages\_pytest\unraisableexception.py", line 70, in unraisable_exception_runtest_hook
    |     yield
    |   File "D:\projects\youtube-classifier\backend\.venv\Lib\site-packages\pluggy\_callers.py", line 139, in _multicall
    |     teardown.throw(exception)
    |     ~~~~~~~~~~~~~~^^^^^^^^^^^
    |   File "D:\projects\youtube-classifier\backend\.venv\Lib\site-packages\_pytest\logging.py", line 846, in pytest_runtest_call
    |     yield from self._runtest_for(item, "call")
    |   File "D:\projects\youtube-classifier\backend\.venv\Lib\site-packages\_pytest\logging.py", line 829, in _runtest_for
    |     yield
    |   File "D:\projects\youtube-classifier\backend\.venv\Lib\site-packages\pluggy\_callers.py", line 139, in _multicall
    |     teardown.throw(exception)
    |     ~~~~~~~~~~~~~~^^^^^^^^^^^
    |   File "D:\projects\youtube-classifier\backend\.venv\Lib\site-packages\_pytest\capture.py", line 880, in pytest_runtest_call
    |     return (yield)
    |             ^^^^^
    |   File "D:\projects\youtube-classifier\backend\.venv\Lib\site-packages\pluggy\_callers.py", line 139, in _multicall
    |     teardown.throw(exception)
    |     ~~~~~~~~~~~~~~^^^^^^^^^^^
    |   File "D:\projects\youtube-classifier\backend\.venv\Lib\site-packages\_pytest\skipping.py", line 257, in pytest_runtest_call
    |     return (yield)
    |             ^^^^^
    |   File "D:\projects\youtube-classifier\backend\.venv\Lib\site-packages\pluggy\_callers.py", line 121, in _multicall
    |     res = hook_impl.function(*args)
    |   File "D:\projects\youtube-classifier\backend\.venv\Lib\site-packages\_pytest\runner.py", line 174, in pytest_runtest_call
    |     item.runtest()
    |     ~~~~~~~~~~~~^^
    |   File "D:\projects\youtube-classifier\backend\.venv\Lib\site-packages\pytest_asyncio\plugin.py", line 533, in runtest
    |     super().runtest()
    |     ~~~~~~~~~~~~~~~^^
    |   File "D:\projects\youtube-classifier\backend\.venv\Lib\site-packages\_pytest\python.py", line 1627, in runtest
    |     self.ihook.pytest_pyfunc_call(pyfuncitem=self)
    |     ~~~~~~~~~~~~~~~~~~~~~~~~~~~~~^^^^^^^^^^^^^^^^^
    |   File "D:\projects\youtube-classifier\backend\.venv\Lib\site-packages\pluggy\_hooks.py", line 512, in __call__
    |     return self._hookexec(self.name, self._hookimpls.copy(), kwargs, firstresult)
    |            ~~~~~~~~~~~~~~^^^^^^^^^^^^^^^^^^^^^^^^^^^^^^^^^^^^^^^^^^^^^^^^^^^^^^^^
    |   File "D:\projects\youtube-classifier\backend\.venv\Lib\site-packages\pluggy\_manager.py", line 120, in _hookexec
    |     return self._inner_hookexec(hook_name, methods, kwargs, firstresult)
    |            ~~~~~~~~~~~~~~~~~~~~^^^^^^^^^^^^^^^^^^^^^^^^^^^^^^^^^^^^^^^^^
    |   File "D:\projects\youtube-classifier\backend\.venv\Lib\site-packages\pluggy\_callers.py", line 167, in _multicall
    |     raise exception
    |   File "D:\projects\youtube-classifier\backend\.venv\Lib\site-packages\pluggy\_callers.py", line 139, in _multicall
    |     teardown.throw(exception)
    |     ~~~~~~~~~~~~~~^^^^^^^^^^^
    |   File "D:\projects\youtube-classifier\backend\.venv\Lib\site-packages\pluggy\_callers.py", line 53, in run_old_style_hookwrapper
    |     return result.get_result()
    |            ~~~~~~~~~~~~~~~~~^^
    |   File "D:\projects\youtube-classifier\backend\.venv\Lib\site-packages\pluggy\_result.py", line 103, in get_result
    |     raise exc.with_traceback(tb)
    |   File "D:\projects\youtube-classifier\backend\.venv\Lib\site-packages\pluggy\_callers.py", line 38, in run_old_style_hookwrapper
    |     res = yield
    |           ^^^^^
    |   File "D:\projects\youtube-classifier\backend\.venv\Lib\site-packages\pluggy\_callers.py", line 121, in _multicall
    |     res = hook_impl.function(*args)
    |   File "D:\projects\youtube-classifier\backend\.venv\Lib\site-packages\_pytest\python.py", line 159, in pytest_pyfunc_call
    |     result = testfunction(**testargs)
    |   File "D:\projects\youtube-classifier\backend\.venv\Lib\site-packages\pytest_asyncio\plugin.py", line 1052, in inner
    |     _loop.run_until_complete(task)
    |     ~~~~~~~~~~~~~~~~~~~~~~~~^^^^^^
    |   File "C:\Users\THINKPAD L13\AppData\Local\Programs\Python\Python313\Lib\asyncio\base_events.py", line 725, in run_until_complete
    |     return future.result()
    |            ~~~~~~~~~~~~~^^
    |   File "D:\projects\youtube-classifier\tests\integration\test_users.py", line 104, in test_admin_can_list_users
    |     resp = await admin_client.get("/api/v1/users")
    |            ^^^^^^^^^^^^^^^^^^^^^^^^^^^^^^^^^^^^^^^
    |   File "D:\projects\youtube-classifier\backend\.venv\Lib\site-packages\httpx\_client.py", line 1768, in get
    |     return await self.request(
    |            ^^^^^^^^^^^^^^^^^^^
    |     ...<9 lines>...
    |     )
    |     ^
    |   File "D:\projects\youtube-classifier\backend\.venv\Lib\site-packages\httpx\_client.py", line 1540, in request
    |     return await self.send(request, auth=auth, follow_redirects=follow_redirects)
    |            ^^^^^^^^^^^^^^^^^^^^^^^^^^^^^^^^^^^^^^^^^^^^^^^^^^^^^^^^^^^^^^^^^^^^^^
    |   File "D:\projects\youtube-classifier\backend\.venv\Lib\site-packages\httpx\_client.py", line 1629, in send
    |     response = await self._send_handling_auth(
    |                ^^^^^^^^^^^^^^^^^^^^^^^^^^^^^^^
    |     ...<4 lines>...
    |     )
    |     ^
    |   File "D:\projects\youtube-classifier\backend\.venv\Lib\site-packages\httpx\_client.py", line 1657, in _send_handling_auth
    |     response = await self._send_handling_redirects(
    |                ^^^^^^^^^^^^^^^^^^^^^^^^^^^^^^^^^^^^
    |     ...<3 lines>...
    |     )
    |     ^
    |   File "D:\projects\youtube-classifier\backend\.venv\Lib\site-packages\httpx\_client.py", line 1694, in _send_handling_redirects
    |     response = await self._send_single_request(request)
    |                ^^^^^^^^^^^^^^^^^^^^^^^^^^^^^^^^^^^^^^^^
    |   File "D:\projects\youtube-classifier\backend\.venv\Lib\site-packages\httpx\_client.py", line 1730, in _send_single_request
    |     response = await transport.handle_async_request(request)
    |                ^^^^^^^^^^^^^^^^^^^^^^^^^^^^^^^^^^^^^^^^^^^^^
    |   File "D:\projects\youtube-classifier\backend\.venv\Lib\site-packages\httpx\_transports\asgi.py", line 170, in handle_async_request
    |     await self.app(scope, receive, send)
    |   File "D:\projects\youtube-classifier\backend\.venv\Lib\site-packages\fastapi\applications.py", line 1054, in __call__
    |     await super().__call__(scope, receive, send)
    |   File "D:\projects\youtube-classifier\backend\.venv\Lib\site-packages\starlette\applications.py", line 113, in __call__
    |     await self.middleware_stack(scope, receive, send)
    |   File "D:\projects\youtube-classifier\backend\.venv\Lib\site-packages\starlette\middleware\errors.py", line 187, in __call__
    |     raise exc
    |   File "D:\projects\youtube-classifier\backend\.venv\Lib\site-packages\starlette\middleware\errors.py", line 165, in __call__
    |     await self.app(scope, receive, _send)
    |   File "D:\projects\youtube-classifier\backend\.venv\Lib\site-packages\prometheus_fastapi_instrumentator\middleware.py", line 174, in __call__
    |     raise exc
    |   File "D:\projects\youtube-classifier\backend\.venv\Lib\site-packages\prometheus_fastapi_instrumentator\middleware.py", line 172, in __call__
    |     await self.app(scope, receive, send_wrapper)
    |   File "D:\projects\youtube-classifier\backend\.venv\Lib\site-packages\starlette\middleware\cors.py", line 85, in __call__
    |     await self.app(scope, receive, send)
    |   File "D:\projects\youtube-classifier\backend\.venv\Lib\site-packages\starlette\middleware\base.py", line 185, in __call__
    |     with collapse_excgroups():
    |          ~~~~~~~~~~~~~~~~~~^^
    |   File "C:\Users\THINKPAD L13\AppData\Local\Programs\Python\Python313\Lib\contextlib.py", line 162, in __exit__
    |     self.gen.throw(value)
    |     ~~~~~~~~~~~~~~^^^^^^^
    |   File "D:\projects\youtube-classifier\backend\.venv\Lib\site-packages\starlette\_utils.py", line 82, in collapse_excgroups
    |     raise exc
    |   File "D:\projects\youtube-classifier\backend\.venv\Lib\site-packages\starlette\middleware\base.py", line 187, in __call__
    |     response = await self.dispatch_func(request, call_next)
    |                ^^^^^^^^^^^^^^^^^^^^^^^^^^^^^^^^^^^^^^^^^^^^
    |   File "D:\projects\youtube-classifier\backend\api\middleware\rate_limiter.py", line 95, in dispatch
    |     response = await call_next(request)
    |                ^^^^^^^^^^^^^^^^^^^^^^^^
    |   File "D:\projects\youtube-classifier\backend\.venv\Lib\site-packages\starlette\middleware\base.py", line 163, in call_next
    |     raise app_exc
    |   File "D:\projects\youtube-classifier\backend\.venv\Lib\site-packages\starlette\middleware\base.py", line 149, in coro
    |     await self.app(scope, receive_or_disconnect, send_no_error)
    |   File "D:\projects\youtube-classifier\backend\.venv\Lib\site-packages\starlette\middleware\gzip.py", line 20, in __call__
    |     await responder(scope, receive, send)
    |   File "D:\projects\youtube-classifier\backend\.venv\Lib\site-packages\starlette\middleware\gzip.py", line 39, in __call__
    |     await self.app(scope, receive, self.send_with_gzip)
    |   File "D:\projects\youtube-classifier\backend\.venv\Lib\site-packages\starlette\middleware\base.py", line 185, in __call__
    |     with collapse_excgroups():
    |          ~~~~~~~~~~~~~~~~~~^^
    |   File "C:\Users\THINKPAD L13\AppData\Local\Programs\Python\Python313\Lib\contextlib.py", line 162, in __exit__
    |     self.gen.throw(value)
    |     ~~~~~~~~~~~~~~^^^^^^^
    |   File "D:\projects\youtube-classifier\backend\.venv\Lib\site-packages\starlette\_utils.py", line 82, in collapse_excgroups
    |     raise exc
    |   File "D:\projects\youtube-classifier\backend\.venv\Lib\site-packages\starlette\middleware\base.py", line 187, in __call__
    |     response = await self.dispatch_func(request, call_next)
    |                ^^^^^^^^^^^^^^^^^^^^^^^^^^^^^^^^^^^^^^^^^^^^
    |   File "D:\projects\youtube-classifier\backend\main.py", line 86, in dispatch
    |     response = await call_next(request)
    |                ^^^^^^^^^^^^^^^^^^^^^^^^
    |   File "D:\projects\youtube-classifier\backend\.venv\Lib\site-packages\starlette\middleware\base.py", line 163, in call_next
    |     raise app_exc
    |   File "D:\projects\youtube-classifier\backend\.venv\Lib\site-packages\starlette\middleware\base.py", line 149, in coro
    |     await self.app(scope, receive_or_disconnect, send_no_error)
    |   File "D:\projects\youtube-classifier\backend\.venv\Lib\site-packages\starlette\middleware\exceptions.py", line 62, in __call__
    |     await wrap_app_handling_exceptions(self.app, conn)(scope, receive, send)
    |   File "D:\projects\youtube-classifier\backend\.venv\Lib\site-packages\starlette\_exception_handler.py", line 53, in wrapped_app
    |     raise exc
    |   File "D:\projects\youtube-classifier\backend\.venv\Lib\site-packages\starlette\_exception_handler.py", line 42, in wrapped_app
    |     await app(scope, receive, sender)
    |   File "D:\projects\youtube-classifier\backend\.venv\Lib\site-packages\starlette\routing.py", line 715, in __call__
    |     await self.middleware_stack(scope, receive, send)
    |   File "D:\projects\youtube-classifier\backend\.venv\Lib\site-packages\starlette\routing.py", line 735, in app
    |     await route.handle(scope, receive, send)
    |   File "D:\projects\youtube-classifier\backend\.venv\Lib\site-packages\starlette\routing.py", line 288, in handle
    |     await self.app(scope, receive, send)
    |   File "D:\projects\youtube-classifier\backend\.venv\Lib\site-packages\starlette\routing.py", line 76, in app
    |     await wrap_app_handling_exceptions(app, request)(scope, receive, send)
    |   File "D:\projects\youtube-classifier\backend\.venv\Lib\site-packages\starlette\_exception_handler.py", line 53, in wrapped_app
    |     raise exc
    |   File "D:\projects\youtube-classifier\backend\.venv\Lib\site-packages\starlette\_exception_handler.py", line 42, in wrapped_app
    |     await app(scope, receive, sender)
    |   File "D:\projects\youtube-classifier\backend\.venv\Lib\site-packages\starlette\routing.py", line 73, in app
    |     response = await f(request)
    |                ^^^^^^^^^^^^^^^^
    |   File "D:\projects\youtube-classifier\backend\.venv\Lib\site-packages\fastapi\routing.py", line 301, in app
    |     raw_response = await run_endpoint_function(
    |                    ^^^^^^^^^^^^^^^^^^^^^^^^^^^^
    |     ...<3 lines>...
    |     )
    |     ^
    |   File "D:\projects\youtube-classifier\backend\.venv\Lib\site-packages\fastapi\routing.py", line 212, in run_endpoint_function
    |     return await dependant.call(**values)
    |            ^^^^^^^^^^^^^^^^^^^^^^^^^^^^^^
    |   File "D:\projects\youtube-classifier\backend\api\routes\users.py", line 56, in list_users
    |     user_responses = [UserResponse.model_validate(u) for u in users]
    |                                                               ^^^^^
    | TypeError: 'coroutine' object is not iterable
    +------------------------------------

During handling of the above exception, another exception occurred:

self = <tests.integration.test_users.TestAdminUsersRouter object at 0x000001C726C64550>
admin_client = <httpx.AsyncClient object at 0x000001C726C66E90>

    async def test_admin_can_list_users(self, admin_client):
        """An admin calling GET /api/v1/users should succeed."""
>       resp = await admin_client.get("/api/v1/users")

tests\integration\test_users.py:104: 
_ _ _ _ _ _ _ _ _ _ _ _ _ _ _ _ _ _ _ _ _ _ _ _ _ _ _ _ _ _ _ _ _ _ _ _ _ _ _ _
backend\.venv\Lib\site-packages\httpx\_client.py:1768: in get
    return await self.request(
backend\.venv\Lib\site-packages\httpx\_client.py:1540: in request
    return await self.send(request, auth=auth, follow_redirects=follow_redirects)
backend\.venv\Lib\site-packages\httpx\_client.py:1629: in send
    response = await self._send_handling_auth(
backend\.venv\Lib\site-packages\httpx\_client.py:1657: in _send_handling_auth
    response = await self._send_handling_redirects(
backend\.venv\Lib\site-packages\httpx\_client.py:1694: in _send_handling_redirects
    response = await self._send_single_request(request)
backend\.venv\Lib\site-packages\httpx\_client.py:1730: in _send_single_request
    response = await transport.handle_async_request(request)
backend\.venv\Lib\site-packages\httpx\_transports\asgi.py:170: in handle_async_request
    await self.app(scope, receive, send)
backend\.venv\Lib\site-packages\fastapi\applications.py:1054: in __call__
    await super().__call__(scope, receive, send)
backend\.venv\Lib\site-packages\starlette\applications.py:113: in __call__
    await self.middleware_stack(scope, receive, send)
backend\.venv\Lib\site-packages\starlette\middleware\errors.py:187: in __call__
    raise exc
backend\.venv\Lib\site-packages\starlette\middleware\errors.py:165: in __call__
    await self.app(scope, receive, _send)
backend\.venv\Lib\site-packages\prometheus_fastapi_instrumentator\middleware.py:174: in __call__
    raise exc
backend\.venv\Lib\site-packages\prometheus_fastapi_instrumentator\middleware.py:172: in __call__
    await self.app(scope, receive, send_wrapper)
backend\.venv\Lib\site-packages\starlette\middleware\cors.py:85: in __call__
    await self.app(scope, receive, send)
backend\.venv\Lib\site-packages\starlette\middleware\base.py:185: in __call__
    with collapse_excgroups():
C:\Users\THINKPAD L13\AppData\Local\Programs\Python\Python313\Lib\contextlib.py:162: in __exit__
    self.gen.throw(value)
backend\.venv\Lib\site-packages\starlette\_utils.py:82: in collapse_excgroups
    raise exc
backend\.venv\Lib\site-packages\starlette\middleware\base.py:187: in __call__
    response = await self.dispatch_func(request, call_next)
backend\api\middleware\rate_limiter.py:95: in dispatch
    response = await call_next(request)
backend\.venv\Lib\site-packages\starlette\middleware\base.py:163: in call_next
    raise app_exc
backend\.venv\Lib\site-packages\starlette\middleware\base.py:149: in coro
    await self.app(scope, receive_or_disconnect, send_no_error)
backend\.venv\Lib\site-packages\starlette\middleware\gzip.py:20: in __call__
    await responder(scope, receive, send)
backend\.venv\Lib\site-packages\starlette\middleware\gzip.py:39: in __call__
    await self.app(scope, receive, self.send_with_gzip)
backend\.venv\Lib\site-packages\starlette\middleware\base.py:185: in __call__
    with collapse_excgroups():
C:\Users\THINKPAD L13\AppData\Local\Programs\Python\Python313\Lib\contextlib.py:162: in __exit__
    self.gen.throw(value)
backend\.venv\Lib\site-packages\starlette\_utils.py:82: in collapse_excgroups
    raise exc
backend\.venv\Lib\site-packages\starlette\middleware\base.py:187: in __call__
    response = await self.dispatch_func(request, call_next)
backend\main.py:86: in dispatch
    response = await call_next(request)
backend\.venv\Lib\site-packages\starlette\middleware\base.py:163: in call_next
    raise app_exc
backend\.venv\Lib\site-packages\starlette\middleware\base.py:149: in coro
    await self.app(scope, receive_or_disconnect, send_no_error)
backend\.venv\Lib\site-packages\starlette\middleware\exceptions.py:62: in __call__
    await wrap_app_handling_exceptions(self.app, conn)(scope, receive, send)
backend\.venv\Lib\site-packages\starlette\_exception_handler.py:53: in wrapped_app
    raise exc
backend\.venv\Lib\site-packages\starlette\_exception_handler.py:42: in wrapped_app
    await app(scope, receive, sender)
backend\.venv\Lib\site-packages\starlette\routing.py:715: in __call__
    await self.middleware_stack(scope, receive, send)
backend\.venv\Lib\site-packages\starlette\routing.py:735: in app
    await route.handle(scope, receive, send)
backend\.venv\Lib\site-packages\starlette\routing.py:288: in handle
    await self.app(scope, receive, send)
backend\.venv\Lib\site-packages\starlette\routing.py:76: in app
    await wrap_app_handling_exceptions(app, request)(scope, receive, send)
backend\.venv\Lib\site-packages\starlette\_exception_handler.py:53: in wrapped_app
    raise exc
backend\.venv\Lib\site-packages\starlette\_exception_handler.py:42: in wrapped_app
    await app(scope, receive, sender)
backend\.venv\Lib\site-packages\starlette\routing.py:73: in app
    response = await f(request)
backend\.venv\Lib\site-packages\fastapi\routing.py:301: in app
    raw_response = await run_endpoint_function(
backend\.venv\Lib\site-packages\fastapi\routing.py:212: in run_endpoint_function
    return await dependant.call(**values)
_ _ _ _ _ _ _ _ _ _ _ _ _ _ _ _ _ _ _ _ _ _ _ _ _ _ _ _ _ _ _ _ _ _ _ _ _ _ _ _

page = 1, page_size = 20, search = None, db = <AsyncMock id='1954860766544'>

    @router.get("", response_model=PaginatedResponse)
    async def list_users(
        page: int = Query(1, ge=1),
        page_size: int = Query(20, ge=1, le=100),
        search: Optional[str] = Query(None, description="Search by email or display name"),
        db: AsyncSession = Depends(get_db_session),
    ):
        """List all registered users. Admin only."""
        query = select(User)
        count_query = select(func.count(User.id))
    
        if search:
            search_filter = (User.email.ilike(f"%{search}%")) | (User.display_name.ilike(f"%{search}%"))
            query = query.where(search_filter)
            count_query = count_query.where(search_filter)
    
        skip = (page - 1) * page_size
        query = query.order_by(User.created_at.desc()).offset(skip).limit(page_size)
    
        total = await db.scalar(count_query)
        users = (await db.scalars(query)).all()
        has_next = (skip + page_size) < total
    
        # Convert users to UserResponse dicts to satisfy BaseModel parsing
>       user_responses = [UserResponse.model_validate(u) for u in users]
E       TypeError: 'coroutine' object is not iterable

backend\api\routes\users.py:56: TypeError
---------------------------- Captured stderr call -----------------------------
2026-03-02 00:42:02.795 | ERROR    | main:global_exception_handler:165 - Unhandled error on http://test/api/v1/users: 'coroutine' object is not iterable\n  + Exception Group Traceback (most recent call last):\n  |\n  |   File "D:\\projects\\youtube-classifier\\backend\\.venv\\Lib\\site-packages\\starlette\\_utils.py", line 76, in collapse_excgroups\n  |     yield\n  |   File "D:\\projects\\youtube-classifier\\backend\\.venv\\Lib\\site-packages\\starlette\\middleware\\base.py", line 186, in __call__\n  |     async with anyio.create_task_group() as task_group:\n  |                \u2502     \u2502                      \u2514 <anyio._backends._asyncio.TaskGroup object at 0x000001C726C66210>\n  |                \u2502     \u2514 <function create_task_group at 0x000001C71F2365C0>\n  |                \u2514 <module 'anyio' from 'D:\\\\projects\\\\youtube-classifier\\\\backend\\\\.venv\\\\Lib\\\\site-packages\\\\anyio\\\\__init__.py'>\n  |   File "D:\\projects\\youtube-classifier\\backend\\.venv\\Lib\\site-packages\\anyio\\_backends\\_asyncio.py", line 783, in __aexit__\n  |     raise BaseExceptionGroup(\n  |\n  | ExceptionGroup: unhandled errors in a TaskGroup (1 sub-exception)\n  +-+---------------- 1 ----------------\n    | Traceback (most recent call last):\n    |\n    |   File "D:\\projects\\youtube-classifier\\backend\\.venv\\Lib\\site-packages\\starlette\\middleware\\errors.py", line 165, in __call__\n    |     await self.app(scope, receive, _send)\n    |           \u2502    \u2502   \u2502      \u2502        \u2514 <function ServerErrorMiddleware.__call__.<locals>._send at 0x000001C726D1E8E0>\n    |           \u2502    \u2502   \u2502      \u2514 <function ASGITransport.handle_async_request.<locals>.receive at 0x000001C726C3BA60>\n    |           \u2502    \u2502   \u2514 {'type': 'http', 'asgi': {'version': '3.0'}, 'http_version': '1.1', 'method': 'GET', 'headers': [(b'host', b'test'), (b'accep...\n    |           \u2502    \u2514 <prometheus_fastapi_instrumentator.middleware.PrometheusInstrumentatorMiddleware object at 0x000001C726D38D70>\n    |           \u2514 <starlette.middleware.errors.ServerErrorMiddleware object at 0x000001C726D39400>\n    |   File "D:\\projects\\youtube-classifier\\backend\\.venv\\Lib\\site-packages\\prometheus_fastapi_instrumentator\\middleware.py", line 174, in __call__\n    |     raise exc\n    |   File "D:\\projects\\youtube-classifier\\backend\\.venv\\Lib\\site-packages\\prometheus_fastapi_instrumentator\\middleware.py", line 172, in __call__\n    |     await self.app(scope, receive, send_wrapper)\n    |           \u2502    \u2502   \u2502      \u2502        \u2514 <function PrometheusInstrumentatorMiddleware.__call__.<locals>.send_wrapper at 0x000001C726D1EAC0>\n    |           \u2502    \u2502   \u2502      \u2514 <function ASGITransport.handle_async_request.<locals>.receive at 0x000001C726C3BA60>\n    |           \u2502    \u2502   \u2514 {'type': 'http', 'asgi': {'version': '3.0'}, 'http_version': '1.1', 'method': 'GET', 'headers': [(b'host', b'test'), (b'accep...\n    |           \u2502    \u2514 <starlette.middleware.cors.CORSMiddleware object at 0x000001C726D38C20>\n    |           \u2514 <prometheus_fastapi_instrumentator.middleware.PrometheusInstrumentatorMiddleware object at 0x000001C726D38D70>\n    |   File "D:\\projects\\youtube-classifier\\backend\\.venv\\Lib\\site-packages\\starlette\\middleware\\cors.py", line 85, in __call__\n    |     await self.app(scope, receive, send)\n    |           \u2502    \u2502   \u2502      \u2502        \u2514 <function PrometheusInstrumentatorMiddleware.__call__.<locals>.send_wrapper at 0x000001C726D1EAC0>\n    |           \u2502    \u2502   \u2502      \u2514 <function ASGITransport.handle_async_request.<locals>.receive at 0x000001C726C3BA60>\n    |           \u2502    \u2502   \u2514 {'type': 'http', 'asgi': {'version': '3.0'}, 'http_version': '1.1', 'method': 'GET', 'headers': [(b'host', b'test'), (b'accep...\n    |           \u2502    \u2514 <api.middleware.rate_limiter.RateLimiterMiddleware object at 0x000001C726D38AD0>\n    |           \u2514 <starlette.middleware.cors.CORSMiddleware object at 0x000001C726D38C20>\n    |   File "D:\\projects\\youtube-classifier\\backend\\.venv\\Lib\\site-packages\\starlette\\middleware\\base.py", line 185, in __call__\n    |     with collapse_excgroups():\n    |          \u2514 <function collapse_excgroups at 0x000001C7227F8C20>\n    |   File "C:\\Users\\THINKPAD L13\\AppData\\Local\\Programs\\Python\\Python313\\Lib\\contextlib.py", line 162, in __exit__\n    |     self.gen.throw(value)\n    |     \u2502    \u2502   \u2502     \u2514 ExceptionGroup('unhandled errors in a TaskGroup', [TypeError("'coroutine' object is not iterable")])\n    |     \u2502    \u2502   \u2514 <method 'throw' of 'generator' objects>\n    |     \u2502    \u2514 <generator object collapse_excgroups at 0x000001C726C51560>\n    |     \u2514 <contextlib._GeneratorContextManager object at 0x000001C726C1BA10>\n    |   File "D:\\projects\\youtube-classifier\\backend\\.venv\\Lib\\site-packages\\starlette\\_utils.py", line 82, in collapse_excgroups\n    |     raise exc\n    |   File "D:\\projects\\youtube-classifier\\backend\\.venv\\Lib\\site-packages\\starlette\\middleware\\base.py", line 187, in __call__\n    |     response = await self.dispatch_func(request, call_next)\n    |                      \u2502    \u2502             \u2502        \u2514 <function BaseHTTPMiddleware.__call__.<locals>.call_next at 0x000001C726D1EE80>\n    |                      \u2502    \u2502             \u2514 <starlette.middleware.base._CachedRequest object at 0x000001C726C660D0>\n    |                      \u2502    \u2514 <bound method RateLimiterMiddleware.dispatch of <api.middleware.rate_limiter.RateLimiterMiddleware object at 0x000001C726D38A...\n    |                      \u2514 <api.middleware.rate_limiter.RateLimiterMiddleware object at 0x000001C726D38AD0>\n    |\n    |   File "D:\\projects\\youtube-classifier\\backend\\api\\middleware\\rate_limiter.py", line 95, in dispatch\n    |     response = await call_next(request)\n    |                      \u2502         \u2514 <starlette.middleware.base._CachedRequest object at 0x000001C726C660D0>\n    |                      \u2514 <function BaseHTTPMiddleware.__call__.<locals>.call_next at 0x000001C726D1EE80>\n    |\n    |   File "D:\\projects\\youtube-classifier\\backend\\.venv\\Lib\\site-packages\\starlette\\middleware\\base.py", line 163, in call_next\n    |     raise app_exc\n    |           \u2514 TypeError("'coroutine' object is not iterable")\n    |   File "D:\\projects\\youtube-classifier\\backend\\.venv\\Lib\\site-packages\\starlette\\middleware\\base.py", line 149, in coro\n    |     await self.app(scope, receive_or_disconnect, send_no_error)\n    |           \u2502    \u2502   \u2502      \u2502                      \u2514 <function BaseHTTPMiddleware.__call__.<locals>.call_next.<locals>.send_no_error at 0x000001C726D1F100>\n    |           \u2502    \u2502   \u2502      \u2514 <function BaseHTTPMiddleware.__call__.<locals>.call_next.<locals>.receive_or_disconnect at 0x000001C726D1F1A0>\n    |           \u2502    \u2502   \u2514 {'type': 'http', 'asgi': {'version': '3.0'}, 'http_version': '1.1', 'method': 'GET', 'headers': [(b'host', b'test'), (b'accep...\n    |           \u2502    \u2514 <starlette.middleware.gzip.GZipMiddleware object at 0x000001C726D38980>\n    |           \u2514 <api.middleware.rate_limiter.RateLimiterMiddleware object at 0x000001C726D38AD0>\n    |   File "D:\\projects\\youtube-classifier\\backend\\.venv\\Lib\\site-packages\\starlette\\middleware\\gzip.py", line 20, in __call__\n    |     await responder(scope, receive, send)\n    |           \u2502         \u2502      \u2502        \u2514 <function BaseHTTPMiddleware.__call__.<locals>.call_next.<locals>.send_no_error at 0x000001C726D1F100>\n    |           \u2502         \u2502      \u2514 <function BaseHTTPMiddleware.__call__.<locals>.call_next.<locals>.receive_or_disconnect at 0x000001C726D1F1A0>\n    |           \u2502         \u2514 {'type': 'http', 'asgi': {'version': '3.0'}, 'http_version': '1.1', 'method': 'GET', 'headers': [(b'host', b'test'), (b'accep...\n    |           \u2514 <starlette.middleware.gzip.GZipResponder object at 0x000001C726C674D0>\n    |   File "D:\\projects\\youtube-classifier\\backend\\.venv\\Lib\\site-packages\\starlette\\middleware\\gzip.py", line 39, in __call__\n    |     await self.app(scope, receive, self.send_with_gzip)\n    |           \u2502    \u2502   \u2502      \u2502        \u2502    \u2514 <function GZipResponder.send_with_gzip at 0x000001C723A1FCE0>\n    |           \u2502    \u2502   \u2502      \u2502        \u2514 <starlette.middleware.gzip.GZipResponder object at 0x000001C726C674D0>\n    |           \u2502    \u2502   \u2502      \u2514 <function BaseHTTPMiddleware.__call__.<locals>.call_next.<locals>.receive_or_disconnect at 0x000001C726D1F1A0>\n    |           \u2502    \u2502   \u2514 {'type': 'http', 'asgi': {'version': '3.0'}, 'http_version': '1.1', 'method': 'GET', 'headers': [(b'host', b'test'), (b'accep...\n    |           \u2502    \u2514 <main.create_app.<locals>.CorrelationIDMiddleware object at 0x000001C726D38830>\n    |           \u2514 <starlette.middleware.gzip.GZipResponder object at 0x000001C726C674D0>\n    |   File "D:\\projects\\youtube-classifier\\backend\\.venv\\Lib\\site-packages\\starlette\\middleware\\base.py", line 185, in __call__\n    |     with collapse_excgroups():\n    |          \u2514 <function collapse_excgroups at 0x000001C7227F8C20>\n    |   File "C:\\Users\\THINKPAD L13\\AppData\\Local\\Programs\\Python\\Python313\\Lib\\contextlib.py", line 162, in __exit__\n    |     self.gen.throw(value)\n    |     \u2502    \u2502   \u2502     \u2514 ExceptionGroup('unhandled errors in a TaskGroup', [TypeError("'coroutine' object is not iterable")])\n    |     \u2502    \u2502   \u2514 <method 'throw' of 'generator' objects>\n    |     \u2502    \u2514 <generator object collapse_excgroups at 0x000001C726C518A0>\n    |     \u2514 <contextlib._GeneratorContextManager object at 0x000001C726C1BB60>\n    |   File "D:\\projects\\youtube-classifier\\backend\\.venv\\Lib\\site-packages\\starlette\\_utils.py", line 82, in collapse_excgroups\n    |     raise exc\n    |   File "D:\\projects\\youtube-classifier\\backend\\.venv\\Lib\\site-packages\\starlette\\middleware\\base.py", line 187, in __call__\n    |     response = await self.dispatch_func(request, call_next)\n    |                      \u2502    \u2502             \u2502        \u2514 <function BaseHTTPMiddleware.__call__.<locals>.call_next at 0x000001C726D1FE20>\n    |                      \u2502    \u2502             \u2514 <starlette.middleware.base._CachedRequest object at 0x000001C726D18FC0>\n    |                      \u2502    \u2514 <bound method create_app.<locals>.CorrelationIDMiddleware.dispatch of <main.create_app.<locals>.CorrelationIDMiddleware objec...\n    |                      \u2514 <main.create_app.<locals>.CorrelationIDMiddleware object at 0x000001C726D38830>\n    |\n    |   File "D:\\projects\\youtube-classifier\\backend\\main.py", line 86, in dispatch\n    |     response = await call_next(request)\n    |                      \u2502         \u2514 <starlette.middleware.base._CachedRequest object at 0x000001C726D18FC0>\n    |                      \u2514 <function BaseHTTPMiddleware.__call__.<locals>.call_next at 0x000001C726D1FE20>\n    |\n    |   File "D:\\projects\\youtube-classifier\\backend\\.venv\\Lib\\site-packages\\starlette\\middleware\\base.py", line 163, in call_next\n    |     raise app_exc\n    |           \u2514 TypeError("'coroutine' object is not iterable")\n    |   File "D:\\projects\\youtube-classifier\\backend\\.venv\\Lib\\site-packages\\starlette\\middleware\\base.py", line 149, in coro\n    |     await self.app(scope, receive_or_disconnect, send_no_error)\n    |           \u2502    \u2502   \u2502      \u2502                      \u2514 <function BaseHTTPMiddleware.__call__.<locals>.call_next.<locals>.send_no_error at 0x000001C726D1FC40>\n    |           \u2502    \u2502   \u2502      \u2514 <function BaseHTTPMiddleware.__call__.<locals>.call_next.<locals>.receive_or_disconnect at 0x000001C726D1FBA0>\n    |           \u2502    \u2502   \u2514 {'type': 'http', 'asgi': {'version': '3.0'}, 'http_version': '1.1', 'method': 'GET', 'headers': [(b'host', b'test'), (b'accep...\n    |           \u2502    \u2514 <starlette.middleware.exceptions.ExceptionMiddleware object at 0x000001C726D386E0>\n    |           \u2514 <main.create_app.<locals>.CorrelationIDMiddleware object at 0x000001C726D38830>\n    |   File "D:\\projects\\youtube-classifier\\backend\\.venv\\Lib\\site-packages\\starlette\\middleware\\exceptions.py", line 62, in __call__\n    |     await wrap_app_handling_exceptions(self.app, conn)(scope, receive, send)\n    |           \u2502                            \u2502    \u2502    \u2502     \u2502      \u2502        \u2514 <function BaseHTTPMiddleware.__call__.<locals>.call_next.<locals>.send_no_error at 0x000001C726D1FC40>\n    |           \u2502                            \u2502    \u2502    \u2502     \u2502      \u2514 <function BaseHTTPMiddleware.__call__.<locals>.call_next.<locals>.receive_or_disconnect at 0x000001C726D1FBA0>\n    |           \u2502                            \u2502    \u2502    \u2502     \u2514 {'type': 'http', 'asgi': {'version': '3.0'}, 'http_version': '1.1', 'method': 'GET', 'headers': [(b'host', b'test'), (b'accep...\n    |           \u2502                            \u2502    \u2502    \u2514 <starlette.requests.Request object at 0x000001C726D19810>\n    |           \u2502                            \u2502    \u2514 <fastapi.routing.APIRouter object at 0x000001C726BA7650>\n    |           \u2502                            \u2514 <starlette.middleware.exceptions.ExceptionMiddleware object at 0x000001C726D386E0>\n    |           \u2514 <function wrap_app_handling_exceptions at 0x000001C722767F60>\n    |   File "D:\\projects\\youtube-classifier\\backend\\.venv\\Lib\\site-packages\\starlette\\_exception_handler.py", line 53, in wrapped_app\n    |     raise exc\n    |   File "D:\\projects\\youtube-classifier\\backend\\.venv\\Lib\\site-packages\\starlette\\_exception_handler.py", line 42, in wrapped_app\n    |     await app(scope, receive, sender)\n    |           \u2502   \u2502      \u2502        \u2514 <function wrap_app_handling_exceptions.<locals>.wrapped_app.<locals>.sender at 0x000001C726D64360>\n    |           \u2502   \u2502      \u2514 <function BaseHTTPMiddleware.__call__.<locals>.call_next.<locals>.receive_or_disconnect at 0x000001C726D1FBA0>\n    |           \u2502   \u2514 {'type': 'http', 'asgi': {'version': '3.0'}, 'http_version': '1.1', 'method': 'GET', 'headers': [(b'host', b'test'), (b'accep...\n    |           \u2514 <fastapi.routing.APIRouter object at 0x000001C726BA7650>\n    |   File "D:\\projects\\youtube-classifier\\backend\\.venv\\Lib\\site-packages\\starlette\\routing.py", line 715, in __call__\n    |     await self.middleware_stack(scope, receive, send)\n    |           \u2502    \u2502                \u2502      \u2502        \u2514 <function wrap_app_handling_exceptions.<locals>.wrapped_app.<locals>.sender at 0x000001C726D64360>\n    |           \u2502    \u2502                \u2502      \u2514 <function BaseHTTPMiddleware.__call__.<locals>.call_next.<locals>.receive_or_disconnect at 0x000001C726D1FBA0>\n    |           \u2502    \u2502                \u2514 {'type': 'http', 'asgi': {'version': '3.0'}, 'http_version': '1.1', 'method': 'GET', 'headers': [(b'host', b'test'), (b'accep...\n    |           \u2502    \u2514 <bound method Router.app of <fastapi.routing.APIRouter object at 0x000001C726BA7650>>\n    |           \u2514 <fastapi.routing.APIRouter object at 0x000001C726BA7650>\n    |   File "D:\\projects\\youtube-classifier\\backend\\.venv\\Lib\\site-packages\\starlette\\routing.py", line 735, in app\n    |     await route.handle(scope, receive, send)\n    |           \u2502     \u2502      \u2502      \u2502        \u2514 <function wrap_app_handling_exceptions.<locals>.wrapped_app.<locals>.sender at 0x000001C726D64360>\n    |           \u2502     \u2502      \u2502      \u2514 <function BaseHTTPMiddleware.__call__.<locals>.call_next.<locals>.receive_or_disconnect at 0x000001C726D1FBA0>\n    |           \u2502     \u2502      \u2514 {'type': 'http', 'asgi': {'version': '3.0'}, 'http_version': '1.1', 'method': 'GET', 'headers': [(b'host', b'test'), (b'accep...\n    |           \u2502     \u2514 <function Route.handle at 0x000001C7227296C0>\n    |           \u2514 APIRoute(path='/api/v1/users', name='list_users', methods=['GET'])\n    |   File "D:\\projects\\youtube-classifier\\backend\\.venv\\Lib\\site-packages\\starlette\\routing.py", line 288, in handle\n    |     await self.app(scope, receive, send)\n    |           \u2502    \u2502   \u2502      \u2502        \u2514 <function wrap_app_handling_exceptions.<locals>.wrapped_app.<locals>.sender at 0x000001C726D64360>\n    |           \u2502    \u2502   \u2502      \u2514 <function BaseHTTPMiddleware.__call__.<locals>.call_next.<locals>.receive_or_disconnect at 0x000001C726D1FBA0>\n    |           \u2502    \u2502   \u2514 {'type': 'http', 'asgi': {'version': '3.0'}, 'http_version': '1.1', 'method': 'GET', 'headers': [(b'host', b'test'), (b'accep...\n    |           \u2502    \u2514 <function request_response.<locals>.app at 0x000001C726BE5760>\n    |           \u2514 APIRoute(path='/api/v1/users', name='list_users', methods=['GET'])\n    |   File "D:\\projects\\youtube-classifier\\backend\\.venv\\Lib\\site-packages\\starlette\\routing.py", line 76, in app\n    |     await wrap_app_handling_exceptions(app, request)(scope, receive, send)\n    |           \u2502                            \u2502    \u2502        \u2502      \u2502        \u2514 <function wrap_app_handling_exceptions.<locals>.wrapped_app.<locals>.sender at 0x000001C726D64360>\n    |           \u2502                            \u2502    \u2502        \u2502      \u2514 <function BaseHTTPMiddleware.__call__.<locals>.call_next.<locals>.receive_or_disconnect at 0x000001C726D1FBA0>\n    |           \u2502                            \u2502    \u2502        \u2514 {'type': 'http', 'asgi': {'version': '3.0'}, 'http_version': '1.1', 'method': 'GET', 'headers': [(b'host', b'test'), (b'accep...\n    |           \u2502                            \u2502    \u2514 <starlette.requests.Request object at 0x000001C726C329F0>\n    |           \u2502                            \u2514 <function request_response.<locals>.app.<locals>.app at 0x000001C726D64400>\n    |           \u2514 <function wrap_app_handling_exceptions at 0x000001C722767F60>\n    |   File "D:\\projects\\youtube-classifier\\backend\\.venv\\Lib\\site-packages\\starlette\\_exception_handler.py", line 53, in wrapped_app\n    |     raise exc\n    |   File "D:\\projects\\youtube-classifier\\backend\\.venv\\Lib\\site-packages\\starlette\\_exception_handler.py", line 42, in wrapped_app\n    |     await app(scope, receive, sender)\n    |           \u2502   \u2502      \u2502        \u2514 <function wrap_app_handling_exceptions.<locals>.wrapped_app.<locals>.sender at 0x000001C726D64540>\n    |           \u2502   \u2502      \u2514 <function BaseHTTPMiddleware.__call__.<locals>.call_next.<locals>.receive_or_disconnect at 0x000001C726D1FBA0>\n    |           \u2502   \u2514 {'type': 'http', 'asgi': {'version': '3.0'}, 'http_version': '1.1', 'method': 'GET', 'headers': [(b'host', b'test'), (b'accep...\n    |           \u2514 <function request_response.<locals>.app.<locals>.app at 0x000001C726D64400>\n    |   File "D:\\projects\\youtube-classifier\\backend\\.venv\\Lib\\site-packages\\starlette\\routing.py", line 73, in app\n    |     response = await f(request)\n    |                      \u2502 \u2514 <starlette.requests.Request object at 0x000001C726C329F0>\n    |                      \u2514 <function get_request_handler.<locals>.app at 0x000001C726BE5120>\n    |   File "D:\\projects\\youtube-classifier\\backend\\.venv\\Lib\\site-packages\\fastapi\\routing.py", line 301, in app\n    |     raw_response = await run_endpoint_function(\n    |                          \u2514 <function run_endpoint_function at 0x000001C7227291C0>\n    |   File "D:\\projects\\youtube-classifier\\backend\\.venv\\Lib\\site-packages\\fastapi\\routing.py", line 212, in run_endpoint_function\n    |     return await dependant.call(**values)\n    |                  \u2502         \u2502      \u2514 {'db': <AsyncMock id='1954860766544'>, 'page': 1, 'page_size': 20, 'search': None}\n    |                  \u2502         \u2514 <function list_users at 0x000001C726BE7920>\n    |                  \u2514 Dependant(path_params=[], query_params=[ModelField(field_info=Query(1), name='page', mode='validation'), ModelField(field_inf...\n    |\n    |   File "D:\\projects\\youtube-classifier\\backend\\api\\routes\\users.py", line 56, in list_users\n    |     user_responses = [UserResponse.model_validate(u) for u in users]\n    |                       \u2502            \u2502                          \u2514 <coroutine object AsyncMockMixin._execute_mock_call at 0x000001C726B9BB40>\n    |                       \u2502            \u2514 <classmethod(<function BaseModel.model_validate at 0x000001C722659260>)>\n    |                       \u2514 <class 'models.schemas.UserResponse'>\n    |\n    | TypeError: 'coroutine' object is not iterable\n    +------------------------------------\n\n\nDuring handling of the above exception, another exception occurred:\n\n\nTraceback (most recent call last):\n\n  File "<frozen runpy>", line 198, in _run_module_as_main\n  File "<frozen runpy>", line 88, in _run_code\n\n  File "D:\\projects\\youtube-classifier\\backend\\.venv\\Scripts\\pytest.exe\\__main__.py", line 5, in <module>\n\n  File "D:\\projects\\youtube-classifier\\backend\\.venv\\Lib\\site-packages\\_pytest\\config\\__init__.py", line 201, in console_main\n    code = main()\n           \u2514 <function main at 0x000001C71EDD94E0>\n  File "D:\\projects\\youtube-classifier\\backend\\.venv\\Lib\\site-packages\\_pytest\\config\\__init__.py", line 175, in main\n    ret: ExitCode | int = config.hook.pytest_cmdline_main(config=config)\n         \u2502                \u2502      \u2502    \u2502                          \u2514 <_pytest.config.Config object at 0x000001C71F069D30>\n         \u2502                \u2502      \u2502    \u2514 <HookCaller 'pytest_cmdline_main'>\n         \u2502                \u2502      \u2514 <_pytest.config.compat.PathAwareHookProxy object at 0x000001C71F06A270>\n         \u2502                \u2514 <_pytest.config.Config object at 0x000001C71F069D30>\n         \u2514 <enum 'ExitCode'>\n  File "D:\\projects\\youtube-classifier\\backend\\.venv\\Lib\\site-packages\\pluggy\\_hooks.py", line 512, in __call__\n    return self._hookexec(self.name, self._hookimpls.copy(), kwargs, firstresult)\n           \u2502    \u2502         \u2502    \u2502     \u2502    \u2502                  \u2502       \u2514 True\n           \u2502    \u2502         \u2502    \u2502     \u2502    \u2502                  \u2514 {'config': <_pytest.config.Config object at 0x000001C71F069D30>}\n           \u2502    \u2502         \u2502    \u2502     \u2502    \u2514 <member '_hookimpls' of 'HookCaller' objects>\n           \u2502    \u2502         \u2502    \u2502     \u2514 <HookCaller 'pytest_cmdline_main'>\n           \u2502    \u2502         \u2502    \u2514 <member 'name' of 'HookCaller' objects>\n           \u2502    \u2502         \u2514 <HookCaller 'pytest_cmdline_main'>\n           \u2502    \u2514 <member '_hookexec' of 'HookCaller' objects>\n           \u2514 <HookCaller 'pytest_cmdline_main'>\n  File "D:\\projects\\youtube-classifier\\backend\\.venv\\Lib\\site-packages\\pluggy\\_manager.py", line 120, in _hookexec\n    return self._inner_hookexec(hook_name, methods, kwargs, firstresult)\n           \u2502    \u2502               \u2502          \u2502        \u2502       \u2514 True\n           \u2502    \u2502               \u2502          \u2502        \u2514 {'config': <_pytest.config.Config object at 0x000001C71F069D30>}\n           \u2502    \u2502               \u2502          \u2514 [<HookImpl plugin_name='main', plugin=<module '_pytest.main' from 'D:\\\\projects\\\\youtube-classifier\\\\backend\\\\.venv\\\\Lib\\\\sit...\n           \u2502    \u2502               \u2514 'pytest_cmdline_main'\n           \u2502    \u2514 <function _multicall at 0x000001C71E7A4F40>\n           \u2514 <_pytest.config.PytestPluginManager object at 0x000001C71EF07770>\n  File "D:\\projects\\youtube-classifier\\backend\\.venv\\Lib\\site-packages\\pluggy\\_callers.py", line 121, in _multicall\n    res = hook_impl.function(*args)\n          \u2502         \u2502         \u2514 [<_pytest.config.Config object at 0x000001C71F069D30>]\n          \u2502         \u2514 <member 'function' of 'HookImpl' objects>\n          \u2514 <HookImpl plugin_name='main', plugin=<module '_pytest.main' from 'D:\\\\projects\\\\youtube-classifier\\\\backend\\\\.venv\\\\Lib\\\\site...\n  File "D:\\projects\\youtube-classifier\\backend\\.venv\\Lib\\site-packages\\_pytest\\main.py", line 330, in pytest_cmdline_main\n    return wrap_session(config, _main)\n           \u2502            \u2502       \u2514 <function _main at 0x000001C71EE62DE0>\n           \u2502            \u2514 <_pytest.config.Config object at 0x000001C71F069D30>\n           \u2514 <function wrap_session at 0x000001C71EE62CA0>\n  File "D:\\projects\\youtube-classifier\\backend\\.venv\\Lib\\site-packages\\_pytest\\main.py", line 283, in wrap_session\n    session.exitstatus = doit(config, session) or 0\n    \u2502       \u2502            \u2502    \u2502       \u2514 <Session  exitstatus=<ExitCode.OK: 0> testsfailed=0 testscollected=6>\n    \u2502       \u2502            \u2502    \u2514 <_pytest.config.Config object at 0x000001C71F069D30>\n    \u2502       \u2502            \u2514 <function _main at 0x000001C71EE62DE0>\n    \u2502       \u2514 <ExitCode.OK: 0>\n    \u2514 <Session  exitstatus=<ExitCode.OK: 0> testsfailed=0 testscollected=6>\n  File "D:\\projects\\youtube-classifier\\backend\\.venv\\Lib\\site-packages\\_pytest\\main.py", line 337, in _main\n    config.hook.pytest_runtestloop(session=session)\n    \u2502      \u2502    \u2502                          \u2514 <Session  exitstatus=<ExitCode.OK: 0> testsfailed=0 testscollected=6>\n    \u2502      \u2502    \u2514 <HookCaller 'pytest_runtestloop'>\n    \u2502      \u2514 <_pytest.config.compat.PathAwareHookProxy object at 0x000001C71F06A270>\n    \u2514 <_pytest.config.Config object at 0x000001C71F069D30>\n  File "D:\\projects\\youtube-classifier\\backend\\.venv\\Lib\\site-packages\\pluggy\\_hooks.py", line 512, in __call__\n    return self._hookexec(self.name, self._hookimpls.copy(), kwargs, firstresult)\n           \u2502    \u2502         \u2502    \u2502     \u2502    \u2502                  \u2502       \u2514 True\n           \u2502    \u2502         \u2502    \u2502     \u2502    \u2502                  \u2514 {'session': <Session  exitstatus=<ExitCode.OK: 0> testsfailed=0 testscollected=6>}\n           \u2502    \u2502         \u2502    \u2502     \u2502    \u2514 <member '_hookimpls' of 'HookCaller' objects>\n           \u2502    \u2502         \u2502    \u2502     \u2514 <HookCaller 'pytest_runtestloop'>\n           \u2502    \u2502         \u2502    \u2514 <member 'name' of 'HookCaller' objects>\n           \u2502    \u2502         \u2514 <HookCaller 'pytest_runtestloop'>\n           \u2502    \u2514 <member '_hookexec' of 'HookCaller' objects>\n           \u2514 <HookCaller 'pytest_runtestloop'>\n  File "D:\\projects\\youtube-classifier\\backend\\.venv\\Lib\\site-packages\\pluggy\\_manager.py", line 120, in _hookexec\n    return self._inner_hookexec(hook_name, methods, kwargs, firstresult)\n           \u2502    \u2502               \u2502          \u2502        \u2502       \u2514 True\n           \u2502    \u2502               \u2502          \u2502        \u2514 {'session': <Session  exitstatus=<ExitCode.OK: 0> testsfailed=0 testscollected=6>}\n           \u2502    \u2502               \u2502          \u2514 [<HookImpl plugin_name='main', plugin=<module '_pytest.main' from 'D:\\\\projects\\\\youtube-classifier\\\\backend\\\\.venv\\\\Lib\\\\sit...\n           \u2502    \u2502               \u2514 'pytest_runtestloop'\n           \u2502    \u2514 <function _multicall at 0x000001C71E7A4F40>\n           \u2514 <_pytest.config.PytestPluginManager object at 0x000001C71EF07770>\n  File "D:\\projects\\youtube-classifier\\backend\\.venv\\Lib\\site-packages\\pluggy\\_callers.py", line 121, in _multicall\n    res = hook_impl.function(*args)\n          \u2502         \u2502         \u2514 [<Session  exitstatus=<ExitCode.OK: 0> testsfailed=0 testscollected=6>]\n          \u2502         \u2514 <member 'function' of 'HookImpl' objects>\n          \u2514 <HookImpl plugin_name='main', plugin=<module '_pytest.main' from 'D:\\\\projects\\\\youtube-classifier\\\\backend\\\\.venv\\\\Lib\\\\site...\n  File "D:\\projects\\youtube-classifier\\backend\\.venv\\Lib\\site-packages\\_pytest\\main.py", line 362, in pytest_runtestloop\n    item.config.hook.pytest_runtest_protocol(item=item, nextitem=nextitem)\n    \u2502    \u2502                                        \u2502              \u2514 <Coroutine test_standard_user_cannot_update_role>\n    \u2502    \u2502                                        \u2514 <Coroutine test_admin_can_list_users>\n    \u2502    \u2514 <member 'config' of 'Node' objects>\n    \u2514 <Coroutine test_admin_can_list_users>\n  File "D:\\projects\\youtube-classifier\\backend\\.venv\\Lib\\site-packages\\pluggy\\_hooks.py", line 512, in __call__\n    return self._hookexec(self.name, self._hookimpls.copy(), kwargs, firstresult)\n           \u2502    \u2502         \u2502    \u2502     \u2502    \u2502                  \u2502       \u2514 True\n           \u2502    \u2502         \u2502    \u2502     \u2502    \u2502                  \u2514 {'item': <Coroutine test_admin_can_list_users>, 'nextitem': <Coroutine test_standard_user_cannot_update_role>}\n           \u2502    \u2502         \u2502    \u2502     \u2502    \u2514 <member '_hookimpls' of 'HookCaller' objects>\n           \u2502    \u2502         \u2502    \u2502     \u2514 <HookCaller 'pytest_runtest_protocol'>\n           \u2502    \u2502         \u2502    \u2514 <member 'name' of 'HookCaller' objects>\n           \u2502    \u2502         \u2514 <HookCaller 'pytest_runtest_protocol'>\n           \u2502    \u2514 <member '_hookexec' of 'HookCaller' objects>\n           \u2514 <HookCaller 'pytest_runtest_protocol'>\n  File "D:\\projects\\youtube-classifier\\backend\\.venv\\Lib\\site-packages\\pluggy\\_manager.py", line 120, in _hookexec\n    return self._inner_hookexec(hook_name, methods, kwargs, firstresult)\n           \u2502    \u2502               \u2502          \u2502        \u2502       \u2514 True\n           \u2502    \u2502               \u2502          \u2502        \u2514 {'item': <Coroutine test_admin_can_list_users>, 'nextitem': <Coroutine test_standard_user_cannot_update_role>}\n           \u2502    \u2502               \u2502          \u2514 [<HookImpl plugin_name='runner', plugin=<module '_pytest.runner' from 'D:\\\\projects\\\\youtube-classifier\\\\backend\\\\.venv\\\\Lib\\...\n           \u2502    \u2502               \u2514 'pytest_runtest_protocol'\n           \u2502    \u2514 <function _multicall at 0x000001C71E7A4F40>\n           \u2514 <_pytest.config.PytestPluginManager object at 0x000001C71EF07770>\n  File "D:\\projects\\youtube-classifier\\backend\\.venv\\Lib\\site-packages\\pluggy\\_callers.py", line 121, in _multicall\n    res = hook_impl.function(*args)\n          \u2502         \u2502         \u2514 [<Coroutine test_admin_can_list_users>, <Coroutine test_standard_user_cannot_update_role>]\n          \u2502         \u2514 <member 'function' of 'HookImpl' objects>\n          \u2514 <HookImpl plugin_name='runner', plugin=<module '_pytest.runner' from 'D:\\\\projects\\\\youtube-classifier\\\\backend\\\\.venv\\\\Lib\\\\...\n  File "D:\\projects\\youtube-classifier\\backend\\.venv\\Lib\\site-packages\\_pytest\\runner.py", line 113, in pytest_runtest_protocol\n    runtestprotocol(item, nextitem=nextitem)\n    \u2502               \u2502              \u2514 <Coroutine test_standard_user_cannot_update_role>\n    \u2502               \u2514 <Coroutine test_admin_can_list_users>\n    \u2514 <function runtestprotocol at 0x000001C71EE61EE0>\n  File "D:\\projects\\youtube-classifier\\backend\\.venv\\Lib\\site-packages\\_pytest\\runner.py", line 132, in runtestprotocol\n    reports.append(call_and_report(item, "call", log))\n    \u2502       \u2502      \u2502               \u2502             \u2514 True\n    \u2502       \u2502      \u2502               \u2514 <Coroutine test_admin_can_list_users>\n    \u2502       \u2502      \u2514 <function call_and_report at 0x000001C71EE62340>\n    \u2502       \u2514 <method 'append' of 'list' objects>\n    \u2514 [<TestReport 'tests/integration/test_users.py::TestAdminUsersRouter::test_admin_can_list_users' when='setup' outcome='passed'>]\n  File "D:\\projects\\youtube-classifier\\backend\\.venv\\Lib\\site-packages\\_pytest\\runner.py", line 241, in call_and_report\n    call = CallInfo.from_call(\n           \u2502        \u2514 <classmethod(<function CallInfo.from_call at 0x000001C71EE62660>)>\n           \u2514 <class '_pytest.runner.CallInfo'>\n  File "D:\\projects\\youtube-classifier\\backend\\.venv\\Lib\\site-packages\\_pytest\\runner.py", line 341, in from_call\n    result: TResult | None = func()\n            \u2502                \u2514 <function call_and_report.<locals>.<lambda> at 0x000001C726C3B600>\n            \u2514 +TResult\n  File "D:\\projects\\youtube-classifier\\backend\\.venv\\Lib\\site-packages\\_pytest\\runner.py", line 242, in <lambda>\n    lambda: runtest_hook(item=item, **kwds), when=when, reraise=reraise\n            \u2502                 \u2502       \u2514 {}\n            \u2502                 \u2514 <Coroutine test_admin_can_list_users>\n            \u2514 <HookCaller 'pytest_runtest_call'>\n  File "D:\\projects\\youtube-classifier\\backend\\.venv\\Lib\\site-packages\\pluggy\\_hooks.py", line 512, in __call__\n    return self._hookexec(self.name, self._hookimpls.copy(), kwargs, firstresult)\n           \u2502    \u2502         \u2502    \u2502     \u2502    \u2502                  \u2502       \u2514 False\n           \u2502    \u2502         \u2502    \u2502     \u2502    \u2502                  \u2514 {'item': <Coroutine test_admin_can_list_users>}\n           \u2502    \u2502         \u2502    \u2502     \u2502    \u2514 <member '_hookimpls' of 'HookCaller' objects>\n           \u2502    \u2502         \u2502    \u2502     \u2514 <HookCaller 'pytest_runtest_call'>\n           \u2502    \u2502         \u2502    \u2514 <member 'name' of 'HookCaller' objects>\n           \u2502    \u2502         \u2514 <HookCaller 'pytest_runtest_call'>\n           \u2502    \u2514 <member '_hookexec' of 'HookCaller' objects>\n           \u2514 <HookCaller 'pytest_runtest_call'>\n  File "D:\\projects\\youtube-classifier\\backend\\.venv\\Lib\\site-packages\\pluggy\\_manager.py", line 120, in _hookexec\n    return self._inner_hookexec(hook_name, methods, kwargs, firstresult)\n           \u2502    \u2502               \u2502          \u2502        \u2502       \u2514 False\n           \u2502    \u2502               \u2502          \u2502        \u2514 {'item': <Coroutine test_admin_can_list_users>}\n           \u2502    \u2502               \u2502          \u2514 [<HookImpl plugin_name='runner', plugin=<module '_pytest.runner' from 'D:\\\\projects\\\\youtube-classifier\\\\backend\\\\.venv\\\\Lib\\...\n           \u2502    \u2502               \u2514 'pytest_runtest_call'\n           \u2502    \u2514 <function _multicall at 0x000001C71E7A4F40>\n           \u2514 <_pytest.config.PytestPluginManager object at 0x000001C71EF07770>\n  File "D:\\projects\\youtube-classifier\\backend\\.venv\\Lib\\site-packages\\pluggy\\_callers.py", line 121, in _multicall\n    res = hook_impl.function(*args)\n          \u2502         \u2502         \u2514 [<Coroutine test_admin_can_list_users>]\n          \u2502         \u2514 <member 'function' of 'HookImpl' objects>\n          \u2514 <HookImpl plugin_name='runner', plugin=<module '_pytest.runner' from 'D:\\\\projects\\\\youtube-classifier\\\\backend\\\\.venv\\\\Lib\\\\...\n  File "D:\\projects\\youtube-classifier\\backend\\.venv\\Lib\\site-packages\\_pytest\\runner.py", line 174, in pytest_runtest_call\n    item.runtest()\n    \u2502    \u2514 <function Coroutine.runtest at 0x000001C72186A8E0>\n    \u2514 <Coroutine test_admin_can_list_users>\n  File "D:\\projects\\youtube-classifier\\backend\\.venv\\Lib\\site-packages\\pytest_asyncio\\plugin.py", line 533, in runtest\n    super().runtest()\n  File "D:\\projects\\youtube-classifier\\backend\\.venv\\Lib\\site-packages\\_pytest\\python.py", line 1627, in runtest\n    self.ihook.pytest_pyfunc_call(pyfuncitem=self)\n    \u2502    \u2502                                   \u2514 <Coroutine test_admin_can_list_users>\n    \u2502    \u2514 <property object at 0x000001C71EDCBE20>\n    \u2514 <Coroutine test_admin_can_list_users>\n  File "D:\\projects\\youtube-classifier\\backend\\.venv\\Lib\\site-packages\\pluggy\\_hooks.py", line 512, in __call__\n    return self._hookexec(self.name, self._hookimpls.copy(), kwargs, firstresult)\n           \u2502    \u2502         \u2502    \u2502     \u2502    \u2502                  \u2502       \u2514 True\n           \u2502    \u2502         \u2502    \u2502     \u2502    \u2502                  \u2514 {'pyfuncitem': <Coroutine test_admin_can_list_users>}\n           \u2502    \u2502         \u2502    \u2502     \u2502    \u2514 <member '_hookimpls' of 'HookCaller' objects>\n           \u2502    \u2502         \u2502    \u2502     \u2514 <HookCaller 'pytest_pyfunc_call'>\n           \u2502    \u2502         \u2502    \u2514 <member 'name' of 'HookCaller' objects>\n           \u2502    \u2502         \u2514 <HookCaller 'pytest_pyfunc_call'>\n           \u2502    \u2514 <member '_hookexec' of 'HookCaller' objects>\n           \u2514 <HookCaller 'pytest_pyfunc_call'>\n  File "D:\\projects\\youtube-classifier\\backend\\.venv\\Lib\\site-packages\\pluggy\\_manager.py", line 120, in _hookexec\n    return self._inner_hookexec(hook_name, methods, kwargs, firstresult)\n           \u2502    \u2502               \u2502          \u2502        \u2502       \u2514 True\n           \u2502    \u2502               \u2502          \u2502        \u2514 {'pyfuncitem': <Coroutine test_admin_can_list_users>}\n           \u2502    \u2502               \u2502          \u2514 [<HookImpl plugin_name='python', plugin=<module '_pytest.python' from 'D:\\\\projects\\\\youtube-classifier\\\\backend\\\\.venv\\\\Lib\\...\n           \u2502    \u2502               \u2514 'pytest_pyfunc_call'\n           \u2502    \u2514 <function _multicall at 0x000001C71E7A4F40>\n           \u2514 <_pytest.config.PytestPluginManager object at 0x000001C71EF07770>\n  File "D:\\projects\\youtube-classifier\\backend\\.venv\\Lib\\site-packages\\pluggy\\_callers.py", line 121, in _multicall\n    res = hook_impl.function(*args)\n          \u2502         \u2502         \u2514 [<Coroutine test_admin_can_list_users>]\n          \u2502         \u2514 <member 'function' of 'HookImpl' objects>\n          \u2514 <HookImpl plugin_name='python', plugin=<module '_pytest.python' from 'D:\\\\projects\\\\youtube-classifier\\\\backend\\\\.venv\\\\Lib\\\\...\n  File "D:\\projects\\youtube-classifier\\backend\\.venv\\Lib\\site-packages\\_pytest\\python.py", line 159, in pytest_pyfunc_call\n    result = testfunction(**testargs)\n             \u2502              \u2514 {'admin_client': <httpx.AsyncClient object at 0x000001C726C66E90>}\n             \u2514 <function TestAdminUsersRouter.test_admin_can_list_users at 0x000001C726C3B740>\n  File "D:\\projects\\youtube-classifier\\backend\\.venv\\Lib\\site-packages\\pytest_asyncio\\plugin.py", line 1052, in inner\n    _loop.run_until_complete(task)\n    \u2502     \u2502                  \u2514 <Task pending name='Task-8' coro=<TestAdminUsersRouter.test_admin_can_list_users() running at D:\\projects\\youtube-classifier\\...\n    \u2502     \u2514 <function BaseEventLoop.run_until_complete at 0x000001C71F66C400>\n    \u2514 <ProactorEventLoop running=True closed=False debug=False>\n  File "C:\\Users\\THINKPAD L13\\AppData\\Local\\Programs\\Python\\Python313\\Lib\\asyncio\\base_events.py", line 712, in run_until_complete\n    self.run_forever()\n    \u2502    \u2514 <function BaseEventLoop.run_forever at 0x000001C71F66C360>\n    \u2514 <ProactorEventLoop running=True closed=False debug=False>\n  File "C:\\Users\\THINKPAD L13\\AppData\\Local\\Programs\\Python\\Python313\\Lib\\asyncio\\base_events.py", line 683, in run_forever\n    self._run_once()\n    \u2502    \u2514 <function BaseEventLoop._run_once at 0x000001C71F66E160>\n    \u2514 <ProactorEventLoop running=True closed=False debug=False>\n  File "C:\\Users\\THINKPAD L13\\AppData\\Local\\Programs\\Python\\Python313\\Lib\\asyncio\\base_events.py", line 2042, in _run_once\n    handle._run()\n    \u2502      \u2514 <function Handle._run at 0x000001C71F5AB380>\n    \u2514 <Handle Task.task_wakeup()>\n  File "C:\\Users\\THINKPAD L13\\AppData\\Local\\Programs\\Python\\Python313\\Lib\\asyncio\\events.py", line 89, in _run\n    self._context.run(self._callback, *self._args)\n    \u2502    \u2502            \u2502    \u2502           \u2502    \u2514 <member '_args' of 'Handle' objects>\n    \u2502    \u2502            \u2502    \u2502           \u2514 <Handle Task.task_wakeup()>\n    \u2502    \u2502            \u2502    \u2514 <member '_callback' of 'Handle' objects>\n    \u2502    \u2502            \u2514 <Handle Task.task_wakeup()>\n    \u2502    \u2514 <member '_context' of 'Handle' objects>\n    \u2514 <Handle Task.task_wakeup()>\n\n  File "D:\\projects\\youtube-classifier\\tests\\integration\\test_users.py", line 104, in test_admin_can_list_users\n    resp = await admin_client.get("/api/v1/users")\n                 \u2502            \u2514 <function AsyncClient.get at 0x000001C721F00040>\n                 \u2514 <httpx.AsyncClient object at 0x000001C726C66E90>\n\n  File "D:\\projects\\youtube-classifier\\backend\\.venv\\Lib\\site-packages\\httpx\\_client.py", line 1768, in get\n    return await self.request(\n                 \u2502    \u2514 <function AsyncClient.request at 0x000001C721EF3BA0>\n                 \u2514 <httpx.AsyncClient object at 0x000001C726C66E90>\n  File "D:\\projects\\youtube-classifier\\backend\\.venv\\Lib\\site-packages\\httpx\\_client.py", line 1540, in request\n    return await self.send(request, auth=auth, follow_redirects=follow_redirects)\n                 \u2502    \u2502    \u2502             \u2502                      \u2514 <httpx._client.UseClientDefault object at 0x000001C721ED4980>\n                 \u2502    \u2502    \u2502             \u2514 <httpx._client.UseClientDefault object at 0x000001C721ED4980>\n                 \u2502    \u2502    \u2514 <Request('GET', 'http://test/api/v1/users')>\n                 \u2502    \u2514 <function AsyncClient.send at 0x000001C721EF3D80>\n                 \u2514 <httpx.AsyncClient object at 0x000001C726C66E90>\n  File "D:\\projects\\youtube-classifier\\backend\\.venv\\Lib\\site-packages\\httpx\\_client.py", line 1629, in send\n    response = await self._send_handling_auth(\n                     \u2502    \u2514 <function AsyncClient._send_handling_auth at 0x000001C721EF3E20>\n                     \u2514 <httpx.AsyncClient object at 0x000001C726C66E90>\n  File "D:\\projects\\youtube-classifier\\backend\\.venv\\Lib\\site-packages\\httpx\\_client.py", line 1657, in _send_handling_auth\n    response = await self._send_handling_redirects(\n                     \u2502    \u2514 <function AsyncClient._send_handling_redirects at 0x000001C721EF3EC0>\n                     \u2514 <httpx.AsyncClient object at 0x000001C726C66E90>\n  File "D:\\projects\\youtube-classifier\\backend\\.venv\\Lib\\site-packages\\httpx\\_client.py", line 1694, in _send_handling_redirects\n    response = await self._send_single_request(request)\n                     \u2502    \u2502                    \u2514 <Request('GET', 'http://test/api/v1/users')>\n                     \u2502    \u2514 <function AsyncClient._send_single_request at 0x000001C721EF3F60>\n                     \u2514 <httpx.AsyncClient object at 0x000001C726C66E90>\n  File "D:\\projects\\youtube-classifier\\backend\\.venv\\Lib\\site-packages\\httpx\\_client.py", line 1730, in _send_single_request\n    response = await transport.handle_async_request(request)\n                     \u2502         \u2502                    \u2514 <Request('GET', 'http://test/api/v1/users')>\n                     \u2502         \u2514 <function ASGITransport.handle_async_request at 0x000001C721EE7C40>\n                     \u2514 <httpx.ASGITransport object at 0x000001C726C66990>\n  File "D:\\projects\\youtube-classifier\\backend\\.venv\\Lib\\site-packages\\httpx\\_transports\\asgi.py", line 170, in handle_async_request\n    await self.app(scope, receive, send)\n          \u2502    \u2502   \u2502      \u2502        \u2514 <function ASGITransport.handle_async_request.<locals>.send at 0x000001C726D1F920>\n          \u2502    \u2502   \u2502      \u2514 <function ASGITransport.handle_async_request.<locals>.receive at 0x000001C726C3BA60>\n          \u2502    \u2502   \u2514 {'type': 'http', 'asgi': {'version': '3.0'}, 'http_version': '1.1', 'method': 'GET', 'headers': [(b'host', b'test'), (b'accep...\n          \u2502    \u2514 <fastapi.applications.FastAPI object at 0x000001C726B1DBE0>\n          \u2514 <httpx.ASGITransport object at 0x000001C726C66990>\n  File "D:\\projects\\youtube-classifier\\backend\\.venv\\Lib\\site-packages\\fastapi\\applications.py", line 1054, in __call__\n    await super().__call__(scope, receive, send)\n                           \u2502      \u2502        \u2514 <function ASGITransport.handle_async_request.<locals>.send at 0x000001C726D1F920>\n                           \u2502      \u2514 <function ASGITransport.handle_async_request.<locals>.receive at 0x000001C726C3BA60>\n                           \u2514 {'type': 'http', 'asgi': {'version': '3.0'}, 'http_version': '1.1', 'method': 'GET', 'headers': [(b'host', b'test'), (b'accep...\n  File "D:\\projects\\youtube-classifier\\backend\\.venv\\Lib\\site-packages\\starlette\\applications.py", line 113, in __call__\n    await self.middleware_stack(scope, receive, send)\n          \u2502    \u2502                \u2502      \u2502        \u2514 <function ASGITransport.handle_async_request.<locals>.send at 0x000001C726D1F920>\n          \u2502    \u2502                \u2502      \u2514 <function ASGITransport.handle_async_request.<locals>.receive at 0x000001C726C3BA60>\n          \u2502    \u2502                \u2514 {'type': 'http', 'asgi': {'version': '3.0'}, 'http_version': '1.1', 'method': 'GET', 'headers': [(b'host', b'test'), (b'accep...\n          \u2502    \u2514 <starlette.middleware.errors.ServerErrorMiddleware object at 0x000001C726D39400>\n          \u2514 <fastapi.applications.FastAPI object at 0x000001C726B1DBE0>\n> File "D:\\projects\\youtube-classifier\\backend\\.venv\\Lib\\site-packages\\starlette\\middleware\\errors.py", line 165, in __call__\n    await self.app(scope, receive, _send)\n          \u2502    \u2502   \u2502      \u2502        \u2514 <function ServerErrorMiddleware.__call__.<locals>._send at 0x000001C726D1E8E0>\n          \u2502    \u2502   \u2502      \u2514 <function ASGITransport.handle_async_request.<locals>.receive at 0x000001C726C3BA60>\n          \u2502    \u2502   \u2514 {'type': 'http', 'asgi': {'version': '3.0'}, 'http_version': '1.1', 'method': 'GET', 'headers': [(b'host', b'test'), (b'accep...\n          \u2502    \u2514 <prometheus_fastapi_instrumentator.middleware.PrometheusInstrumentatorMiddleware object at 0x000001C726D38D70>\n          \u2514 <starlette.middleware.errors.ServerErrorMiddleware object at 0x000001C726D39400>\n  File "D:\\projects\\youtube-classifier\\backend\\.venv\\Lib\\site-packages\\prometheus_fastapi_instrumentator\\middleware.py", line 174, in __call__\n    raise exc\n  File "D:\\projects\\youtube-classifier\\backend\\.venv\\Lib\\site-packages\\prometheus_fastapi_instrumentator\\middleware.py", line 172, in __call__\n    await self.app(scope, receive, send_wrapper)\n          \u2502    \u2502   \u2502      \u2502        \u2514 <function PrometheusInstrumentatorMiddleware.__call__.<locals>.send_wrapper at 0x000001C726D1EAC0>\n          \u2502    \u2502   \u2502      \u2514 <function ASGITransport.handle_async_request.<locals>.receive at 0x000001C726C3BA60>\n          \u2502    \u2502   \u2514 {'type': 'http', 'asgi': {'version': '3.0'}, 'http_version': '1.1', 'method': 'GET', 'headers': [(b'host', b'test'), (b'accep...\n          \u2502    \u2514 <starlette.middleware.cors.CORSMiddleware object at 0x000001C726D38C20>\n          \u2514 <prometheus_fastapi_instrumentator.middleware.PrometheusInstrumentatorMiddleware object at 0x000001C726D38D70>\n  File "D:\\projects\\youtube-classifier\\backend\\.venv\\Lib\\site-packages\\starlette\\middleware\\cors.py", line 85, in __call__\n    await self.app(scope, receive, send)\n          \u2502    \u2502   \u2502      \u2502        \u2514 <function PrometheusInstrumentatorMiddleware.__call__.<locals>.send_wrapper at 0x000001C726D1EAC0>\n          \u2502    \u2502   \u2502      \u2514 <function ASGITransport.handle_async_request.<locals>.receive at 0x000001C726C3BA60>\n          \u2502    \u2502   \u2514 {'type': 'http', 'asgi': {'version': '3.0'}, 'http_version': '1.1', 'method': 'GET', 'headers': [(b'host', b'test'), (b'accep...\n          \u2502    \u2514 <api.middleware.rate_limiter.RateLimiterMiddleware object at 0x000001C726D38AD0>\n          \u2514 <starlette.middleware.cors.CORSMiddleware object at 0x000001C726D38C20>\n  File "D:\\projects\\youtube-classifier\\backend\\.venv\\Lib\\site-packages\\starlette\\middleware\\base.py", line 185, in __call__\n    with collapse_excgroups():\n         \u2514 <function collapse_excgroups at 0x000001C7227F8C20>\n  File "C:\\Users\\THINKPAD L13\\AppData\\Local\\Programs\\Python\\Python313\\Lib\\contextlib.py", line 162, in __exit__\n    self.gen.throw(value)\n    \u2502    \u2502   \u2502     \u2514 ExceptionGroup('unhandled errors in a TaskGroup', [TypeError("'coroutine' object is not iterable")])\n    \u2502    \u2502   \u2514 <method 'throw' of 'generator' objects>\n    \u2502    \u2514 <generator object collapse_excgroups at 0x000001C726C51560>\n    \u2514 <contextlib._GeneratorContextManager object at 0x000001C726C1BA10>\n  File "D:\\projects\\youtube-classifier\\backend\\.venv\\Lib\\site-packages\\starlette\\_utils.py", line 82, in collapse_excgroups\n    raise exc\n  File "D:\\projects\\youtube-classifier\\backend\\.venv\\Lib\\site-packages\\starlette\\middleware\\base.py", line 187, in __call__\n    response = await self.dispatch_func(request, call_next)\n                     \u2502    \u2502             \u2502        \u2514 <function BaseHTTPMiddleware.__call__.<locals>.call_next at 0x000001C726D1EE80>\n                     \u2502    \u2502             \u2514 <starlette.middleware.base._CachedRequest object at 0x000001C726C660D0>\n                     \u2502    \u2514 <bound method RateLimiterMiddleware.dispatch of <api.middleware.rate_limiter.RateLimiterMiddleware object at 0x000001C726D38A...\n                     \u2514 <api.middleware.rate_limiter.RateLimiterMiddleware object at 0x000001C726D38AD0>\n\n  File "D:\\projects\\youtube-classifier\\backend\\api\\middleware\\rate_limiter.py", line 95, in dispatch\n    response = await call_next(request)\n                     \u2502         \u2514 <starlette.middleware.base._CachedRequest object at 0x000001C726C660D0>\n                     \u2514 <function BaseHTTPMiddleware.__call__.<locals>.call_next at 0x000001C726D1EE80>\n\n  File "D:\\projects\\youtube-classifier\\backend\\.venv\\Lib\\site-packages\\starlette\\middleware\\base.py", line 163, in call_next\n    raise app_exc\n          \u2514 TypeError("'coroutine' object is not iterable")\n  File "D:\\projects\\youtube-classifier\\backend\\.venv\\Lib\\site-packages\\starlette\\middleware\\base.py", line 149, in coro\n    await self.app(scope, receive_or_disconnect, send_no_error)\n          \u2502    \u2502   \u2502      \u2502                      \u2514 <function BaseHTTPMiddleware.__call__.<locals>.call_next.<locals>.send_no_error at 0x000001C726D1F100>\n          \u2502    \u2502   \u2502      \u2514 <function BaseHTTPMiddleware.__call__.<locals>.call_next.<locals>.receive_or_disconnect at 0x000001C726D1F1A0>\n          \u2502    \u2502   \u2514 {'type': 'http', 'asgi': {'version': '3.0'}, 'http_version': '1.1', 'method': 'GET', 'headers': [(b'host', b'test'), (b'accep...\n          \u2502    \u2514 <starlette.middleware.gzip.GZipMiddleware object at 0x000001C726D38980>\n          \u2514 <api.middleware.rate_limiter.RateLimiterMiddleware object at 0x000001C726D38AD0>\n  File "D:\\projects\\youtube-classifier\\backend\\.venv\\Lib\\site-packages\\starlette\\middleware\\gzip.py", line 20, in __call__\n    await responder(scope, receive, send)\n          \u2502         \u2502      \u2502        \u2514 <function BaseHTTPMiddleware.__call__.<locals>.call_next.<locals>.send_no_error at 0x000001C726D1F100>\n          \u2502         \u2502      \u2514 <function BaseHTTPMiddleware.__call__.<locals>.call_next.<locals>.receive_or_disconnect at 0x000001C726D1F1A0>\n          \u2502         \u2514 {'type': 'http', 'asgi': {'version': '3.0'}, 'http_version': '1.1', 'method': 'GET', 'headers': [(b'host', b'test'), (b'accep...\n          \u2514 <starlette.middleware.gzip.GZipResponder object at 0x000001C726C674D0>\n  File "D:\\projects\\youtube-classifier\\backend\\.venv\\Lib\\site-packages\\starlette\\middleware\\gzip.py", line 39, in __call__\n    await self.app(scope, receive, self.send_with_gzip)\n          \u2502    \u2502   \u2502      \u2502        \u2502    \u2514 <function GZipResponder.send_with_gzip at 0x000001C723A1FCE0>\n          \u2502    \u2502   \u2502      \u2502        \u2514 <starlette.middleware.gzip.GZipResponder object at 0x000001C726C674D0>\n          \u2502    \u2502   \u2502      \u2514 <function BaseHTTPMiddleware.__call__.<locals>.call_next.<locals>.receive_or_disconnect at 0x000001C726D1F1A0>\n          \u2502    \u2502   \u2514 {'type': 'http', 'asgi': {'version': '3.0'}, 'http_version': '1.1', 'method': 'GET', 'headers': [(b'host', b'test'), (b'accep...\n          \u2502    \u2514 <main.create_app.<locals>.CorrelationIDMiddleware object at 0x000001C726D38830>\n          \u2514 <starlette.middleware.gzip.GZipResponder object at 0x000001C726C674D0>\n  File "D:\\projects\\youtube-classifier\\backend\\.venv\\Lib\\site-packages\\starlette\\middleware\\base.py", line 185, in __call__\n    with collapse_excgroups():\n         \u2514 <function collapse_excgroups at 0x000001C7227F8C20>\n  File "C:\\Users\\THINKPAD L13\\AppData\\Local\\Programs\\Python\\Python313\\Lib\\contextlib.py", line 162, in __exit__\n    self.gen.throw(value)\n    \u2502    \u2502   \u2502     \u2514 ExceptionGroup('unhandled errors in a TaskGroup', [TypeError("'coroutine' object is not iterable")])\n    \u2502    \u2502   \u2514 <method 'throw' of 'generator' objects>\n    \u2502    \u2514 <generator object collapse_excgroups at 0x000001C726C518A0>\n    \u2514 <contextlib._GeneratorContextManager object at 0x000001C726C1BB60>\n  File "D:\\projects\\youtube-classifier\\backend\\.venv\\Lib\\site-packages\\starlette\\_utils.py", line 82, in collapse_excgroups\n    raise exc\n  File "D:\\projects\\youtube-classifier\\backend\\.venv\\Lib\\site-packages\\starlette\\middleware\\base.py", line 187, in __call__\n    response = await self.dispatch_func(request, call_next)\n                     \u2502    \u2502             \u2502        \u2514 <function BaseHTTPMiddleware.__call__.<locals>.call_next at 0x000001C726D1FE20>\n                     \u2502    \u2502             \u2514 <starlette.middleware.base._CachedRequest object at 0x000001C726D18FC0>\n                     \u2502    \u2514 <bound method create_app.<locals>.CorrelationIDMiddleware.dispatch of <main.create_app.<locals>.CorrelationIDMiddleware objec...\n                     \u2514 <main.create_app.<locals>.CorrelationIDMiddleware object at 0x000001C726D38830>\n\n  File "D:\\projects\\youtube-classifier\\backend\\main.py", line 86, in dispatch\n    response = await call_next(request)\n                     \u2502         \u2514 <starlette.middleware.base._CachedRequest object at 0x000001C726D18FC0>\n                     \u2514 <function BaseHTTPMiddleware.__call__.<locals>.call_next at 0x000001C726D1FE20>\n\n  File "D:\\projects\\youtube-classifier\\backend\\.venv\\Lib\\site-packages\\starlette\\middleware\\base.py", line 163, in call_next\n    raise app_exc\n          \u2514 TypeError("'coroutine' object is not iterable")\n  File "D:\\projects\\youtube-classifier\\backend\\.venv\\Lib\\site-packages\\starlette\\middleware\\base.py", line 149, in coro\n    await self.app(scope, receive_or_disconnect, send_no_error)\n          \u2502    \u2502   \u2502      \u2502                      \u2514 <function BaseHTTPMiddleware.__call__.<locals>.call_next.<locals>.send_no_error at 0x000001C726D1FC40>\n          \u2502    \u2502   \u2502      \u2514 <function BaseHTTPMiddleware.__call__.<locals>.call_next.<locals>.receive_or_disconnect at 0x000001C726D1FBA0>\n          \u2502    \u2502   \u2514 {'type': 'http', 'asgi': {'version': '3.0'}, 'http_version': '1.1', 'method': 'GET', 'headers': [(b'host', b'test'), (b'accep...\n          \u2502    \u2514 <starlette.middleware.exceptions.ExceptionMiddleware object at 0x000001C726D386E0>\n          \u2514 <main.create_app.<locals>.CorrelationIDMiddleware object at 0x000001C726D38830>\n  File "D:\\projects\\youtube-classifier\\backend\\.venv\\Lib\\site-packages\\starlette\\middleware\\exceptions.py", line 62, in __call__\n    await wrap_app_handling_exceptions(self.app, conn)(scope, receive, send)\n          \u2502                            \u2502    \u2502    \u2502     \u2502      \u2502        \u2514 <function BaseHTTPMiddleware.__call__.<locals>.call_next.<locals>.send_no_error at 0x000001C726D1FC40>\n          \u2502                            \u2502    \u2502    \u2502     \u2502      \u2514 <function BaseHTTPMiddleware.__call__.<locals>.call_next.<locals>.receive_or_disconnect at 0x000001C726D1FBA0>\n          \u2502                            \u2502    \u2502    \u2502     \u2514 {'type': 'http', 'asgi': {'version': '3.0'}, 'http_version': '1.1', 'method': 'GET', 'headers': [(b'host', b'test'), (b'accep...\n          \u2502                            \u2502    \u2502    \u2514 <starlette.requests.Request object at 0x000001C726D19810>\n          \u2502                            \u2502    \u2514 <fastapi.routing.APIRouter object at 0x000001C726BA7650>\n          \u2502                            \u2514 <starlette.middleware.exceptions.ExceptionMiddleware object at 0x000001C726D386E0>\n          \u2514 <function wrap_app_handling_exceptions at 0x000001C722767F60>\n  File "D:\\projects\\youtube-classifier\\backend\\.venv\\Lib\\site-packages\\starlette\\_exception_handler.py", line 53, in wrapped_app\n    raise exc\n  File "D:\\projects\\youtube-classifier\\backend\\.venv\\Lib\\site-packages\\starlette\\_exception_handler.py", line 42, in wrapped_app\n    await app(scope, receive, sender)\n          \u2502   \u2502      \u2502        \u2514 <function wrap_app_handling_exceptions.<locals>.wrapped_app.<locals>.sender at 0x000001C726D64360>\n          \u2502   \u2502      \u2514 <function BaseHTTPMiddleware.__call__.<locals>.call_next.<locals>.receive_or_disconnect at 0x000001C726D1FBA0>\n          \u2502   \u2514 {'type': 'http', 'asgi': {'version': '3.0'}, 'http_version': '1.1', 'method': 'GET', 'headers': [(b'host', b'test'), (b'accep...\n          \u2514 <fastapi.routing.APIRouter object at 0x000001C726BA7650>\n  File "D:\\projects\\youtube-classifier\\backend\\.venv\\Lib\\site-packages\\starlette\\routing.py", line 715, in __call__\n    await self.middleware_stack(scope, receive, send)\n          \u2502    \u2502                \u2502      \u2502        \u2514 <function wrap_app_handling_exceptions.<locals>.wrapped_app.<locals>.sender at 0x000001C726D64360>\n          \u2502    \u2502                \u2502      \u2514 <function BaseHTTPMiddleware.__call__.<locals>.call_next.<locals>.receive_or_disconnect at 0x000001C726D1FBA0>\n          \u2502    \u2502                \u2514 {'type': 'http', 'asgi': {'version': '3.0'}, 'http_version': '1.1', 'method': 'GET', 'headers': [(b'host', b'test'), (b'accep...\n          \u2502    \u2514 <bound method Router.app of <fastapi.routing.APIRouter object at 0x000001C726BA7650>>\n          \u2514 <fastapi.routing.APIRouter object at 0x000001C726BA7650>\n  File "D:\\projects\\youtube-classifier\\backend\\.venv\\Lib\\site-packages\\starlette\\routing.py", line 735, in app\n    await route.handle(scope, receive, send)\n          \u2502     \u2502      \u2502      \u2502        \u2514 <function wrap_app_handling_exceptions.<locals>.wrapped_app.<locals>.sender at 0x000001C726D64360>\n          \u2502     \u2502      \u2502      \u2514 <function BaseHTTPMiddleware.__call__.<locals>.call_next.<locals>.receive_or_disconnect at 0x000001C726D1FBA0>\n          \u2502     \u2502      \u2514 {'type': 'http', 'asgi': {'version': '3.0'}, 'http_version': '1.1', 'method': 'GET', 'headers': [(b'host', b'test'), (b'accep...\n          \u2502     \u2514 <function Route.handle at 0x000001C7227296C0>\n          \u2514 APIRoute(path='/api/v1/users', name='list_users', methods=['GET'])\n  File "D:\\projects\\youtube-classifier\\backend\\.venv\\Lib\\site-packages\\starlette\\routing.py", line 288, in handle\n    await self.app(scope, receive, send)\n          \u2502    \u2502   \u2502      \u2502        \u2514 <function wrap_app_handling_exceptions.<locals>.wrapped_app.<locals>.sender at 0x000001C726D64360>\n          \u2502    \u2502   \u2502      \u2514 <function BaseHTTPMiddleware.__call__.<locals>.call_next.<locals>.receive_or_disconnect at 0x000001C726D1FBA0>\n          \u2502    \u2502   \u2514 {'type': 'http', 'asgi': {'version': '3.0'}, 'http_version': '1.1', 'method': 'GET', 'headers': [(b'host', b'test'), (b'accep...\n          \u2502    \u2514 <function request_response.<locals>.app at 0x000001C726BE5760>\n          \u2514 APIRoute(path='/api/v1/users', name='list_users', methods=['GET'])\n  File "D:\\projects\\youtube-classifier\\backend\\.venv\\Lib\\site-packages\\starlette\\routing.py", line 76, in app\n    await wrap_app_handling_exceptions(app, request)(scope, receive, send)\n          \u2502                            \u2502    \u2502        \u2502      \u2502        \u2514 <function wrap_app_handling_exceptions.<locals>.wrapped_app.<locals>.sender at 0x000001C726D64360>\n          \u2502                            \u2502    \u2502        \u2502      \u2514 <function BaseHTTPMiddleware.__call__.<locals>.call_next.<locals>.receive_or_disconnect at 0x000001C726D1FBA0>\n          \u2502                            \u2502    \u2502        \u2514 {'type': 'http', 'asgi': {'version': '3.0'}, 'http_version': '1.1', 'method': 'GET', 'headers': [(b'host', b'test'), (b'accep...\n          \u2502                            \u2502    \u2514 <starlette.requests.Request object at 0x000001C726C329F0>\n          \u2502                            \u2514 <function request_response.<locals>.app.<locals>.app at 0x000001C726D64400>\n          \u2514 <function wrap_app_handling_exceptions at 0x000001C722767F60>\n  File "D:\\projects\\youtube-classifier\\backend\\.venv\\Lib\\site-packages\\starlette\\_exception_handler.py", line 53, in wrapped_app\n    raise exc\n  File "D:\\projects\\youtube-classifier\\backend\\.venv\\Lib\\site-packages\\starlette\\_exception_handler.py", line 42, in wrapped_app\n    await app(scope, receive, sender)\n          \u2502   \u2502      \u2502        \u2514 <function wrap_app_handling_exceptions.<locals>.wrapped_app.<locals>.sender at 0x000001C726D64540>\n          \u2502   \u2502      \u2514 <function BaseHTTPMiddleware.__call__.<locals>.call_next.<locals>.receive_or_disconnect at 0x000001C726D1FBA0>\n          \u2502   \u2514 {'type': 'http', 'asgi': {'version': '3.0'}, 'http_version': '1.1', 'method': 'GET', 'headers': [(b'host', b'test'), (b'accep...\n          \u2514 <function request_response.<locals>.app.<locals>.app at 0x000001C726D64400>\n  File "D:\\projects\\youtube-classifier\\backend\\.venv\\Lib\\site-packages\\starlette\\routing.py", line 73, in app\n    response = await f(request)\n                     \u2502 \u2514 <starlette.requests.Request object at 0x000001C726C329F0>\n                     \u2514 <function get_request_handler.<locals>.app at 0x000001C726BE5120>\n  File "D:\\projects\\youtube-classifier\\backend\\.venv\\Lib\\site-packages\\fastapi\\routing.py", line 301, in app\n    raw_response = await run_endpoint_function(\n                         \u2514 <function run_endpoint_function at 0x000001C7227291C0>\n  File "D:\\projects\\youtube-classifier\\backend\\.venv\\Lib\\site-packages\\fastapi\\routing.py", line 212, in run_endpoint_function\n    return await dependant.call(**values)\n                 \u2502         \u2502      \u2514 {'db': <AsyncMock id='1954860766544'>, 'page': 1, 'page_size': 20, 'search': None}\n                 \u2502         \u2514 <function list_users at 0x000001C726BE7920>\n                 \u2514 Dependant(path_params=[], query_params=[ModelField(field_info=Query(1), name='page', mode='validation'), ModelField(field_inf...\n\n  File "D:\\projects\\youtube-classifier\\backend\\api\\routes\\users.py", line 56, in list_users\n    user_responses = [UserResponse.model_validate(u) for u in users]\n                      \u2502            \u2502                          \u2514 <coroutine object AsyncMockMixin._execute_mock_call at 0x000001C726B9BB40>\n                      \u2502            \u2514 <classmethod(<function BaseModel.model_validate at 0x000001C722659260>)>\n                      \u2514 <class 'models.schemas.UserResponse'>\n\nTypeError: 'coroutine' object is not iterable
_______________ TestAdminUsersRouter.test_admin_can_update_role _______________
  + Exception Group Traceback (most recent call last):
  |   File "D:\projects\youtube-classifier\backend\.venv\Lib\site-packages\starlette\_utils.py", line 76, in collapse_excgroups
  |     yield
  |   File "D:\projects\youtube-classifier\backend\.venv\Lib\site-packages\starlette\middleware\base.py", line 186, in __call__
  |     async with anyio.create_task_group() as task_group:
  |                ~~~~~~~~~~~~~~~~~~~~~~~^^
  |   File "D:\projects\youtube-classifier\backend\.venv\Lib\site-packages\anyio\_backends\_asyncio.py", line 783, in __aexit__
  |     raise BaseExceptionGroup(
  |         "unhandled errors in a TaskGroup", self._exceptions
  |     ) from None
  | ExceptionGroup: unhandled errors in a TaskGroup (1 sub-exception)
  +-+---------------- 1 ----------------
    | Traceback (most recent call last):
    |   File "D:\projects\youtube-classifier\backend\.venv\Lib\site-packages\_pytest\runner.py", line 341, in from_call
    |     result: TResult | None = func()
    |                              ~~~~^^
    |   File "D:\projects\youtube-classifier\backend\.venv\Lib\site-packages\_pytest\runner.py", line 242, in <lambda>
    |     lambda: runtest_hook(item=item, **kwds), when=when, reraise=reraise
    |             ~~~~~~~~~~~~^^^^^^^^^^^^^^^^^^^
    |   File "D:\projects\youtube-classifier\backend\.venv\Lib\site-packages\pluggy\_hooks.py", line 512, in __call__
    |     return self._hookexec(self.name, self._hookimpls.copy(), kwargs, firstresult)
    |            ~~~~~~~~~~~~~~^^^^^^^^^^^^^^^^^^^^^^^^^^^^^^^^^^^^^^^^^^^^^^^^^^^^^^^^
    |   File "D:\projects\youtube-classifier\backend\.venv\Lib\site-packages\pluggy\_manager.py", line 120, in _hookexec
    |     return self._inner_hookexec(hook_name, methods, kwargs, firstresult)
    |            ~~~~~~~~~~~~~~~~~~~~^^^^^^^^^^^^^^^^^^^^^^^^^^^^^^^^^^^^^^^^^
    |   File "D:\projects\youtube-classifier\backend\.venv\Lib\site-packages\pluggy\_callers.py", line 167, in _multicall
    |     raise exception
    |   File "D:\projects\youtube-classifier\backend\.venv\Lib\site-packages\pluggy\_callers.py", line 139, in _multicall
    |     teardown.throw(exception)
    |     ~~~~~~~~~~~~~~^^^^^^^^^^^
    |   File "D:\projects\youtube-classifier\backend\.venv\Lib\site-packages\_pytest\threadexception.py", line 92, in pytest_runtest_call
    |     yield from thread_exception_runtest_hook()
    |   File "D:\projects\youtube-classifier\backend\.venv\Lib\site-packages\_pytest\threadexception.py", line 68, in thread_exception_runtest_hook
    |     yield
    |   File "D:\projects\youtube-classifier\backend\.venv\Lib\site-packages\pluggy\_callers.py", line 139, in _multicall
    |     teardown.throw(exception)
    |     ~~~~~~~~~~~~~~^^^^^^^^^^^
    |   File "D:\projects\youtube-classifier\backend\.venv\Lib\site-packages\_pytest\unraisableexception.py", line 95, in pytest_runtest_call
    |     yield from unraisable_exception_runtest_hook()
    |   File "D:\projects\youtube-classifier\backend\.venv\Lib\site-packages\_pytest\unraisableexception.py", line 70, in unraisable_exception_runtest_hook
    |     yield
    |   File "D:\projects\youtube-classifier\backend\.venv\Lib\site-packages\pluggy\_callers.py", line 139, in _multicall
    |     teardown.throw(exception)
    |     ~~~~~~~~~~~~~~^^^^^^^^^^^
    |   File "D:\projects\youtube-classifier\backend\.venv\Lib\site-packages\_pytest\logging.py", line 846, in pytest_runtest_call
    |     yield from self._runtest_for(item, "call")
    |   File "D:\projects\youtube-classifier\backend\.venv\Lib\site-packages\_pytest\logging.py", line 829, in _runtest_for
    |     yield
    |   File "D:\projects\youtube-classifier\backend\.venv\Lib\site-packages\pluggy\_callers.py", line 139, in _multicall
    |     teardown.throw(exception)
    |     ~~~~~~~~~~~~~~^^^^^^^^^^^
    |   File "D:\projects\youtube-classifier\backend\.venv\Lib\site-packages\_pytest\capture.py", line 880, in pytest_runtest_call
    |     return (yield)
    |             ^^^^^
    |   File "D:\projects\youtube-classifier\backend\.venv\Lib\site-packages\pluggy\_callers.py", line 139, in _multicall
    |     teardown.throw(exception)
    |     ~~~~~~~~~~~~~~^^^^^^^^^^^
    |   File "D:\projects\youtube-classifier\backend\.venv\Lib\site-packages\_pytest\skipping.py", line 257, in pytest_runtest_call
    |     return (yield)
    |             ^^^^^
    |   File "D:\projects\youtube-classifier\backend\.venv\Lib\site-packages\pluggy\_callers.py", line 121, in _multicall
    |     res = hook_impl.function(*args)
    |   File "D:\projects\youtube-classifier\backend\.venv\Lib\site-packages\_pytest\runner.py", line 174, in pytest_runtest_call
    |     item.runtest()
    |     ~~~~~~~~~~~~^^
    |   File "D:\projects\youtube-classifier\backend\.venv\Lib\site-packages\pytest_asyncio\plugin.py", line 533, in runtest
    |     super().runtest()
    |     ~~~~~~~~~~~~~~~^^
    |   File "D:\projects\youtube-classifier\backend\.venv\Lib\site-packages\_pytest\python.py", line 1627, in runtest
    |     self.ihook.pytest_pyfunc_call(pyfuncitem=self)
    |     ~~~~~~~~~~~~~~~~~~~~~~~~~~~~~^^^^^^^^^^^^^^^^^
    |   File "D:\projects\youtube-classifier\backend\.venv\Lib\site-packages\pluggy\_hooks.py", line 512, in __call__
    |     return self._hookexec(self.name, self._hookimpls.copy(), kwargs, firstresult)
    |            ~~~~~~~~~~~~~~^^^^^^^^^^^^^^^^^^^^^^^^^^^^^^^^^^^^^^^^^^^^^^^^^^^^^^^^
    |   File "D:\projects\youtube-classifier\backend\.venv\Lib\site-packages\pluggy\_manager.py", line 120, in _hookexec
    |     return self._inner_hookexec(hook_name, methods, kwargs, firstresult)
    |            ~~~~~~~~~~~~~~~~~~~~^^^^^^^^^^^^^^^^^^^^^^^^^^^^^^^^^^^^^^^^^
    |   File "D:\projects\youtube-classifier\backend\.venv\Lib\site-packages\pluggy\_callers.py", line 167, in _multicall
    |     raise exception
    |   File "D:\projects\youtube-classifier\backend\.venv\Lib\site-packages\pluggy\_callers.py", line 139, in _multicall
    |     teardown.throw(exception)
    |     ~~~~~~~~~~~~~~^^^^^^^^^^^
    |   File "D:\projects\youtube-classifier\backend\.venv\Lib\site-packages\pluggy\_callers.py", line 53, in run_old_style_hookwrapper
    |     return result.get_result()
    |            ~~~~~~~~~~~~~~~~~^^
    |   File "D:\projects\youtube-classifier\backend\.venv\Lib\site-packages\pluggy\_result.py", line 103, in get_result
    |     raise exc.with_traceback(tb)
    |   File "D:\projects\youtube-classifier\backend\.venv\Lib\site-packages\pluggy\_callers.py", line 38, in run_old_style_hookwrapper
    |     res = yield
    |           ^^^^^
    |   File "D:\projects\youtube-classifier\backend\.venv\Lib\site-packages\pluggy\_callers.py", line 121, in _multicall
    |     res = hook_impl.function(*args)
    |   File "D:\projects\youtube-classifier\backend\.venv\Lib\site-packages\_pytest\python.py", line 159, in pytest_pyfunc_call
    |     result = testfunction(**testargs)
    |   File "D:\projects\youtube-classifier\backend\.venv\Lib\site-packages\pytest_asyncio\plugin.py", line 1052, in inner
    |     _loop.run_until_complete(task)
    |     ~~~~~~~~~~~~~~~~~~~~~~~~^^^^^^
    |   File "C:\Users\THINKPAD L13\AppData\Local\Programs\Python\Python313\Lib\asyncio\base_events.py", line 725, in run_until_complete
    |     return future.result()
    |            ~~~~~~~~~~~~~^^
    |   File "D:\projects\youtube-classifier\tests\integration\test_users.py", line 119, in test_admin_can_update_role
    |     resp = await admin_client.patch(f"/api/v1/users/{target_id}/role", json={"role": "admin"})
    |            ^^^^^^^^^^^^^^^^^^^^^^^^^^^^^^^^^^^^^^^^^^^^^^^^^^^^^^^^^^^^^^^^^^^^^^^^^^^^^^^^^^^
    |   File "D:\projects\youtube-classifier\backend\.venv\Lib\site-packages\httpx\_client.py", line 1933, in patch
    |     return await self.request(
    |            ^^^^^^^^^^^^^^^^^^^
    |     ...<13 lines>...
    |     )
    |     ^
    |   File "D:\projects\youtube-classifier\backend\.venv\Lib\site-packages\httpx\_client.py", line 1540, in request
    |     return await self.send(request, auth=auth, follow_redirects=follow_redirects)
    |            ^^^^^^^^^^^^^^^^^^^^^^^^^^^^^^^^^^^^^^^^^^^^^^^^^^^^^^^^^^^^^^^^^^^^^^
    |   File "D:\projects\youtube-classifier\backend\.venv\Lib\site-packages\httpx\_client.py", line 1629, in send
    |     response = await self._send_handling_auth(
    |                ^^^^^^^^^^^^^^^^^^^^^^^^^^^^^^^
    |     ...<4 lines>...
    |     )
    |     ^
    |   File "D:\projects\youtube-classifier\backend\.venv\Lib\site-packages\httpx\_client.py", line 1657, in _send_handling_auth
    |     response = await self._send_handling_redirects(
    |                ^^^^^^^^^^^^^^^^^^^^^^^^^^^^^^^^^^^^
    |     ...<3 lines>...
    |     )
    |     ^
    |   File "D:\projects\youtube-classifier\backend\.venv\Lib\site-packages\httpx\_client.py", line 1694, in _send_handling_redirects
    |     response = await self._send_single_request(request)
    |                ^^^^^^^^^^^^^^^^^^^^^^^^^^^^^^^^^^^^^^^^
    |   File "D:\projects\youtube-classifier\backend\.venv\Lib\site-packages\httpx\_client.py", line 1730, in _send_single_request
    |     response = await transport.handle_async_request(request)
    |                ^^^^^^^^^^^^^^^^^^^^^^^^^^^^^^^^^^^^^^^^^^^^^
    |   File "D:\projects\youtube-classifier\backend\.venv\Lib\site-packages\httpx\_transports\asgi.py", line 170, in handle_async_request
    |     await self.app(scope, receive, send)
    |   File "D:\projects\youtube-classifier\backend\.venv\Lib\site-packages\fastapi\applications.py", line 1054, in __call__
    |     await super().__call__(scope, receive, send)
    |   File "D:\projects\youtube-classifier\backend\.venv\Lib\site-packages\starlette\applications.py", line 113, in __call__
    |     await self.middleware_stack(scope, receive, send)
    |   File "D:\projects\youtube-classifier\backend\.venv\Lib\site-packages\starlette\middleware\errors.py", line 187, in __call__
    |     raise exc
    |   File "D:\projects\youtube-classifier\backend\.venv\Lib\site-packages\starlette\middleware\errors.py", line 165, in __call__
    |     await self.app(scope, receive, _send)
    |   File "D:\projects\youtube-classifier\backend\.venv\Lib\site-packages\prometheus_fastapi_instrumentator\middleware.py", line 174, in __call__
    |     raise exc
    |   File "D:\projects\youtube-classifier\backend\.venv\Lib\site-packages\prometheus_fastapi_instrumentator\middleware.py", line 172, in __call__
    |     await self.app(scope, receive, send_wrapper)
    |   File "D:\projects\youtube-classifier\backend\.venv\Lib\site-packages\starlette\middleware\cors.py", line 85, in __call__
    |     await self.app(scope, receive, send)
    |   File "D:\projects\youtube-classifier\backend\.venv\Lib\site-packages\starlette\middleware\base.py", line 185, in __call__
    |     with collapse_excgroups():
    |          ~~~~~~~~~~~~~~~~~~^^
    |   File "C:\Users\THINKPAD L13\AppData\Local\Programs\Python\Python313\Lib\contextlib.py", line 162, in __exit__
    |     self.gen.throw(value)
    |     ~~~~~~~~~~~~~~^^^^^^^
    |   File "D:\projects\youtube-classifier\backend\.venv\Lib\site-packages\starlette\_utils.py", line 82, in collapse_excgroups
    |     raise exc
    |   File "D:\projects\youtube-classifier\backend\.venv\Lib\site-packages\starlette\middleware\base.py", line 187, in __call__
    |     response = await self.dispatch_func(request, call_next)
    |                ^^^^^^^^^^^^^^^^^^^^^^^^^^^^^^^^^^^^^^^^^^^^
    |   File "D:\projects\youtube-classifier\backend\api\middleware\rate_limiter.py", line 95, in dispatch
    |     response = await call_next(request)
    |                ^^^^^^^^^^^^^^^^^^^^^^^^
    |   File "D:\projects\youtube-classifier\backend\.venv\Lib\site-packages\starlette\middleware\base.py", line 163, in call_next
    |     raise app_exc
    |   File "D:\projects\youtube-classifier\backend\.venv\Lib\site-packages\starlette\middleware\base.py", line 149, in coro
    |     await self.app(scope, receive_or_disconnect, send_no_error)
    |   File "D:\projects\youtube-classifier\backend\.venv\Lib\site-packages\starlette\middleware\gzip.py", line 20, in __call__
    |     await responder(scope, receive, send)
    |   File "D:\projects\youtube-classifier\backend\.venv\Lib\site-packages\starlette\middleware\gzip.py", line 39, in __call__
    |     await self.app(scope, receive, self.send_with_gzip)
    |   File "D:\projects\youtube-classifier\backend\.venv\Lib\site-packages\starlette\middleware\base.py", line 185, in __call__
    |     with collapse_excgroups():
    |          ~~~~~~~~~~~~~~~~~~^^
    |   File "C:\Users\THINKPAD L13\AppData\Local\Programs\Python\Python313\Lib\contextlib.py", line 162, in __exit__
    |     self.gen.throw(value)
    |     ~~~~~~~~~~~~~~^^^^^^^
    |   File "D:\projects\youtube-classifier\backend\.venv\Lib\site-packages\starlette\_utils.py", line 82, in collapse_excgroups
    |     raise exc
    |   File "D:\projects\youtube-classifier\backend\.venv\Lib\site-packages\starlette\middleware\base.py", line 187, in __call__
    |     response = await self.dispatch_func(request, call_next)
    |                ^^^^^^^^^^^^^^^^^^^^^^^^^^^^^^^^^^^^^^^^^^^^
    |   File "D:\projects\youtube-classifier\backend\main.py", line 86, in dispatch
    |     response = await call_next(request)
    |                ^^^^^^^^^^^^^^^^^^^^^^^^
    |   File "D:\projects\youtube-classifier\backend\.venv\Lib\site-packages\starlette\middleware\base.py", line 163, in call_next
    |     raise app_exc
    |   File "D:\projects\youtube-classifier\backend\.venv\Lib\site-packages\starlette\middleware\base.py", line 149, in coro
    |     await self.app(scope, receive_or_disconnect, send_no_error)
    |   File "D:\projects\youtube-classifier\backend\.venv\Lib\site-packages\starlette\middleware\exceptions.py", line 62, in __call__
    |     await wrap_app_handling_exceptions(self.app, conn)(scope, receive, send)
    |   File "D:\projects\youtube-classifier\backend\.venv\Lib\site-packages\starlette\_exception_handler.py", line 53, in wrapped_app
    |     raise exc
    |   File "D:\projects\youtube-classifier\backend\.venv\Lib\site-packages\starlette\_exception_handler.py", line 42, in wrapped_app
    |     await app(scope, receive, sender)
    |   File "D:\projects\youtube-classifier\backend\.venv\Lib\site-packages\starlette\routing.py", line 715, in __call__
    |     await self.middleware_stack(scope, receive, send)
    |   File "D:\projects\youtube-classifier\backend\.venv\Lib\site-packages\starlette\routing.py", line 735, in app
    |     await route.handle(scope, receive, send)
    |   File "D:\projects\youtube-classifier\backend\.venv\Lib\site-packages\starlette\routing.py", line 288, in handle
    |     await self.app(scope, receive, send)
    |   File "D:\projects\youtube-classifier\backend\.venv\Lib\site-packages\starlette\routing.py", line 76, in app
    |     await wrap_app_handling_exceptions(app, request)(scope, receive, send)
    |   File "D:\projects\youtube-classifier\backend\.venv\Lib\site-packages\starlette\_exception_handler.py", line 53, in wrapped_app
    |     raise exc
    |   File "D:\projects\youtube-classifier\backend\.venv\Lib\site-packages\starlette\_exception_handler.py", line 42, in wrapped_app
    |     await app(scope, receive, sender)
    |   File "D:\projects\youtube-classifier\backend\.venv\Lib\site-packages\starlette\routing.py", line 73, in app
    |     response = await f(request)
    |                ^^^^^^^^^^^^^^^^
    |   File "D:\projects\youtube-classifier\backend\.venv\Lib\site-packages\fastapi\routing.py", line 327, in app
    |     content = await serialize_response(
    |               ^^^^^^^^^^^^^^^^^^^^^^^^^
    |     ...<9 lines>...
    |     )
    |     ^
    |   File "D:\projects\youtube-classifier\backend\.venv\Lib\site-packages\fastapi\routing.py", line 176, in serialize_response
    |     raise ResponseValidationError(
    |         errors=_normalize_errors(errors), body=response_content
    |     )
    | fastapi.exceptions.ResponseValidationError: 1 validation errors:
    |   {'type': 'datetime_type', 'loc': ('response', 'created_at'), 'msg': 'Input should be a valid datetime', 'input': None}
    | 
    +------------------------------------

During handling of the above exception, another exception occurred:

self = <tests.integration.test_users.TestAdminUsersRouter object at 0x000001C726B97230>
admin_client = <httpx.AsyncClient object at 0x000001C726D1AD70>

    async def test_admin_can_update_role(self, admin_client):
        """An admin can update a user's role."""
        target_id = str(uuid.uuid4())
>       resp = await admin_client.patch(f"/api/v1/users/{target_id}/role", json={"role": "admin"})

tests\integration\test_users.py:119: 
_ _ _ _ _ _ _ _ _ _ _ _ _ _ _ _ _ _ _ _ _ _ _ _ _ _ _ _ _ _ _ _ _ _ _ _ _ _ _ _
backend\.venv\Lib\site-packages\httpx\_client.py:1933: in patch
    return await self.request(
backend\.venv\Lib\site-packages\httpx\_client.py:1540: in request
    return await self.send(request, auth=auth, follow_redirects=follow_redirects)
backend\.venv\Lib\site-packages\httpx\_client.py:1629: in send
    response = await self._send_handling_auth(
backend\.venv\Lib\site-packages\httpx\_client.py:1657: in _send_handling_auth
    response = await self._send_handling_redirects(
backend\.venv\Lib\site-packages\httpx\_client.py:1694: in _send_handling_redirects
    response = await self._send_single_request(request)
backend\.venv\Lib\site-packages\httpx\_client.py:1730: in _send_single_request
    response = await transport.handle_async_request(request)
backend\.venv\Lib\site-packages\httpx\_transports\asgi.py:170: in handle_async_request
    await self.app(scope, receive, send)
backend\.venv\Lib\site-packages\fastapi\applications.py:1054: in __call__
    await super().__call__(scope, receive, send)
backend\.venv\Lib\site-packages\starlette\applications.py:113: in __call__
    await self.middleware_stack(scope, receive, send)
backend\.venv\Lib\site-packages\starlette\middleware\errors.py:187: in __call__
    raise exc
backend\.venv\Lib\site-packages\starlette\middleware\errors.py:165: in __call__
    await self.app(scope, receive, _send)
backend\.venv\Lib\site-packages\prometheus_fastapi_instrumentator\middleware.py:174: in __call__
    raise exc
backend\.venv\Lib\site-packages\prometheus_fastapi_instrumentator\middleware.py:172: in __call__
    await self.app(scope, receive, send_wrapper)
backend\.venv\Lib\site-packages\starlette\middleware\cors.py:85: in __call__
    await self.app(scope, receive, send)
backend\.venv\Lib\site-packages\starlette\middleware\base.py:185: in __call__
    with collapse_excgroups():
C:\Users\THINKPAD L13\AppData\Local\Programs\Python\Python313\Lib\contextlib.py:162: in __exit__
    self.gen.throw(value)
backend\.venv\Lib\site-packages\starlette\_utils.py:82: in collapse_excgroups
    raise exc
backend\.venv\Lib\site-packages\starlette\middleware\base.py:187: in __call__
    response = await self.dispatch_func(request, call_next)
backend\api\middleware\rate_limiter.py:95: in dispatch
    response = await call_next(request)
backend\.venv\Lib\site-packages\starlette\middleware\base.py:163: in call_next
    raise app_exc
backend\.venv\Lib\site-packages\starlette\middleware\base.py:149: in coro
    await self.app(scope, receive_or_disconnect, send_no_error)
backend\.venv\Lib\site-packages\starlette\middleware\gzip.py:20: in __call__
    await responder(scope, receive, send)
backend\.venv\Lib\site-packages\starlette\middleware\gzip.py:39: in __call__
    await self.app(scope, receive, self.send_with_gzip)
backend\.venv\Lib\site-packages\starlette\middleware\base.py:185: in __call__
    with collapse_excgroups():
C:\Users\THINKPAD L13\AppData\Local\Programs\Python\Python313\Lib\contextlib.py:162: in __exit__
    self.gen.throw(value)
backend\.venv\Lib\site-packages\starlette\_utils.py:82: in collapse_excgroups
    raise exc
backend\.venv\Lib\site-packages\starlette\middleware\base.py:187: in __call__
    response = await self.dispatch_func(request, call_next)
backend\main.py:86: in dispatch
    response = await call_next(request)
backend\.venv\Lib\site-packages\starlette\middleware\base.py:163: in call_next
    raise app_exc
backend\.venv\Lib\site-packages\starlette\middleware\base.py:149: in coro
    await self.app(scope, receive_or_disconnect, send_no_error)
backend\.venv\Lib\site-packages\starlette\middleware\exceptions.py:62: in __call__
    await wrap_app_handling_exceptions(self.app, conn)(scope, receive, send)
backend\.venv\Lib\site-packages\starlette\_exception_handler.py:53: in wrapped_app
    raise exc
backend\.venv\Lib\site-packages\starlette\_exception_handler.py:42: in wrapped_app
    await app(scope, receive, sender)
backend\.venv\Lib\site-packages\starlette\routing.py:715: in __call__
    await self.middleware_stack(scope, receive, send)
backend\.venv\Lib\site-packages\starlette\routing.py:735: in app
    await route.handle(scope, receive, send)
backend\.venv\Lib\site-packages\starlette\routing.py:288: in handle
    await self.app(scope, receive, send)
backend\.venv\Lib\site-packages\starlette\routing.py:76: in app
    await wrap_app_handling_exceptions(app, request)(scope, receive, send)
backend\.venv\Lib\site-packages\starlette\_exception_handler.py:53: in wrapped_app
    raise exc
backend\.venv\Lib\site-packages\starlette\_exception_handler.py:42: in wrapped_app
    await app(scope, receive, sender)
backend\.venv\Lib\site-packages\starlette\routing.py:73: in app
    response = await f(request)
backend\.venv\Lib\site-packages\fastapi\routing.py:327: in app
    content = await serialize_response(
_ _ _ _ _ _ _ _ _ _ _ _ _ _ _ _ _ _ _ _ _ _ _ _ _ _ _ _ _ _ _ _ _ _ _ _ _ _ _ _

    async def serialize_response(
        *,
        field: Optional[ModelField] = None,
        response_content: Any,
        include: Optional[IncEx] = None,
        exclude: Optional[IncEx] = None,
        by_alias: bool = True,
        exclude_unset: bool = False,
        exclude_defaults: bool = False,
        exclude_none: bool = False,
        is_coroutine: bool = True,
    ) -> Any:
        if field:
            errors = []
            if not hasattr(field, "serialize"):
                # pydantic v1
                response_content = _prepare_response_content(
                    response_content,
                    exclude_unset=exclude_unset,
                    exclude_defaults=exclude_defaults,
                    exclude_none=exclude_none,
                )
            if is_coroutine:
                value, errors_ = field.validate(response_content, {}, loc=("response",))
            else:
                value, errors_ = await run_in_threadpool(
                    field.validate, response_content, {}, loc=("response",)
                )
            if isinstance(errors_, list):
                errors.extend(errors_)
            elif errors_:
                errors.append(errors_)
            if errors:
>               raise ResponseValidationError(
                    errors=_normalize_errors(errors), body=response_content
                )
E               fastapi.exceptions.ResponseValidationError: 1 validation errors:
E                 {'type': 'datetime_type', 'loc': ('response', 'created_at'), 'msg': 'Input should be a valid datetime', 'input': None}

backend\.venv\Lib\site-packages\fastapi\routing.py:176: ResponseValidationError
---------------------------- Captured stderr call -----------------------------
2026-03-02 00:42:05.171 | ERROR    | main:global_exception_handler:165 - Unhandled error on http://test/api/v1/users/462ed531-3397-4e64-b918-08e45aa65679/role: 1 validation errors:\n  {'type': 'datetime_type', 'loc': ('response', 'created_at'), 'msg': 'Input should be a valid datetime', 'input': None}\n\n  + Exception Group Traceback (most recent call last):\n  |\n  |   File "D:\\projects\\youtube-classifier\\backend\\.venv\\Lib\\site-packages\\starlette\\_utils.py", line 76, in collapse_excgroups\n  |     yield\n  |   File "D:\\projects\\youtube-classifier\\backend\\.venv\\Lib\\site-packages\\starlette\\middleware\\base.py", line 186, in __call__\n  |     async with anyio.create_task_group() as task_group:\n  |                \u2502     \u2502                      \u2514 <anyio._backends._asyncio.TaskGroup object at 0x000001C7271968A0>\n  |                \u2502     \u2514 <function create_task_group at 0x000001C71F2365C0>\n  |                \u2514 <module 'anyio' from 'D:\\\\projects\\\\youtube-classifier\\\\backend\\\\.venv\\\\Lib\\\\site-packages\\\\anyio\\\\__init__.py'>\n  |   File "D:\\projects\\youtube-classifier\\backend\\.venv\\Lib\\site-packages\\anyio\\_backends\\_asyncio.py", line 783, in __aexit__\n  |     raise BaseExceptionGroup(\n  |\n  | ExceptionGroup: unhandled errors in a TaskGroup (1 sub-exception)\n  +-+---------------- 1 ----------------\n    | Traceback (most recent call last):\n    |\n    |   File "D:\\projects\\youtube-classifier\\backend\\.venv\\Lib\\site-packages\\starlette\\middleware\\errors.py", line 165, in __call__\n    |     await self.app(scope, receive, _send)\n    |           \u2502    \u2502   \u2502      \u2502        \u2514 <function ServerErrorMiddleware.__call__.<locals>._send at 0x000001C72733F920>\n    |           \u2502    \u2502   \u2502      \u2514 <function ASGITransport.handle_async_request.<locals>.receive at 0x000001C726C3B7E0>\n    |           \u2502    \u2502   \u2514 {'type': 'http', 'asgi': {'version': '3.0'}, 'http_version': '1.1', 'method': 'PATCH', 'headers': [(b'host', b'test'), (b'acc...\n    |           \u2502    \u2514 <prometheus_fastapi_instrumentator.middleware.PrometheusInstrumentatorMiddleware object at 0x000001C726D38D70>\n    |           \u2514 <starlette.middleware.errors.ServerErrorMiddleware object at 0x000001C726D39400>\n    |   File "D:\\projects\\youtube-classifier\\backend\\.venv\\Lib\\site-packages\\prometheus_fastapi_instrumentator\\middleware.py", line 174, in __call__\n    |     raise exc\n    |   File "D:\\projects\\youtube-classifier\\backend\\.venv\\Lib\\site-packages\\prometheus_fastapi_instrumentator\\middleware.py", line 172, in __call__\n    |     await self.app(scope, receive, send_wrapper)\n    |           \u2502    \u2502   \u2502      \u2502        \u2514 <function PrometheusInstrumentatorMiddleware.__call__.<locals>.send_wrapper at 0x000001C72733FB00>\n    |           \u2502    \u2502   \u2502      \u2514 <function ASGITransport.handle_async_request.<locals>.receive at 0x000001C726C3B7E0>\n    |           \u2502    \u2502   \u2514 {'type': 'http', 'asgi': {'version': '3.0'}, 'http_version': '1.1', 'method': 'PATCH', 'headers': [(b'host', b'test'), (b'acc...\n    |           \u2502    \u2514 <starlette.middleware.cors.CORSMiddleware object at 0x000001C726D38C20>\n    |           \u2514 <prometheus_fastapi_instrumentator.middleware.PrometheusInstrumentatorMiddleware object at 0x000001C726D38D70>\n    |   File "D:\\projects\\youtube-classifier\\backend\\.venv\\Lib\\site-packages\\starlette\\middleware\\cors.py", line 85, in __call__\n    |     await self.app(scope, receive, send)\n    |           \u2502    \u2502   \u2502      \u2502        \u2514 <function PrometheusInstrumentatorMiddleware.__call__.<locals>.send_wrapper at 0x000001C72733FB00>\n    |           \u2502    \u2502   \u2502      \u2514 <function ASGITransport.handle_async_request.<locals>.receive at 0x000001C726C3B7E0>\n    |           \u2502    \u2502   \u2514 {'type': 'http', 'asgi': {'version': '3.0'}, 'http_version': '1.1', 'method': 'PATCH', 'headers': [(b'host', b'test'), (b'acc...\n    |           \u2502    \u2514 <api.middleware.rate_limiter.RateLimiterMiddleware object at 0x000001C726D38AD0>\n    |           \u2514 <starlette.middleware.cors.CORSMiddleware object at 0x000001C726D38C20>\n    |   File "D:\\projects\\youtube-classifier\\backend\\.venv\\Lib\\site-packages\\starlette\\middleware\\base.py", line 185, in __call__\n    |     with collapse_excgroups():\n    |          \u2514 <function collapse_excgroups at 0x000001C7227F8C20>\n    |   File "C:\\Users\\THINKPAD L13\\AppData\\Local\\Programs\\Python\\Python313\\Lib\\contextlib.py", line 162, in __exit__\n    |     self.gen.throw(value)\n    |     \u2502    \u2502   \u2502     \u2514 ExceptionGroup('unhandled errors in a TaskGroup', [ResponseValidationError()])\n    |     \u2502    \u2502   \u2514 <method 'throw' of 'generator' objects>\n    |     \u2502    \u2514 <generator object collapse_excgroups at 0x000001C7278D02B0>\n    |     \u2514 <contextlib._GeneratorContextManager object at 0x000001C7273999B0>\n    |   File "D:\\projects\\youtube-classifier\\backend\\.venv\\Lib\\site-packages\\starlette\\_utils.py", line 82, in collapse_excgroups\n    |     raise exc\n    |   File "D:\\projects\\youtube-classifier\\backend\\.venv\\Lib\\site-packages\\starlette\\middleware\\base.py", line 187, in __call__\n    |     response = await self.dispatch_func(request, call_next)\n    |                      \u2502    \u2502             \u2502        \u2514 <function BaseHTTPMiddleware.__call__.<locals>.call_next at 0x000001C72733EE80>\n    |                      \u2502    \u2502             \u2514 <starlette.middleware.base._CachedRequest object at 0x000001C726CEA360>\n    |                      \u2502    \u2514 <bound method RateLimiterMiddleware.dispatch of <api.middleware.rate_limiter.RateLimiterMiddleware object at 0x000001C726D38A...\n    |                      \u2514 <api.middleware.rate_limiter.RateLimiterMiddleware object at 0x000001C726D38AD0>\n    |\n    |   File "D:\\projects\\youtube-classifier\\backend\\api\\middleware\\rate_limiter.py", line 95, in dispatch\n    |     response = await call_next(request)\n    |                      \u2502         \u2514 <starlette.middleware.base._CachedRequest object at 0x000001C726CEA360>\n    |                      \u2514 <function BaseHTTPMiddleware.__call__.<locals>.call_next at 0x000001C72733EE80>\n    |\n    |   File "D:\\projects\\youtube-classifier\\backend\\.venv\\Lib\\site-packages\\starlette\\middleware\\base.py", line 163, in call_next\n    |     raise app_exc\n    |           \u2514 ResponseValidationError()\n    |   File "D:\\projects\\youtube-classifier\\backend\\.venv\\Lib\\site-packages\\starlette\\middleware\\base.py", line 149, in coro\n    |     await self.app(scope, receive_or_disconnect, send_no_error)\n    |           \u2502    \u2502   \u2502      \u2502                      \u2514 <function BaseHTTPMiddleware.__call__.<locals>.call_next.<locals>.send_no_error at 0x000001C72733EAC0>\n    |           \u2502    \u2502   \u2502      \u2514 <function BaseHTTPMiddleware.__call__.<locals>.call_next.<locals>.receive_or_disconnect at 0x000001C726D1F060>\n    |           \u2502    \u2502   \u2514 {'type': 'http', 'asgi': {'version': '3.0'}, 'http_version': '1.1', 'method': 'PATCH', 'headers': [(b'host', b'test'), (b'acc...\n    |           \u2502    \u2514 <starlette.middleware.gzip.GZipMiddleware object at 0x000001C726D38980>\n    |           \u2514 <api.middleware.rate_limiter.RateLimiterMiddleware object at 0x000001C726D38AD0>\n    |   File "D:\\projects\\youtube-classifier\\backend\\.venv\\Lib\\site-packages\\starlette\\middleware\\gzip.py", line 20, in __call__\n    |     await responder(scope, receive, send)\n    |           \u2502         \u2502      \u2502        \u2514 <function BaseHTTPMiddleware.__call__.<locals>.call_next.<locals>.send_no_error at 0x000001C72733EAC0>\n    |           \u2502         \u2502      \u2514 <function BaseHTTPMiddleware.__call__.<locals>.call_next.<locals>.receive_or_disconnect at 0x000001C726D1F060>\n    |           \u2502         \u2514 {'type': 'http', 'asgi': {'version': '3.0'}, 'http_version': '1.1', 'method': 'PATCH', 'headers': [(b'host', b'test'), (b'acc...\n    |           \u2514 <starlette.middleware.gzip.GZipResponder object at 0x000001C72737C9D0>\n    |   File "D:\\projects\\youtube-classifier\\backend\\.venv\\Lib\\site-packages\\starlette\\middleware\\gzip.py", line 39, in __call__\n    |     await self.app(scope, receive, self.send_with_gzip)\n    |           \u2502    \u2502   \u2502      \u2502        \u2502    \u2514 <function GZipResponder.send_with_gzip at 0x000001C723A1FCE0>\n    |           \u2502    \u2502   \u2502      \u2502        \u2514 <starlette.middleware.gzip.GZipResponder object at 0x000001C72737C9D0>\n    |           \u2502    \u2502   \u2502      \u2514 <function BaseHTTPMiddleware.__call__.<locals>.call_next.<locals>.receive_or_disconnect at 0x000001C726D1F060>\n    |           \u2502    \u2502   \u2514 {'type': 'http', 'asgi': {'version': '3.0'}, 'http_version': '1.1', 'method': 'PATCH', 'headers': [(b'host', b'test'), (b'acc...\n    |           \u2502    \u2514 <main.create_app.<locals>.CorrelationIDMiddleware object at 0x000001C726D38830>\n    |           \u2514 <starlette.middleware.gzip.GZipResponder object at 0x000001C72737C9D0>\n    |   File "D:\\projects\\youtube-classifier\\backend\\.venv\\Lib\\site-packages\\starlette\\middleware\\base.py", line 185, in __call__\n    |     with collapse_excgroups():\n    |          \u2514 <function collapse_excgroups at 0x000001C7227F8C20>\n    |   File "C:\\Users\\THINKPAD L13\\AppData\\Local\\Programs\\Python\\Python313\\Lib\\contextlib.py", line 162, in __exit__\n    |     self.gen.throw(value)\n    |     \u2502    \u2502   \u2502     \u2514 ExceptionGroup('unhandled errors in a TaskGroup', [ResponseValidationError()])\n    |     \u2502    \u2502   \u2514 <method 'throw' of 'generator' objects>\n    |     \u2502    \u2514 <generator object collapse_excgroups at 0x000001C7278D0380>\n    |     \u2514 <contextlib._GeneratorContextManager object at 0x000001C727399160>\n    |   File "D:\\projects\\youtube-classifier\\backend\\.venv\\Lib\\site-packages\\starlette\\_utils.py", line 82, in collapse_excgroups\n    |     raise exc\n    |   File "D:\\projects\\youtube-classifier\\backend\\.venv\\Lib\\site-packages\\starlette\\middleware\\base.py", line 187, in __call__\n    |     response = await self.dispatch_func(request, call_next)\n    |                      \u2502    \u2502             \u2502        \u2514 <function BaseHTTPMiddleware.__call__.<locals>.call_next at 0x000001C72733F2E0>\n    |                      \u2502    \u2502             \u2514 <starlette.middleware.base._CachedRequest object at 0x000001C726CEB350>\n    |                      \u2502    \u2514 <bound method create_app.<locals>.CorrelationIDMiddleware.dispatch of <main.create_app.<locals>.CorrelationIDMiddleware objec...\n    |                      \u2514 <main.create_app.<locals>.CorrelationIDMiddleware object at 0x000001C726D38830>\n    |\n    |   File "D:\\projects\\youtube-classifier\\backend\\main.py", line 86, in dispatch\n    |     response = await call_next(request)\n    |                      \u2502         \u2514 <starlette.middleware.base._CachedRequest object at 0x000001C726CEB350>\n    |                      \u2514 <function BaseHTTPMiddleware.__call__.<locals>.call_next at 0x000001C72733F2E0>\n    |\n    |   File "D:\\projects\\youtube-classifier\\backend\\.venv\\Lib\\site-packages\\starlette\\middleware\\base.py", line 163, in call_next\n    |     raise app_exc\n    |           \u2514 ResponseValidationError()\n    |   File "D:\\projects\\youtube-classifier\\backend\\.venv\\Lib\\site-packages\\starlette\\middleware\\base.py", line 149, in coro\n    |     await self.app(scope, receive_or_disconnect, send_no_error)\n    |           \u2502    \u2502   \u2502      \u2502                      \u2514 <function BaseHTTPMiddleware.__call__.<locals>.call_next.<locals>.send_no_error at 0x000001C72733ED40>\n    |           \u2502    \u2502   \u2502      \u2514 <function BaseHTTPMiddleware.__call__.<locals>.call_next.<locals>.receive_or_disconnect at 0x000001C72733F240>\n    |           \u2502    \u2502   \u2514 {'type': 'http', 'asgi': {'version': '3.0'}, 'http_version': '1.1', 'method': 'PATCH', 'headers': [(b'host', b'test'), (b'acc...\n    |           \u2502    \u2514 <starlette.middleware.exceptions.ExceptionMiddleware object at 0x000001C726D386E0>\n    |           \u2514 <main.create_app.<locals>.CorrelationIDMiddleware object at 0x000001C726D38830>\n    |   File "D:\\projects\\youtube-classifier\\backend\\.venv\\Lib\\site-packages\\starlette\\middleware\\exceptions.py", line 62, in __call__\n    |     await wrap_app_handling_exceptions(self.app, conn)(scope, receive, send)\n    |           \u2502                            \u2502    \u2502    \u2502     \u2502      \u2502        \u2514 <function BaseHTTPMiddleware.__call__.<locals>.call_next.<locals>.send_no_error at 0x000001C72733ED40>\n    |           \u2502                            \u2502    \u2502    \u2502     \u2502      \u2514 <function BaseHTTPMiddleware.__call__.<locals>.call_next.<locals>.receive_or_disconnect at 0x000001C72733F240>\n    |           \u2502                            \u2502    \u2502    \u2502     \u2514 {'type': 'http', 'asgi': {'version': '3.0'}, 'http_version': '1.1', 'method': 'PATCH', 'headers': [(b'host', b'test'), (b'acc...\n    |           \u2502                            \u2502    \u2502    \u2514 <starlette.requests.Request object at 0x000001C727196E40>\n    |           \u2502                            \u2502    \u2514 <fastapi.routing.APIRouter object at 0x000001C726BA7650>\n    |           \u2502                            \u2514 <starlette.middleware.exceptions.ExceptionMiddleware object at 0x000001C726D386E0>\n    |           \u2514 <function wrap_app_handling_exceptions at 0x000001C722767F60>\n    |   File "D:\\projects\\youtube-classifier\\backend\\.venv\\Lib\\site-packages\\starlette\\_exception_handler.py", line 53, in wrapped_app\n    |     raise exc\n    |   File "D:\\projects\\youtube-classifier\\backend\\.venv\\Lib\\site-packages\\starlette\\_exception_handler.py", line 42, in wrapped_app\n    |     await app(scope, receive, sender)\n    |           \u2502   \u2502      \u2502        \u2514 <function wrap_app_handling_exceptions.<locals>.wrapped_app.<locals>.sender at 0x000001C72733FF60>\n    |           \u2502   \u2502      \u2514 <function BaseHTTPMiddleware.__call__.<locals>.call_next.<locals>.receive_or_disconnect at 0x000001C72733F240>\n    |           \u2502   \u2514 {'type': 'http', 'asgi': {'version': '3.0'}, 'http_version': '1.1', 'method': 'PATCH', 'headers': [(b'host', b'test'), (b'acc...\n    |           \u2514 <fastapi.routing.APIRouter object at 0x000001C726BA7650>\n    |   File "D:\\projects\\youtube-classifier\\backend\\.venv\\Lib\\site-packages\\starlette\\routing.py", line 715, in __call__\n    |     await self.middleware_stack(scope, receive, send)\n    |           \u2502    \u2502                \u2502      \u2502        \u2514 <function wrap_app_handling_exceptions.<locals>.wrapped_app.<locals>.sender at 0x000001C72733FF60>\n    |           \u2502    \u2502                \u2502      \u2514 <function BaseHTTPMiddleware.__call__.<locals>.call_next.<locals>.receive_or_disconnect at 0x000001C72733F240>\n    |           \u2502    \u2502                \u2514 {'type': 'http', 'asgi': {'version': '3.0'}, 'http_version': '1.1', 'method': 'PATCH', 'headers': [(b'host', b'test'), (b'acc...\n    |           \u2502    \u2514 <bound method Router.app of <fastapi.routing.APIRouter object at 0x000001C726BA7650>>\n    |           \u2514 <fastapi.routing.APIRouter object at 0x000001C726BA7650>\n    |   File "D:\\projects\\youtube-classifier\\backend\\.venv\\Lib\\site-packages\\starlette\\routing.py", line 735, in app\n    |     await route.handle(scope, receive, send)\n    |           \u2502     \u2502      \u2502      \u2502        \u2514 <function wrap_app_handling_exceptions.<locals>.wrapped_app.<locals>.sender at 0x000001C72733FF60>\n    |           \u2502     \u2502      \u2502      \u2514 <function BaseHTTPMiddleware.__call__.<locals>.call_next.<locals>.receive_or_disconnect at 0x000001C72733F240>\n    |           \u2502     \u2502      \u2514 {'type': 'http', 'asgi': {'version': '3.0'}, 'http_version': '1.1', 'method': 'PATCH', 'headers': [(b'host', b'test'), (b'acc...\n    |           \u2502     \u2514 <function Route.handle at 0x000001C7227296C0>\n    |           \u2514 APIRoute(path='/api/v1/users/{user_id}/role', name='update_user_role', methods=['PATCH'])\n    |   File "D:\\projects\\youtube-classifier\\backend\\.venv\\Lib\\site-packages\\starlette\\routing.py", line 288, in handle\n    |     await self.app(scope, receive, send)\n    |           \u2502    \u2502   \u2502      \u2502        \u2514 <function wrap_app_handling_exceptions.<locals>.wrapped_app.<locals>.sender at 0x000001C72733FF60>\n    |           \u2502    \u2502   \u2502      \u2514 <function BaseHTTPMiddleware.__call__.<locals>.call_next.<locals>.receive_or_disconnect at 0x000001C72733F240>\n    |           \u2502    \u2502   \u2514 {'type': 'http', 'asgi': {'version': '3.0'}, 'http_version': '1.1', 'method': 'PATCH', 'headers': [(b'host', b'test'), (b'acc...\n    |           \u2502    \u2514 <function request_response.<locals>.app at 0x000001C726C38B80>\n    |           \u2514 APIRoute(path='/api/v1/users/{user_id}/role', name='update_user_role', methods=['PATCH'])\n    |   File "D:\\projects\\youtube-classifier\\backend\\.venv\\Lib\\site-packages\\starlette\\routing.py", line 76, in app\n    |     await wrap_app_handling_exceptions(app, request)(scope, receive, send)\n    |           \u2502                            \u2502    \u2502        \u2502      \u2502        \u2514 <function wrap_app_handling_exceptions.<locals>.wrapped_app.<locals>.sender at 0x000001C72733FF60>\n    |           \u2502                            \u2502    \u2502        \u2502      \u2514 <function BaseHTTPMiddleware.__call__.<locals>.call_next.<locals>.receive_or_disconnect at 0x000001C72733F240>\n    |           \u2502                            \u2502    \u2502        \u2514 {'type': 'http', 'asgi': {'version': '3.0'}, 'http_version': '1.1', 'method': 'PATCH', 'headers': [(b'host', b'test'), (b'acc...\n    |           \u2502                            \u2502    \u2514 <starlette.requests.Request object at 0x000001C7272E4E50>\n    |           \u2502                            \u2514 <function request_response.<locals>.app.<locals>.app at 0x000001C72733FCE0>\n    |           \u2514 <function wrap_app_handling_exceptions at 0x000001C722767F60>\n    |   File "D:\\projects\\youtube-classifier\\backend\\.venv\\Lib\\site-packages\\starlette\\_exception_handler.py", line 53, in wrapped_app\n    |     raise exc\n    |   File "D:\\projects\\youtube-classifier\\backend\\.venv\\Lib\\site-packages\\starlette\\_exception_handler.py", line 42, in wrapped_app\n    |     await app(scope, receive, sender)\n    |           \u2502   \u2502      \u2502        \u2514 <function wrap_app_handling_exceptions.<locals>.wrapped_app.<locals>.sender at 0x000001C72733F6A0>\n    |           \u2502   \u2502      \u2514 <function BaseHTTPMiddleware.__call__.<locals>.call_next.<locals>.receive_or_disconnect at 0x000001C72733F240>\n    |           \u2502   \u2514 {'type': 'http', 'asgi': {'version': '3.0'}, 'http_version': '1.1', 'method': 'PATCH', 'headers': [(b'host', b'test'), (b'acc...\n    |           \u2514 <function request_response.<locals>.app.<locals>.app at 0x000001C72733FCE0>\n    |   File "D:\\projects\\youtube-classifier\\backend\\.venv\\Lib\\site-packages\\starlette\\routing.py", line 73, in app\n    |     response = await f(request)\n    |                      \u2502 \u2514 <starlette.requests.Request object at 0x000001C7272E4E50>\n    |                      \u2514 <function get_request_handler.<locals>.app at 0x000001C726C38C20>\n    |   File "D:\\projects\\youtube-classifier\\backend\\.venv\\Lib\\site-packages\\fastapi\\routing.py", line 327, in app\n    |     content = await serialize_response(\n    |                     \u2514 <function serialize_response at 0x000001C722767600>\n    |   File "D:\\projects\\youtube-classifier\\backend\\.venv\\Lib\\site-packages\\fastapi\\routing.py", line 176, in serialize_response\n    |     raise ResponseValidationError(\n    |           \u2514 <class 'fastapi.exceptions.ResponseValidationError'>\n    |\n    | fastapi.exceptions.ResponseValidationError: 1 validation errors:\n    |   {'type': 'datetime_type', 'loc': ('response', 'created_at'), 'msg': 'Input should be a valid datetime', 'input': None}\n    |\n    +------------------------------------\n\n\nDuring handling of the above exception, another exception occurred:\n\n\nTraceback (most recent call last):\n\n  File "<frozen runpy>", line 198, in _run_module_as_main\n  File "<frozen runpy>", line 88, in _run_code\n\n  File "D:\\projects\\youtube-classifier\\backend\\.venv\\Scripts\\pytest.exe\\__main__.py", line 5, in <module>\n\n  File "D:\\projects\\youtube-classifier\\backend\\.venv\\Lib\\site-packages\\_pytest\\config\\__init__.py", line 201, in console_main\n    code = main()\n           \u2514 <function main at 0x000001C71EDD94E0>\n  File "D:\\projects\\youtube-classifier\\backend\\.venv\\Lib\\site-packages\\_pytest\\config\\__init__.py", line 175, in main\n    ret: ExitCode | int = config.hook.pytest_cmdline_main(config=config)\n         \u2502                \u2502      \u2502    \u2502                          \u2514 <_pytest.config.Config object at 0x000001C71F069D30>\n         \u2502                \u2502      \u2502    \u2514 <HookCaller 'pytest_cmdline_main'>\n         \u2502                \u2502      \u2514 <_pytest.config.compat.PathAwareHookProxy object at 0x000001C71F06A270>\n         \u2502                \u2514 <_pytest.config.Config object at 0x000001C71F069D30>\n         \u2514 <enum 'ExitCode'>\n  File "D:\\projects\\youtube-classifier\\backend\\.venv\\Lib\\site-packages\\pluggy\\_hooks.py", line 512, in __call__\n    return self._hookexec(self.name, self._hookimpls.copy(), kwargs, firstresult)\n           \u2502    \u2502         \u2502    \u2502     \u2502    \u2502                  \u2502       \u2514 True\n           \u2502    \u2502         \u2502    \u2502     \u2502    \u2502                  \u2514 {'config': <_pytest.config.Config object at 0x000001C71F069D30>}\n           \u2502    \u2502         \u2502    \u2502     \u2502    \u2514 <member '_hookimpls' of 'HookCaller' objects>\n           \u2502    \u2502         \u2502    \u2502     \u2514 <HookCaller 'pytest_cmdline_main'>\n           \u2502    \u2502         \u2502    \u2514 <member 'name' of 'HookCaller' objects>\n           \u2502    \u2502         \u2514 <HookCaller 'pytest_cmdline_main'>\n           \u2502    \u2514 <member '_hookexec' of 'HookCaller' objects>\n           \u2514 <HookCaller 'pytest_cmdline_main'>\n  File "D:\\projects\\youtube-classifier\\backend\\.venv\\Lib\\site-packages\\pluggy\\_manager.py", line 120, in _hookexec\n    return self._inner_hookexec(hook_name, methods, kwargs, firstresult)\n           \u2502    \u2502               \u2502          \u2502        \u2502       \u2514 True\n           \u2502    \u2502               \u2502          \u2502        \u2514 {'config': <_pytest.config.Config object at 0x000001C71F069D30>}\n           \u2502    \u2502               \u2502          \u2514 [<HookImpl plugin_name='main', plugin=<module '_pytest.main' from 'D:\\\\projects\\\\youtube-classifier\\\\backend\\\\.venv\\\\Lib\\\\sit...\n           \u2502    \u2502               \u2514 'pytest_cmdline_main'\n           \u2502    \u2514 <function _multicall at 0x000001C71E7A4F40>\n           \u2514 <_pytest.config.PytestPluginManager object at 0x000001C71EF07770>\n  File "D:\\projects\\youtube-classifier\\backend\\.venv\\Lib\\site-packages\\pluggy\\_callers.py", line 121, in _multicall\n    res = hook_impl.function(*args)\n          \u2502         \u2502         \u2514 [<_pytest.config.Config object at 0x000001C71F069D30>]\n          \u2502         \u2514 <member 'function' of 'HookImpl' objects>\n          \u2514 <HookImpl plugin_name='main', plugin=<module '_pytest.main' from 'D:\\\\projects\\\\youtube-classifier\\\\backend\\\\.venv\\\\Lib\\\\site...\n  File "D:\\projects\\youtube-classifier\\backend\\.venv\\Lib\\site-packages\\_pytest\\main.py", line 330, in pytest_cmdline_main\n    return wrap_session(config, _main)\n           \u2502            \u2502       \u2514 <function _main at 0x000001C71EE62DE0>\n           \u2502            \u2514 <_pytest.config.Config object at 0x000001C71F069D30>\n           \u2514 <function wrap_session at 0x000001C71EE62CA0>\n  File "D:\\projects\\youtube-classifier\\backend\\.venv\\Lib\\site-packages\\_pytest\\main.py", line 283, in wrap_session\n    session.exitstatus = doit(config, session) or 0\n    \u2502       \u2502            \u2502    \u2502       \u2514 <Session  exitstatus=<ExitCode.OK: 0> testsfailed=1 testscollected=6>\n    \u2502       \u2502            \u2502    \u2514 <_pytest.config.Config object at 0x000001C71F069D30>\n    \u2502       \u2502            \u2514 <function _main at 0x000001C71EE62DE0>\n    \u2502       \u2514 <ExitCode.OK: 0>\n    \u2514 <Session  exitstatus=<ExitCode.OK: 0> testsfailed=1 testscollected=6>\n  File "D:\\projects\\youtube-classifier\\backend\\.venv\\Lib\\site-packages\\_pytest\\main.py", line 337, in _main\n    config.hook.pytest_runtestloop(session=session)\n    \u2502      \u2502    \u2502                          \u2514 <Session  exitstatus=<ExitCode.OK: 0> testsfailed=1 testscollected=6>\n    \u2502      \u2502    \u2514 <HookCaller 'pytest_runtestloop'>\n    \u2502      \u2514 <_pytest.config.compat.PathAwareHookProxy object at 0x000001C71F06A270>\n    \u2514 <_pytest.config.Config object at 0x000001C71F069D30>\n  File "D:\\projects\\youtube-classifier\\backend\\.venv\\Lib\\site-packages\\pluggy\\_hooks.py", line 512, in __call__\n    return self._hookexec(self.name, self._hookimpls.copy(), kwargs, firstresult)\n           \u2502    \u2502         \u2502    \u2502     \u2502    \u2502                  \u2502       \u2514 True\n           \u2502    \u2502         \u2502    \u2502     \u2502    \u2502                  \u2514 {'session': <Session  exitstatus=<ExitCode.OK: 0> testsfailed=1 testscollected=6>}\n           \u2502    \u2502         \u2502    \u2502     \u2502    \u2514 <member '_hookimpls' of 'HookCaller' objects>\n           \u2502    \u2502         \u2502    \u2502     \u2514 <HookCaller 'pytest_runtestloop'>\n           \u2502    \u2502         \u2502    \u2514 <member 'name' of 'HookCaller' objects>\n           \u2502    \u2502         \u2514 <HookCaller 'pytest_runtestloop'>\n           \u2502    \u2514 <member '_hookexec' of 'HookCaller' objects>\n           \u2514 <HookCaller 'pytest_runtestloop'>\n  File "D:\\projects\\youtube-classifier\\backend\\.venv\\Lib\\site-packages\\pluggy\\_manager.py", line 120, in _hookexec\n    return self._inner_hookexec(hook_name, methods, kwargs, firstresult)\n           \u2502    \u2502               \u2502          \u2502        \u2502       \u2514 True\n           \u2502    \u2502               \u2502          \u2502        \u2514 {'session': <Session  exitstatus=<ExitCode.OK: 0> testsfailed=1 testscollected=6>}\n           \u2502    \u2502               \u2502          \u2514 [<HookImpl plugin_name='main', plugin=<module '_pytest.main' from 'D:\\\\projects\\\\youtube-classifier\\\\backend\\\\.venv\\\\Lib\\\\sit...\n           \u2502    \u2502               \u2514 'pytest_runtestloop'\n           \u2502    \u2514 <function _multicall at 0x000001C71E7A4F40>\n           \u2514 <_pytest.config.PytestPluginManager object at 0x000001C71EF07770>\n  File "D:\\projects\\youtube-classifier\\backend\\.venv\\Lib\\site-packages\\pluggy\\_callers.py", line 121, in _multicall\n    res = hook_impl.function(*args)\n          \u2502         \u2502         \u2514 [<Session  exitstatus=<ExitCode.OK: 0> testsfailed=1 testscollected=6>]\n          \u2502         \u2514 <member 'function' of 'HookImpl' objects>\n          \u2514 <HookImpl plugin_name='main', plugin=<module '_pytest.main' from 'D:\\\\projects\\\\youtube-classifier\\\\backend\\\\.venv\\\\Lib\\\\site...\n  File "D:\\projects\\youtube-classifier\\backend\\.venv\\Lib\\site-packages\\_pytest\\main.py", line 362, in pytest_runtestloop\n    item.config.hook.pytest_runtest_protocol(item=item, nextitem=nextitem)\n    \u2502    \u2502                                        \u2502              \u2514 <Coroutine test_standard_user_cannot_update_status>\n    \u2502    \u2502                                        \u2514 <Coroutine test_admin_can_update_role>\n    \u2502    \u2514 <member 'config' of 'Node' objects>\n    \u2514 <Coroutine test_admin_can_update_role>\n  File "D:\\projects\\youtube-classifier\\backend\\.venv\\Lib\\site-packages\\pluggy\\_hooks.py", line 512, in __call__\n    return self._hookexec(self.name, self._hookimpls.copy(), kwargs, firstresult)\n           \u2502    \u2502         \u2502    \u2502     \u2502    \u2502                  \u2502       \u2514 True\n           \u2502    \u2502         \u2502    \u2502     \u2502    \u2502                  \u2514 {'item': <Coroutine test_admin_can_update_role>, 'nextitem': <Coroutine test_standard_user_cannot_update_status>}\n           \u2502    \u2502         \u2502    \u2502     \u2502    \u2514 <member '_hookimpls' of 'HookCaller' objects>\n           \u2502    \u2502         \u2502    \u2502     \u2514 <HookCaller 'pytest_runtest_protocol'>\n           \u2502    \u2502         \u2502    \u2514 <member 'name' of 'HookCaller' objects>\n           \u2502    \u2502         \u2514 <HookCaller 'pytest_runtest_protocol'>\n           \u2502    \u2514 <member '_hookexec' of 'HookCaller' objects>\n           \u2514 <HookCaller 'pytest_runtest_protocol'>\n  File "D:\\projects\\youtube-classifier\\backend\\.venv\\Lib\\site-packages\\pluggy\\_manager.py", line 120, in _hookexec\n    return self._inner_hookexec(hook_name, methods, kwargs, firstresult)\n           \u2502    \u2502               \u2502          \u2502        \u2502       \u2514 True\n           \u2502    \u2502               \u2502          \u2502        \u2514 {'item': <Coroutine test_admin_can_update_role>, 'nextitem': <Coroutine test_standard_user_cannot_update_status>}\n           \u2502    \u2502               \u2502          \u2514 [<HookImpl plugin_name='runner', plugin=<module '_pytest.runner' from 'D:\\\\projects\\\\youtube-classifier\\\\backend\\\\.venv\\\\Lib\\...\n           \u2502    \u2502               \u2514 'pytest_runtest_protocol'\n           \u2502    \u2514 <function _multicall at 0x000001C71E7A4F40>\n           \u2514 <_pytest.config.PytestPluginManager object at 0x000001C71EF07770>\n  File "D:\\projects\\youtube-classifier\\backend\\.venv\\Lib\\site-packages\\pluggy\\_callers.py", line 121, in _multicall\n    res = hook_impl.function(*args)\n          \u2502         \u2502         \u2514 [<Coroutine test_admin_can_update_role>, <Coroutine test_standard_user_cannot_update_status>]\n          \u2502         \u2514 <member 'function' of 'HookImpl' objects>\n          \u2514 <HookImpl plugin_name='runner', plugin=<module '_pytest.runner' from 'D:\\\\projects\\\\youtube-classifier\\\\backend\\\\.venv\\\\Lib\\\\...\n  File "D:\\projects\\youtube-classifier\\backend\\.venv\\Lib\\site-packages\\_pytest\\runner.py", line 113, in pytest_runtest_protocol\n    runtestprotocol(item, nextitem=nextitem)\n    \u2502               \u2502              \u2514 <Coroutine test_standard_user_cannot_update_status>\n    \u2502               \u2514 <Coroutine test_admin_can_update_role>\n    \u2514 <function runtestprotocol at 0x000001C71EE61EE0>\n  File "D:\\projects\\youtube-classifier\\backend\\.venv\\Lib\\site-packages\\_pytest\\runner.py", line 132, in runtestprotocol\n    reports.append(call_and_report(item, "call", log))\n    \u2502       \u2502      \u2502               \u2502             \u2514 True\n    \u2502       \u2502      \u2502               \u2514 <Coroutine test_admin_can_update_role>\n    \u2502       \u2502      \u2514 <function call_and_report at 0x000001C71EE62340>\n    \u2502       \u2514 <method 'append' of 'list' objects>\n    \u2514 [<TestReport 'tests/integration/test_users.py::TestAdminUsersRouter::test_admin_can_update_role' when='setup' outcome='passed'>]\n  File "D:\\projects\\youtube-classifier\\backend\\.venv\\Lib\\site-packages\\_pytest\\runner.py", line 241, in call_and_report\n    call = CallInfo.from_call(\n           \u2502        \u2514 <classmethod(<function CallInfo.from_call at 0x000001C71EE62660>)>\n           \u2514 <class '_pytest.runner.CallInfo'>\n  File "D:\\projects\\youtube-classifier\\backend\\.venv\\Lib\\site-packages\\_pytest\\runner.py", line 341, in from_call\n    result: TResult | None = func()\n            \u2502                \u2514 <function call_and_report.<locals>.<lambda> at 0x000001C726D1F2E0>\n            \u2514 +TResult\n  File "D:\\projects\\youtube-classifier\\backend\\.venv\\Lib\\site-packages\\_pytest\\runner.py", line 242, in <lambda>\n    lambda: runtest_hook(item=item, **kwds), when=when, reraise=reraise\n            \u2502                 \u2502       \u2514 {}\n            \u2502                 \u2514 <Coroutine test_admin_can_update_role>\n            \u2514 <HookCaller 'pytest_runtest_call'>\n  File "D:\\projects\\youtube-classifier\\backend\\.venv\\Lib\\site-packages\\pluggy\\_hooks.py", line 512, in __call__\n    return self._hookexec(self.name, self._hookimpls.copy(), kwargs, firstresult)\n           \u2502    \u2502         \u2502    \u2502     \u2502    \u2502                  \u2502       \u2514 False\n           \u2502    \u2502         \u2502    \u2502     \u2502    \u2502                  \u2514 {'item': <Coroutine test_admin_can_update_role>}\n           \u2502    \u2502         \u2502    \u2502     \u2502    \u2514 <member '_hookimpls' of 'HookCaller' objects>\n           \u2502    \u2502         \u2502    \u2502     \u2514 <HookCaller 'pytest_runtest_call'>\n           \u2502    \u2502         \u2502    \u2514 <member 'name' of 'HookCaller' objects>\n           \u2502    \u2502         \u2514 <HookCaller 'pytest_runtest_call'>\n           \u2502    \u2514 <member '_hookexec' of 'HookCaller' objects>\n           \u2514 <HookCaller 'pytest_runtest_call'>\n  File "D:\\projects\\youtube-classifier\\backend\\.venv\\Lib\\site-packages\\pluggy\\_manager.py", line 120, in _hookexec\n    return self._inner_hookexec(hook_name, methods, kwargs, firstresult)\n           \u2502    \u2502               \u2502          \u2502        \u2502       \u2514 False\n           \u2502    \u2502               \u2502          \u2502        \u2514 {'item': <Coroutine test_admin_can_update_role>}\n           \u2502    \u2502               \u2502          \u2514 [<HookImpl plugin_name='runner', plugin=<module '_pytest.runner' from 'D:\\\\projects\\\\youtube-classifier\\\\backend\\\\.venv\\\\Lib\\...\n           \u2502    \u2502               \u2514 'pytest_runtest_call'\n           \u2502    \u2514 <function _multicall at 0x000001C71E7A4F40>\n           \u2514 <_pytest.config.PytestPluginManager object at 0x000001C71EF07770>\n  File "D:\\projects\\youtube-classifier\\backend\\.venv\\Lib\\site-packages\\pluggy\\_callers.py", line 121, in _multicall\n    res = hook_impl.function(*args)\n          \u2502         \u2502         \u2514 [<Coroutine test_admin_can_update_role>]\n          \u2502         \u2514 <member 'function' of 'HookImpl' objects>\n          \u2514 <HookImpl plugin_name='runner', plugin=<module '_pytest.runner' from 'D:\\\\projects\\\\youtube-classifier\\\\backend\\\\.venv\\\\Lib\\\\...\n  File "D:\\projects\\youtube-classifier\\backend\\.venv\\Lib\\site-packages\\_pytest\\runner.py", line 174, in pytest_runtest_call\n    item.runtest()\n    \u2502    \u2514 <function Coroutine.runtest at 0x000001C72186A8E0>\n    \u2514 <Coroutine test_admin_can_update_role>\n  File "D:\\projects\\youtube-classifier\\backend\\.venv\\Lib\\site-packages\\pytest_asyncio\\plugin.py", line 533, in runtest\n    super().runtest()\n  File "D:\\projects\\youtube-classifier\\backend\\.venv\\Lib\\site-packages\\_pytest\\python.py", line 1627, in runtest\n    self.ihook.pytest_pyfunc_call(pyfuncitem=self)\n    \u2502    \u2502                                   \u2514 <Coroutine test_admin_can_update_role>\n    \u2502    \u2514 <property object at 0x000001C71EDCBE20>\n    \u2514 <Coroutine test_admin_can_update_role>\n  File "D:\\projects\\youtube-classifier\\backend\\.venv\\Lib\\site-packages\\pluggy\\_hooks.py", line 512, in __call__\n    return self._hookexec(self.name, self._hookimpls.copy(), kwargs, firstresult)\n           \u2502    \u2502         \u2502    \u2502     \u2502    \u2502                  \u2502       \u2514 True\n           \u2502    \u2502         \u2502    \u2502     \u2502    \u2502                  \u2514 {'pyfuncitem': <Coroutine test_admin_can_update_role>}\n           \u2502    \u2502         \u2502    \u2502     \u2502    \u2514 <member '_hookimpls' of 'HookCaller' objects>\n           \u2502    \u2502         \u2502    \u2502     \u2514 <HookCaller 'pytest_pyfunc_call'>\n           \u2502    \u2502         \u2502    \u2514 <member 'name' of 'HookCaller' objects>\n           \u2502    \u2502         \u2514 <HookCaller 'pytest_pyfunc_call'>\n           \u2502    \u2514 <member '_hookexec' of 'HookCaller' objects>\n           \u2514 <HookCaller 'pytest_pyfunc_call'>\n  File "D:\\projects\\youtube-classifier\\backend\\.venv\\Lib\\site-packages\\pluggy\\_manager.py", line 120, in _hookexec\n    return self._inner_hookexec(hook_name, methods, kwargs, firstresult)\n           \u2502    \u2502               \u2502          \u2502        \u2502       \u2514 True\n           \u2502    \u2502               \u2502          \u2502        \u2514 {'pyfuncitem': <Coroutine test_admin_can_update_role>}\n           \u2502    \u2502               \u2502          \u2514 [<HookImpl plugin_name='python', plugin=<module '_pytest.python' from 'D:\\\\projects\\\\youtube-classifier\\\\backend\\\\.venv\\\\Lib\\...\n           \u2502    \u2502               \u2514 'pytest_pyfunc_call'\n           \u2502    \u2514 <function _multicall at 0x000001C71E7A4F40>\n           \u2514 <_pytest.config.PytestPluginManager object at 0x000001C71EF07770>\n  File "D:\\projects\\youtube-classifier\\backend\\.venv\\Lib\\site-packages\\pluggy\\_callers.py", line 121, in _multicall\n    res = hook_impl.function(*args)\n          \u2502         \u2502         \u2514 [<Coroutine test_admin_can_update_role>]\n          \u2502         \u2514 <member 'function' of 'HookImpl' objects>\n          \u2514 <HookImpl plugin_name='python', plugin=<module '_pytest.python' from 'D:\\\\projects\\\\youtube-classifier\\\\backend\\\\.venv\\\\Lib\\\\...\n  File "D:\\projects\\youtube-classifier\\backend\\.venv\\Lib\\site-packages\\_pytest\\python.py", line 159, in pytest_pyfunc_call\n    result = testfunction(**testargs)\n             \u2502              \u2514 {'admin_client': <httpx.AsyncClient object at 0x000001C726D1AD70>}\n             \u2514 <function TestAdminUsersRouter.test_admin_can_update_role at 0x000001C726C3BBA0>\n  File "D:\\projects\\youtube-classifier\\backend\\.venv\\Lib\\site-packages\\pytest_asyncio\\plugin.py", line 1052, in inner\n    _loop.run_until_complete(task)\n    \u2502     \u2502                  \u2514 <Task pending name='Task-24' coro=<TestAdminUsersRouter.test_admin_can_update_role() running at D:\\projects\\youtube-classifie...\n    \u2502     \u2514 <function BaseEventLoop.run_until_complete at 0x000001C71F66C400>\n    \u2514 <ProactorEventLoop running=True closed=False debug=False>\n  File "C:\\Users\\THINKPAD L13\\AppData\\Local\\Programs\\Python\\Python313\\Lib\\asyncio\\base_events.py", line 712, in run_until_complete\n    self.run_forever()\n    \u2502    \u2514 <function BaseEventLoop.run_forever at 0x000001C71F66C360>\n    \u2514 <ProactorEventLoop running=True closed=False debug=False>\n  File "C:\\Users\\THINKPAD L13\\AppData\\Local\\Programs\\Python\\Python313\\Lib\\asyncio\\base_events.py", line 683, in run_forever\n    self._run_once()\n    \u2502    \u2514 <function BaseEventLoop._run_once at 0x000001C71F66E160>\n    \u2514 <ProactorEventLoop running=True closed=False debug=False>\n  File "C:\\Users\\THINKPAD L13\\AppData\\Local\\Programs\\Python\\Python313\\Lib\\asyncio\\base_events.py", line 2042, in _run_once\n    handle._run()\n    \u2502      \u2514 <function Handle._run at 0x000001C71F5AB380>\n    \u2514 <Handle Task.task_wakeup()>\n  File "C:\\Users\\THINKPAD L13\\AppData\\Local\\Programs\\Python\\Python313\\Lib\\asyncio\\events.py", line 89, in _run\n    self._context.run(self._callback, *self._args)\n    \u2502    \u2502            \u2502    \u2502           \u2502    \u2514 <member '_args' of 'Handle' objects>\n    \u2502    \u2502            \u2502    \u2502           \u2514 <Handle Task.task_wakeup()>\n    \u2502    \u2502            \u2502    \u2514 <member '_callback' of 'Handle' objects>\n    \u2502    \u2502            \u2514 <Handle Task.task_wakeup()>\n    \u2502    \u2514 <member '_context' of 'Handle' objects>\n    \u2514 <Handle Task.task_wakeup()>\n\n  File "D:\\projects\\youtube-classifier\\tests\\integration\\test_users.py", line 119, in test_admin_can_update_role\n    resp = await admin_client.patch(f"/api/v1/users/{target_id}/role", json={"role": "admin"})\n                 \u2502            \u2502                      \u2514 '462ed531-3397-4e64-b918-08e45aa65679'\n                 \u2502            \u2514 <function AsyncClient.patch at 0x000001C721F00360>\n                 \u2514 <httpx.AsyncClient object at 0x000001C726D1AD70>\n\n  File "D:\\projects\\youtube-classifier\\backend\\.venv\\Lib\\site-packages\\httpx\\_client.py", line 1933, in patch\n    return await self.request(\n                 \u2502    \u2514 <function AsyncClient.request at 0x000001C721EF3BA0>\n                 \u2514 <httpx.AsyncClient object at 0x000001C726D1AD70>\n  File "D:\\projects\\youtube-classifier\\backend\\.venv\\Lib\\site-packages\\httpx\\_client.py", line 1540, in request\n    return await self.send(request, auth=auth, follow_redirects=follow_redirects)\n                 \u2502    \u2502    \u2502             \u2502                      \u2514 <httpx._client.UseClientDefault object at 0x000001C721ED4980>\n                 \u2502    \u2502    \u2502             \u2514 <httpx._client.UseClientDefault object at 0x000001C721ED4980>\n                 \u2502    \u2502    \u2514 <Request('PATCH', 'http://test/api/v1/users/462ed531-3397-4e64-b918-08e45aa65679/role')>\n                 \u2502    \u2514 <function AsyncClient.send at 0x000001C721EF3D80>\n                 \u2514 <httpx.AsyncClient object at 0x000001C726D1AD70>\n  File "D:\\projects\\youtube-classifier\\backend\\.venv\\Lib\\site-packages\\httpx\\_client.py", line 1629, in send\n    response = await self._send_handling_auth(\n                     \u2502    \u2514 <function AsyncClient._send_handling_auth at 0x000001C721EF3E20>\n                     \u2514 <httpx.AsyncClient object at 0x000001C726D1AD70>\n  File "D:\\projects\\youtube-classifier\\backend\\.venv\\Lib\\site-packages\\httpx\\_client.py", line 1657, in _send_handling_auth\n    response = await self._send_handling_redirects(\n                     \u2502    \u2514 <function AsyncClient._send_handling_redirects at 0x000001C721EF3EC0>\n                     \u2514 <httpx.AsyncClient object at 0x000001C726D1AD70>\n  File "D:\\projects\\youtube-classifier\\backend\\.venv\\Lib\\site-packages\\httpx\\_client.py", line 1694, in _send_handling_redirects\n    response = await self._send_single_request(request)\n                     \u2502    \u2502                    \u2514 <Request('PATCH', 'http://test/api/v1/users/462ed531-3397-4e64-b918-08e45aa65679/role')>\n                     \u2502    \u2514 <function AsyncClient._send_single_request at 0x000001C721EF3F60>\n                     \u2514 <httpx.AsyncClient object at 0x000001C726D1AD70>\n  File "D:\\projects\\youtube-classifier\\backend\\.venv\\Lib\\site-packages\\httpx\\_client.py", line 1730, in _send_single_request\n    response = await transport.handle_async_request(request)\n                     \u2502         \u2502                    \u2514 <Request('PATCH', 'http://test/api/v1/users/462ed531-3397-4e64-b918-08e45aa65679/role')>\n                     \u2502         \u2514 <function ASGITransport.handle_async_request at 0x000001C721EE7C40>\n                     \u2514 <httpx.ASGITransport object at 0x000001C726D1BCE0>\n  File "D:\\projects\\youtube-classifier\\backend\\.venv\\Lib\\site-packages\\httpx\\_transports\\asgi.py", line 170, in handle_async_request\n    await self.app(scope, receive, send)\n          \u2502    \u2502   \u2502      \u2502        \u2514 <function ASGITransport.handle_async_request.<locals>.send at 0x000001C726C393A0>\n          \u2502    \u2502   \u2502      \u2514 <function ASGITransport.handle_async_request.<locals>.receive at 0x000001C726C3B7E0>\n          \u2502    \u2502   \u2514 {'type': 'http', 'asgi': {'version': '3.0'}, 'http_version': '1.1', 'method': 'PATCH', 'headers': [(b'host', b'test'), (b'acc...\n          \u2502    \u2514 <fastapi.applications.FastAPI object at 0x000001C726B1DBE0>\n          \u2514 <httpx.ASGITransport object at 0x000001C726D1BCE0>\n  File "D:\\projects\\youtube-classifier\\backend\\.venv\\Lib\\site-packages\\fastapi\\applications.py", line 1054, in __call__\n    await super().__call__(scope, receive, send)\n                           \u2502      \u2502        \u2514 <function ASGITransport.handle_async_request.<locals>.send at 0x000001C726C393A0>\n                           \u2502      \u2514 <function ASGITransport.handle_async_request.<locals>.receive at 0x000001C726C3B7E0>\n                           \u2514 {'type': 'http', 'asgi': {'version': '3.0'}, 'http_version': '1.1', 'method': 'PATCH', 'headers': [(b'host', b'test'), (b'acc...\n  File "D:\\projects\\youtube-classifier\\backend\\.venv\\Lib\\site-packages\\starlette\\applications.py", line 113, in __call__\n    await self.middleware_stack(scope, receive, send)\n          \u2502    \u2502                \u2502      \u2502        \u2514 <function ASGITransport.handle_async_request.<locals>.send at 0x000001C726C393A0>\n          \u2502    \u2502                \u2502      \u2514 <function ASGITransport.handle_async_request.<locals>.receive at 0x000001C726C3B7E0>\n          \u2502    \u2502                \u2514 {'type': 'http', 'asgi': {'version': '3.0'}, 'http_version': '1.1', 'method': 'PATCH', 'headers': [(b'host', b'test'), (b'acc...\n          \u2502    \u2514 <starlette.middleware.errors.ServerErrorMiddleware object at 0x000001C726D39400>\n          \u2514 <fastapi.applications.FastAPI object at 0x000001C726B1DBE0>\n> File "D:\\projects\\youtube-classifier\\backend\\.venv\\Lib\\site-packages\\starlette\\middleware\\errors.py", line 165, in __call__\n    await self.app(scope, receive, _send)\n          \u2502    \u2502   \u2502      \u2502        \u2514 <function ServerErrorMiddleware.__call__.<locals>._send at 0x000001C72733F920>\n          \u2502    \u2502   \u2502      \u2514 <function ASGITransport.handle_async_request.<locals>.receive at 0x000001C726C3B7E0>\n          \u2502    \u2502   \u2514 {'type': 'http', 'asgi': {'version': '3.0'}, 'http_version': '1.1', 'method': 'PATCH', 'headers': [(b'host', b'test'), (b'acc...\n          \u2502    \u2514 <prometheus_fastapi_instrumentator.middleware.PrometheusInstrumentatorMiddleware object at 0x000001C726D38D70>\n          \u2514 <starlette.middleware.errors.ServerErrorMiddleware object at 0x000001C726D39400>\n  File "D:\\projects\\youtube-classifier\\backend\\.venv\\Lib\\site-packages\\prometheus_fastapi_instrumentator\\middleware.py", line 174, in __call__\n    raise exc\n  File "D:\\projects\\youtube-classifier\\backend\\.venv\\Lib\\site-packages\\prometheus_fastapi_instrumentator\\middleware.py", line 172, in __call__\n    await self.app(scope, receive, send_wrapper)\n          \u2502    \u2502   \u2502      \u2502        \u2514 <function PrometheusInstrumentatorMiddleware.__call__.<locals>.send_wrapper at 0x000001C72733FB00>\n          \u2502    \u2502   \u2502      \u2514 <function ASGITransport.handle_async_request.<locals>.receive at 0x000001C726C3B7E0>\n          \u2502    \u2502   \u2514 {'type': 'http', 'asgi': {'version': '3.0'}, 'http_version': '1.1', 'method': 'PATCH', 'headers': [(b'host', b'test'), (b'acc...\n          \u2502    \u2514 <starlette.middleware.cors.CORSMiddleware object at 0x000001C726D38C20>\n          \u2514 <prometheus_fastapi_instrumentator.middleware.PrometheusInstrumentatorMiddleware object at 0x000001C726D38D70>\n  File "D:\\projects\\youtube-classifier\\backend\\.venv\\Lib\\site-packages\\starlette\\middleware\\cors.py", line 85, in __call__\n    await self.app(scope, receive, send)\n          \u2502    \u2502   \u2502      \u2502        \u2514 <function PrometheusInstrumentatorMiddleware.__call__.<locals>.send_wrapper at 0x000001C72733FB00>\n          \u2502    \u2502   \u2502      \u2514 <function ASGITransport.handle_async_request.<locals>.receive at 0x000001C726C3B7E0>\n          \u2502    \u2502   \u2514 {'type': 'http', 'asgi': {'version': '3.0'}, 'http_version': '1.1', 'method': 'PATCH', 'headers': [(b'host', b'test'), (b'acc...\n          \u2502    \u2514 <api.middleware.rate_limiter.RateLimiterMiddleware object at 0x000001C726D38AD0>\n          \u2514 <starlette.middleware.cors.CORSMiddleware object at 0x000001C726D38C20>\n  File "D:\\projects\\youtube-classifier\\backend\\.venv\\Lib\\site-packages\\starlette\\middleware\\base.py", line 185, in __call__\n    with collapse_excgroups():\n         \u2514 <function collapse_excgroups at 0x000001C7227F8C20>\n  File "C:\\Users\\THINKPAD L13\\AppData\\Local\\Programs\\Python\\Python313\\Lib\\contextlib.py", line 162, in __exit__\n    self.gen.throw(value)\n    \u2502    \u2502   \u2502     \u2514 ExceptionGroup('unhandled errors in a TaskGroup', [ResponseValidationError()])\n    \u2502    \u2502   \u2514 <method 'throw' of 'generator' objects>\n    \u2502    \u2514 <generator object collapse_excgroups at 0x000001C7278D02B0>\n    \u2514 <contextlib._GeneratorContextManager object at 0x000001C7273999B0>\n  File "D:\\projects\\youtube-classifier\\backend\\.venv\\Lib\\site-packages\\starlette\\_utils.py", line 82, in collapse_excgroups\n    raise exc\n  File "D:\\projects\\youtube-classifier\\backend\\.venv\\Lib\\site-packages\\starlette\\middleware\\base.py", line 187, in __call__\n    response = await self.dispatch_func(request, call_next)\n                     \u2502    \u2502             \u2502        \u2514 <function BaseHTTPMiddleware.__call__.<locals>.call_next at 0x000001C72733EE80>\n                     \u2502    \u2502             \u2514 <starlette.middleware.base._CachedRequest object at 0x000001C726CEA360>\n                     \u2502    \u2514 <bound method RateLimiterMiddleware.dispatch of <api.middleware.rate_limiter.RateLimiterMiddleware object at 0x000001C726D38A...\n                     \u2514 <api.middleware.rate_limiter.RateLimiterMiddleware object at 0x000001C726D38AD0>\n\n  File "D:\\projects\\youtube-classifier\\backend\\api\\middleware\\rate_limiter.py", line 95, in dispatch\n    response = await call_next(request)\n                     \u2502         \u2514 <starlette.middleware.base._CachedRequest object at 0x000001C726CEA360>\n                     \u2514 <function BaseHTTPMiddleware.__call__.<locals>.call_next at 0x000001C72733EE80>\n\n  File "D:\\projects\\youtube-classifier\\backend\\.venv\\Lib\\site-packages\\starlette\\middleware\\base.py", line 163, in call_next\n    raise app_exc\n          \u2514 ResponseValidationError()\n  File "D:\\projects\\youtube-classifier\\backend\\.venv\\Lib\\site-packages\\starlette\\middleware\\base.py", line 149, in coro\n    await self.app(scope, receive_or_disconnect, send_no_error)\n          \u2502    \u2502   \u2502      \u2502                      \u2514 <function BaseHTTPMiddleware.__call__.<locals>.call_next.<locals>.send_no_error at 0x000001C72733EAC0>\n          \u2502    \u2502   \u2502      \u2514 <function BaseHTTPMiddleware.__call__.<locals>.call_next.<locals>.receive_or_disconnect at 0x000001C726D1F060>\n          \u2502    \u2502   \u2514 {'type': 'http', 'asgi': {'version': '3.0'}, 'http_version': '1.1', 'method': 'PATCH', 'headers': [(b'host', b'test'), (b'acc...\n          \u2502    \u2514 <starlette.middleware.gzip.GZipMiddleware object at 0x000001C726D38980>\n          \u2514 <api.middleware.rate_limiter.RateLimiterMiddleware object at 0x000001C726D38AD0>\n  File "D:\\projects\\youtube-classifier\\backend\\.venv\\Lib\\site-packages\\starlette\\middleware\\gzip.py", line 20, in __call__\n    await responder(scope, receive, send)\n          \u2502         \u2502      \u2502        \u2514 <function BaseHTTPMiddleware.__call__.<locals>.call_next.<locals>.send_no_error at 0x000001C72733EAC0>\n          \u2502         \u2502      \u2514 <function BaseHTTPMiddleware.__call__.<locals>.call_next.<locals>.receive_or_disconnect at 0x000001C726D1F060>\n          \u2502         \u2514 {'type': 'http', 'asgi': {'version': '3.0'}, 'http_version': '1.1', 'method': 'PATCH', 'headers': [(b'host', b'test'), (b'acc...\n          \u2514 <starlette.middleware.gzip.GZipResponder object at 0x000001C72737C9D0>\n  File "D:\\projects\\youtube-classifier\\backend\\.venv\\Lib\\site-packages\\starlette\\middleware\\gzip.py", line 39, in __call__\n    await self.app(scope, receive, self.send_with_gzip)\n          \u2502    \u2502   \u2502      \u2502        \u2502    \u2514 <function GZipResponder.send_with_gzip at 0x000001C723A1FCE0>\n          \u2502    \u2502   \u2502      \u2502        \u2514 <starlette.middleware.gzip.GZipResponder object at 0x000001C72737C9D0>\n          \u2502    \u2502   \u2502      \u2514 <function BaseHTTPMiddleware.__call__.<locals>.call_next.<locals>.receive_or_disconnect at 0x000001C726D1F060>\n          \u2502    \u2502   \u2514 {'type': 'http', 'asgi': {'version': '3.0'}, 'http_version': '1.1', 'method': 'PATCH', 'headers': [(b'host', b'test'), (b'acc...\n          \u2502    \u2514 <main.create_app.<locals>.CorrelationIDMiddleware object at 0x000001C726D38830>\n          \u2514 <starlette.middleware.gzip.GZipResponder object at 0x000001C72737C9D0>\n  File "D:\\projects\\youtube-classifier\\backend\\.venv\\Lib\\site-packages\\starlette\\middleware\\base.py", line 185, in __call__\n    with collapse_excgroups():\n         \u2514 <function collapse_excgroups at 0x000001C7227F8C20>\n  File "C:\\Users\\THINKPAD L13\\AppData\\Local\\Programs\\Python\\Python313\\Lib\\contextlib.py", line 162, in __exit__\n    self.gen.throw(value)\n    \u2502    \u2502   \u2502     \u2514 ExceptionGroup('unhandled errors in a TaskGroup', [ResponseValidationError()])\n    \u2502    \u2502   \u2514 <method 'throw' of 'generator' objects>\n    \u2502    \u2514 <generator object collapse_excgroups at 0x000001C7278D0380>\n    \u2514 <contextlib._GeneratorContextManager object at 0x000001C727399160>\n  File "D:\\projects\\youtube-classifier\\backend\\.venv\\Lib\\site-packages\\starlette\\_utils.py", line 82, in collapse_excgroups\n    raise exc\n  File "D:\\projects\\youtube-classifier\\backend\\.venv\\Lib\\site-packages\\starlette\\middleware\\base.py", line 187, in __call__\n    response = await self.dispatch_func(request, call_next)\n                     \u2502    \u2502             \u2502        \u2514 <function BaseHTTPMiddleware.__call__.<locals>.call_next at 0x000001C72733F2E0>\n                     \u2502    \u2502             \u2514 <starlette.middleware.base._CachedRequest object at 0x000001C726CEB350>\n                     \u2502    \u2514 <bound method create_app.<locals>.CorrelationIDMiddleware.dispatch of <main.create_app.<locals>.CorrelationIDMiddleware objec...\n                     \u2514 <main.create_app.<locals>.CorrelationIDMiddleware object at 0x000001C726D38830>\n\n  File "D:\\projects\\youtube-classifier\\backend\\main.py", line 86, in dispatch\n    response = await call_next(request)\n                     \u2502         \u2514 <starlette.middleware.base._CachedRequest object at 0x000001C726CEB350>\n                     \u2514 <function BaseHTTPMiddleware.__call__.<locals>.call_next at 0x000001C72733F2E0>\n\n  File "D:\\projects\\youtube-classifier\\backend\\.venv\\Lib\\site-packages\\starlette\\middleware\\base.py", line 163, in call_next\n    raise app_exc\n          \u2514 ResponseValidationError()\n  File "D:\\projects\\youtube-classifier\\backend\\.venv\\Lib\\site-packages\\starlette\\middleware\\base.py", line 149, in coro\n    await self.app(scope, receive_or_disconnect, send_no_error)\n          \u2502    \u2502   \u2502      \u2502                      \u2514 <function BaseHTTPMiddleware.__call__.<locals>.call_next.<locals>.send_no_error at 0x000001C72733ED40>\n          \u2502    \u2502   \u2502      \u2514 <function BaseHTTPMiddleware.__call__.<locals>.call_next.<locals>.receive_or_disconnect at 0x000001C72733F240>\n          \u2502    \u2502   \u2514 {'type': 'http', 'asgi': {'version': '3.0'}, 'http_version': '1.1', 'method': 'PATCH', 'headers': [(b'host', b'test'), (b'acc...\n          \u2502    \u2514 <starlette.middleware.exceptions.ExceptionMiddleware object at 0x000001C726D386E0>\n          \u2514 <main.create_app.<locals>.CorrelationIDMiddleware object at 0x000001C726D38830>\n  File "D:\\projects\\youtube-classifier\\backend\\.venv\\Lib\\site-packages\\starlette\\middleware\\exceptions.py", line 62, in __call__\n    await wrap_app_handling_exceptions(self.app, conn)(scope, receive, send)\n          \u2502                            \u2502    \u2502    \u2502     \u2502      \u2502        \u2514 <function BaseHTTPMiddleware.__call__.<locals>.call_next.<locals>.send_no_error at 0x000001C72733ED40>\n          \u2502                            \u2502    \u2502    \u2502     \u2502      \u2514 <function BaseHTTPMiddleware.__call__.<locals>.call_next.<locals>.receive_or_disconnect at 0x000001C72733F240>\n          \u2502                            \u2502    \u2502    \u2502     \u2514 {'type': 'http', 'asgi': {'version': '3.0'}, 'http_version': '1.1', 'method': 'PATCH', 'headers': [(b'host', b'test'), (b'acc...\n          \u2502                            \u2502    \u2502    \u2514 <starlette.requests.Request object at 0x000001C727196E40>\n          \u2502                            \u2502    \u2514 <fastapi.routing.APIRouter object at 0x000001C726BA7650>\n          \u2502                            \u2514 <starlette.middleware.exceptions.ExceptionMiddleware object at 0x000001C726D386E0>\n          \u2514 <function wrap_app_handling_exceptions at 0x000001C722767F60>\n  File "D:\\projects\\youtube-classifier\\backend\\.venv\\Lib\\site-packages\\starlette\\_exception_handler.py", line 53, in wrapped_app\n    raise exc\n  File "D:\\projects\\youtube-classifier\\backend\\.venv\\Lib\\site-packages\\starlette\\_exception_handler.py", line 42, in wrapped_app\n    await app(scope, receive, sender)\n          \u2502   \u2502      \u2502        \u2514 <function wrap_app_handling_exceptions.<locals>.wrapped_app.<locals>.sender at 0x000001C72733FF60>\n          \u2502   \u2502      \u2514 <function BaseHTTPMiddleware.__call__.<locals>.call_next.<locals>.receive_or_disconnect at 0x000001C72733F240>\n          \u2502   \u2514 {'type': 'http', 'asgi': {'version': '3.0'}, 'http_version': '1.1', 'method': 'PATCH', 'headers': [(b'host', b'test'), (b'acc...\n          \u2514 <fastapi.routing.APIRouter object at 0x000001C726BA7650>\n  File "D:\\projects\\youtube-classifier\\backend\\.venv\\Lib\\site-packages\\starlette\\routing.py", line 715, in __call__\n    await self.middleware_stack(scope, receive, send)\n          \u2502    \u2502                \u2502      \u2502        \u2514 <function wrap_app_handling_exceptions.<locals>.wrapped_app.<locals>.sender at 0x000001C72733FF60>\n          \u2502    \u2502                \u2502      \u2514 <function BaseHTTPMiddleware.__call__.<locals>.call_next.<locals>.receive_or_disconnect at 0x000001C72733F240>\n          \u2502    \u2502                \u2514 {'type': 'http', 'asgi': {'version': '3.0'}, 'http_version': '1.1', 'method': 'PATCH', 'headers': [(b'host', b'test'), (b'acc...\n          \u2502    \u2514 <bound method Router.app of <fastapi.routing.APIRouter object at 0x000001C726BA7650>>\n          \u2514 <fastapi.routing.APIRouter object at 0x000001C726BA7650>\n  File "D:\\projects\\youtube-classifier\\backend\\.venv\\Lib\\site-packages\\starlette\\routing.py", line 735, in app\n    await route.handle(scope, receive, send)\n          \u2502     \u2502      \u2502      \u2502        \u2514 <function wrap_app_handling_exceptions.<locals>.wrapped_app.<locals>.sender at 0x000001C72733FF60>\n          \u2502     \u2502      \u2502      \u2514 <function BaseHTTPMiddleware.__call__.<locals>.call_next.<locals>.receive_or_disconnect at 0x000001C72733F240>\n          \u2502     \u2502      \u2514 {'type': 'http', 'asgi': {'version': '3.0'}, 'http_version': '1.1', 'method': 'PATCH', 'headers': [(b'host', b'test'), (b'acc...\n          \u2502     \u2514 <function Route.handle at 0x000001C7227296C0>\n          \u2514 APIRoute(path='/api/v1/users/{user_id}/role', name='update_user_role', methods=['PATCH'])\n  File "D:\\projects\\youtube-classifier\\backend\\.venv\\Lib\\site-packages\\starlette\\routing.py", line 288, in handle\n    await self.app(scope, receive, send)\n          \u2502    \u2502   \u2502      \u2502        \u2514 <function wrap_app_handling_exceptions.<locals>.wrapped_app.<locals>.sender at 0x000001C72733FF60>\n          \u2502    \u2502   \u2502      \u2514 <function BaseHTTPMiddleware.__call__.<locals>.call_next.<locals>.receive_or_disconnect at 0x000001C72733F240>\n          \u2502    \u2502   \u2514 {'type': 'http', 'asgi': {'version': '3.0'}, 'http_version': '1.1', 'method': 'PATCH', 'headers': [(b'host', b'test'), (b'acc...\n          \u2502    \u2514 <function request_response.<locals>.app at 0x000001C726C38B80>\n          \u2514 APIRoute(path='/api/v1/users/{user_id}/role', name='update_user_role', methods=['PATCH'])\n  File "D:\\projects\\youtube-classifier\\backend\\.venv\\Lib\\site-packages\\starlette\\routing.py", line 76, in app\n    await wrap_app_handling_exceptions(app, request)(scope, receive, send)\n          \u2502                            \u2502    \u2502        \u2502      \u2502        \u2514 <function wrap_app_handling_exceptions.<locals>.wrapped_app.<locals>.sender at 0x000001C72733FF60>\n          \u2502                            \u2502    \u2502        \u2502      \u2514 <function BaseHTTPMiddleware.__call__.<locals>.call_next.<locals>.receive_or_disconnect at 0x000001C72733F240>\n          \u2502                            \u2502    \u2502        \u2514 {'type': 'http', 'asgi': {'version': '3.0'}, 'http_version': '1.1', 'method': 'PATCH', 'headers': [(b'host', b'test'), (b'acc...\n          \u2502                            \u2502    \u2514 <starlette.requests.Request object at 0x000001C7272E4E50>\n          \u2502                            \u2514 <function request_response.<locals>.app.<locals>.app at 0x000001C72733FCE0>\n          \u2514 <function wrap_app_handling_exceptions at 0x000001C722767F60>\n  File "D:\\projects\\youtube-classifier\\backend\\.venv\\Lib\\site-packages\\starlette\\_exception_handler.py", line 53, in wrapped_app\n    raise exc\n  File "D:\\projects\\youtube-classifier\\backend\\.venv\\Lib\\site-packages\\starlette\\_exception_handler.py", line 42, in wrapped_app\n    await app(scope, receive, sender)\n          \u2502   \u2502      \u2502        \u2514 <function wrap_app_handling_exceptions.<locals>.wrapped_app.<locals>.sender at 0x000001C72733F6A0>\n          \u2502   \u2502      \u2514 <function BaseHTTPMiddleware.__call__.<locals>.call_next.<locals>.receive_or_disconnect at 0x000001C72733F240>\n          \u2502   \u2514 {'type': 'http', 'asgi': {'version': '3.0'}, 'http_version': '1.1', 'method': 'PATCH', 'headers': [(b'host', b'test'), (b'acc...\n          \u2514 <function request_response.<locals>.app.<locals>.app at 0x000001C72733FCE0>\n  File "D:\\projects\\youtube-classifier\\backend\\.venv\\Lib\\site-packages\\starlette\\routing.py", line 73, in app\n    response = await f(request)\n                     \u2502 \u2514 <starlette.requests.Request object at 0x000001C7272E4E50>\n                     \u2514 <function get_request_handler.<locals>.app at 0x000001C726C38C20>\n  File "D:\\projects\\youtube-classifier\\backend\\.venv\\Lib\\site-packages\\fastapi\\routing.py", line 327, in app\n    content = await serialize_response(\n                    \u2514 <function serialize_response at 0x000001C722767600>\n  File "D:\\projects\\youtube-classifier\\backend\\.venv\\Lib\\site-packages\\fastapi\\routing.py", line 176, in serialize_response\n    raise ResponseValidationError(\n          \u2514 <class 'fastapi.exceptions.ResponseValidationError'>\n\nfastapi.exceptions.ResponseValidationError: 1 validation errors:\n  {'type': 'datetime_type', 'loc': ('response', 'created_at'), 'msg': 'Input should be a valid datetime', 'input': None}\n
______________ TestAdminUsersRouter.test_admin_can_update_status ______________
  + Exception Group Traceback (most recent call last):
  |   File "D:\projects\youtube-classifier\backend\.venv\Lib\site-packages\starlette\_utils.py", line 76, in collapse_excgroups
  |     yield
  |   File "D:\projects\youtube-classifier\backend\.venv\Lib\site-packages\starlette\middleware\base.py", line 186, in __call__
  |     async with anyio.create_task_group() as task_group:
  |                ~~~~~~~~~~~~~~~~~~~~~~~^^
  |   File "D:\projects\youtube-classifier\backend\.venv\Lib\site-packages\anyio\_backends\_asyncio.py", line 783, in __aexit__
  |     raise BaseExceptionGroup(
  |         "unhandled errors in a TaskGroup", self._exceptions
  |     ) from None
  | ExceptionGroup: unhandled errors in a TaskGroup (1 sub-exception)
  +-+---------------- 1 ----------------
    | Traceback (most recent call last):
    |   File "D:\projects\youtube-classifier\backend\.venv\Lib\site-packages\_pytest\runner.py", line 341, in from_call
    |     result: TResult | None = func()
    |                              ~~~~^^
    |   File "D:\projects\youtube-classifier\backend\.venv\Lib\site-packages\_pytest\runner.py", line 242, in <lambda>
    |     lambda: runtest_hook(item=item, **kwds), when=when, reraise=reraise
    |             ~~~~~~~~~~~~^^^^^^^^^^^^^^^^^^^
    |   File "D:\projects\youtube-classifier\backend\.venv\Lib\site-packages\pluggy\_hooks.py", line 512, in __call__
    |     return self._hookexec(self.name, self._hookimpls.copy(), kwargs, firstresult)
    |            ~~~~~~~~~~~~~~^^^^^^^^^^^^^^^^^^^^^^^^^^^^^^^^^^^^^^^^^^^^^^^^^^^^^^^^
    |   File "D:\projects\youtube-classifier\backend\.venv\Lib\site-packages\pluggy\_manager.py", line 120, in _hookexec
    |     return self._inner_hookexec(hook_name, methods, kwargs, firstresult)
    |            ~~~~~~~~~~~~~~~~~~~~^^^^^^^^^^^^^^^^^^^^^^^^^^^^^^^^^^^^^^^^^
    |   File "D:\projects\youtube-classifier\backend\.venv\Lib\site-packages\pluggy\_callers.py", line 167, in _multicall
    |     raise exception
    |   File "D:\projects\youtube-classifier\backend\.venv\Lib\site-packages\pluggy\_callers.py", line 139, in _multicall
    |     teardown.throw(exception)
    |     ~~~~~~~~~~~~~~^^^^^^^^^^^
    |   File "D:\projects\youtube-classifier\backend\.venv\Lib\site-packages\_pytest\threadexception.py", line 92, in pytest_runtest_call
    |     yield from thread_exception_runtest_hook()
    |   File "D:\projects\youtube-classifier\backend\.venv\Lib\site-packages\_pytest\threadexception.py", line 68, in thread_exception_runtest_hook
    |     yield
    |   File "D:\projects\youtube-classifier\backend\.venv\Lib\site-packages\pluggy\_callers.py", line 139, in _multicall
    |     teardown.throw(exception)
    |     ~~~~~~~~~~~~~~^^^^^^^^^^^
    |   File "D:\projects\youtube-classifier\backend\.venv\Lib\site-packages\_pytest\unraisableexception.py", line 95, in pytest_runtest_call
    |     yield from unraisable_exception_runtest_hook()
    |   File "D:\projects\youtube-classifier\backend\.venv\Lib\site-packages\_pytest\unraisableexception.py", line 70, in unraisable_exception_runtest_hook
    |     yield
    |   File "D:\projects\youtube-classifier\backend\.venv\Lib\site-packages\pluggy\_callers.py", line 139, in _multicall
    |     teardown.throw(exception)
    |     ~~~~~~~~~~~~~~^^^^^^^^^^^
    |   File "D:\projects\youtube-classifier\backend\.venv\Lib\site-packages\_pytest\logging.py", line 846, in pytest_runtest_call
    |     yield from self._runtest_for(item, "call")
    |   File "D:\projects\youtube-classifier\backend\.venv\Lib\site-packages\_pytest\logging.py", line 829, in _runtest_for
    |     yield
    |   File "D:\projects\youtube-classifier\backend\.venv\Lib\site-packages\pluggy\_callers.py", line 139, in _multicall
    |     teardown.throw(exception)
    |     ~~~~~~~~~~~~~~^^^^^^^^^^^
    |   File "D:\projects\youtube-classifier\backend\.venv\Lib\site-packages\_pytest\capture.py", line 880, in pytest_runtest_call
    |     return (yield)
    |             ^^^^^
    |   File "D:\projects\youtube-classifier\backend\.venv\Lib\site-packages\pluggy\_callers.py", line 139, in _multicall
    |     teardown.throw(exception)
    |     ~~~~~~~~~~~~~~^^^^^^^^^^^
    |   File "D:\projects\youtube-classifier\backend\.venv\Lib\site-packages\_pytest\skipping.py", line 257, in pytest_runtest_call
    |     return (yield)
    |             ^^^^^
    |   File "D:\projects\youtube-classifier\backend\.venv\Lib\site-packages\pluggy\_callers.py", line 121, in _multicall
    |     res = hook_impl.function(*args)
    |   File "D:\projects\youtube-classifier\backend\.venv\Lib\site-packages\_pytest\runner.py", line 174, in pytest_runtest_call
    |     item.runtest()
    |     ~~~~~~~~~~~~^^
    |   File "D:\projects\youtube-classifier\backend\.venv\Lib\site-packages\pytest_asyncio\plugin.py", line 533, in runtest
    |     super().runtest()
    |     ~~~~~~~~~~~~~~~^^
    |   File "D:\projects\youtube-classifier\backend\.venv\Lib\site-packages\_pytest\python.py", line 1627, in runtest
    |     self.ihook.pytest_pyfunc_call(pyfuncitem=self)
    |     ~~~~~~~~~~~~~~~~~~~~~~~~~~~~~^^^^^^^^^^^^^^^^^
    |   File "D:\projects\youtube-classifier\backend\.venv\Lib\site-packages\pluggy\_hooks.py", line 512, in __call__
    |     return self._hookexec(self.name, self._hookimpls.copy(), kwargs, firstresult)
    |            ~~~~~~~~~~~~~~^^^^^^^^^^^^^^^^^^^^^^^^^^^^^^^^^^^^^^^^^^^^^^^^^^^^^^^^
    |   File "D:\projects\youtube-classifier\backend\.venv\Lib\site-packages\pluggy\_manager.py", line 120, in _hookexec
    |     return self._inner_hookexec(hook_name, methods, kwargs, firstresult)
    |            ~~~~~~~~~~~~~~~~~~~~^^^^^^^^^^^^^^^^^^^^^^^^^^^^^^^^^^^^^^^^^
    |   File "D:\projects\youtube-classifier\backend\.venv\Lib\site-packages\pluggy\_callers.py", line 167, in _multicall
    |     raise exception
    |   File "D:\projects\youtube-classifier\backend\.venv\Lib\site-packages\pluggy\_callers.py", line 139, in _multicall
    |     teardown.throw(exception)
    |     ~~~~~~~~~~~~~~^^^^^^^^^^^
    |   File "D:\projects\youtube-classifier\backend\.venv\Lib\site-packages\pluggy\_callers.py", line 53, in run_old_style_hookwrapper
    |     return result.get_result()
    |            ~~~~~~~~~~~~~~~~~^^
    |   File "D:\projects\youtube-classifier\backend\.venv\Lib\site-packages\pluggy\_result.py", line 103, in get_result
    |     raise exc.with_traceback(tb)
    |   File "D:\projects\youtube-classifier\backend\.venv\Lib\site-packages\pluggy\_callers.py", line 38, in run_old_style_hookwrapper
    |     res = yield
    |           ^^^^^
    |   File "D:\projects\youtube-classifier\backend\.venv\Lib\site-packages\pluggy\_callers.py", line 121, in _multicall
    |     res = hook_impl.function(*args)
    |   File "D:\projects\youtube-classifier\backend\.venv\Lib\site-packages\_pytest\python.py", line 159, in pytest_pyfunc_call
    |     result = testfunction(**testargs)
    |   File "D:\projects\youtube-classifier\backend\.venv\Lib\site-packages\pytest_asyncio\plugin.py", line 1052, in inner
    |     _loop.run_until_complete(task)
    |     ~~~~~~~~~~~~~~~~~~~~~~~~^^^^^^
    |   File "C:\Users\THINKPAD L13\AppData\Local\Programs\Python\Python313\Lib\asyncio\base_events.py", line 725, in run_until_complete
    |     return future.result()
    |            ~~~~~~~~~~~~~^^
    |   File "D:\projects\youtube-classifier\tests\integration\test_users.py", line 131, in test_admin_can_update_status
    |     resp = await admin_client.patch(f"/api/v1/users/{target_id}/status", json={"is_active": False})
    |            ^^^^^^^^^^^^^^^^^^^^^^^^^^^^^^^^^^^^^^^^^^^^^^^^^^^^^^^^^^^^^^^^^^^^^^^^^^^^^^^^^^^^^^^^
    |   File "D:\projects\youtube-classifier\backend\.venv\Lib\site-packages\httpx\_client.py", line 1933, in patch
    |     return await self.request(
    |            ^^^^^^^^^^^^^^^^^^^
    |     ...<13 lines>...
    |     )
    |     ^
    |   File "D:\projects\youtube-classifier\backend\.venv\Lib\site-packages\httpx\_client.py", line 1540, in request
    |     return await self.send(request, auth=auth, follow_redirects=follow_redirects)
    |            ^^^^^^^^^^^^^^^^^^^^^^^^^^^^^^^^^^^^^^^^^^^^^^^^^^^^^^^^^^^^^^^^^^^^^^
    |   File "D:\projects\youtube-classifier\backend\.venv\Lib\site-packages\httpx\_client.py", line 1629, in send
    |     response = await self._send_handling_auth(
    |                ^^^^^^^^^^^^^^^^^^^^^^^^^^^^^^^
    |     ...<4 lines>...
    |     )
    |     ^
    |   File "D:\projects\youtube-classifier\backend\.venv\Lib\site-packages\httpx\_client.py", line 1657, in _send_handling_auth
    |     response = await self._send_handling_redirects(
    |                ^^^^^^^^^^^^^^^^^^^^^^^^^^^^^^^^^^^^
    |     ...<3 lines>...
    |     )
    |     ^
    |   File "D:\projects\youtube-classifier\backend\.venv\Lib\site-packages\httpx\_client.py", line 1694, in _send_handling_redirects
    |     response = await self._send_single_request(request)
    |                ^^^^^^^^^^^^^^^^^^^^^^^^^^^^^^^^^^^^^^^^
    |   File "D:\projects\youtube-classifier\backend\.venv\Lib\site-packages\httpx\_client.py", line 1730, in _send_single_request
    |     response = await transport.handle_async_request(request)
    |                ^^^^^^^^^^^^^^^^^^^^^^^^^^^^^^^^^^^^^^^^^^^^^
    |   File "D:\projects\youtube-classifier\backend\.venv\Lib\site-packages\httpx\_transports\asgi.py", line 170, in handle_async_request
    |     await self.app(scope, receive, send)
    |   File "D:\projects\youtube-classifier\backend\.venv\Lib\site-packages\fastapi\applications.py", line 1054, in __call__
    |     await super().__call__(scope, receive, send)
    |   File "D:\projects\youtube-classifier\backend\.venv\Lib\site-packages\starlette\applications.py", line 113, in __call__
    |     await self.middleware_stack(scope, receive, send)
    |   File "D:\projects\youtube-classifier\backend\.venv\Lib\site-packages\starlette\middleware\errors.py", line 187, in __call__
    |     raise exc
    |   File "D:\projects\youtube-classifier\backend\.venv\Lib\site-packages\starlette\middleware\errors.py", line 165, in __call__
    |     await self.app(scope, receive, _send)
    |   File "D:\projects\youtube-classifier\backend\.venv\Lib\site-packages\prometheus_fastapi_instrumentator\middleware.py", line 174, in __call__
    |     raise exc
    |   File "D:\projects\youtube-classifier\backend\.venv\Lib\site-packages\prometheus_fastapi_instrumentator\middleware.py", line 172, in __call__
    |     await self.app(scope, receive, send_wrapper)
    |   File "D:\projects\youtube-classifier\backend\.venv\Lib\site-packages\starlette\middleware\cors.py", line 85, in __call__
    |     await self.app(scope, receive, send)
    |   File "D:\projects\youtube-classifier\backend\.venv\Lib\site-packages\starlette\middleware\base.py", line 185, in __call__
    |     with collapse_excgroups():
    |          ~~~~~~~~~~~~~~~~~~^^
    |   File "C:\Users\THINKPAD L13\AppData\Local\Programs\Python\Python313\Lib\contextlib.py", line 162, in __exit__
    |     self.gen.throw(value)
    |     ~~~~~~~~~~~~~~^^^^^^^
    |   File "D:\projects\youtube-classifier\backend\.venv\Lib\site-packages\starlette\_utils.py", line 82, in collapse_excgroups
    |     raise exc
    |   File "D:\projects\youtube-classifier\backend\.venv\Lib\site-packages\starlette\middleware\base.py", line 187, in __call__
    |     response = await self.dispatch_func(request, call_next)
    |                ^^^^^^^^^^^^^^^^^^^^^^^^^^^^^^^^^^^^^^^^^^^^
    |   File "D:\projects\youtube-classifier\backend\api\middleware\rate_limiter.py", line 95, in dispatch
    |     response = await call_next(request)
    |                ^^^^^^^^^^^^^^^^^^^^^^^^
    |   File "D:\projects\youtube-classifier\backend\.venv\Lib\site-packages\starlette\middleware\base.py", line 163, in call_next
    |     raise app_exc
    |   File "D:\projects\youtube-classifier\backend\.venv\Lib\site-packages\starlette\middleware\base.py", line 149, in coro
    |     await self.app(scope, receive_or_disconnect, send_no_error)
    |   File "D:\projects\youtube-classifier\backend\.venv\Lib\site-packages\starlette\middleware\gzip.py", line 20, in __call__
    |     await responder(scope, receive, send)
    |   File "D:\projects\youtube-classifier\backend\.venv\Lib\site-packages\starlette\middleware\gzip.py", line 39, in __call__
    |     await self.app(scope, receive, self.send_with_gzip)
    |   File "D:\projects\youtube-classifier\backend\.venv\Lib\site-packages\starlette\middleware\base.py", line 185, in __call__
    |     with collapse_excgroups():
    |          ~~~~~~~~~~~~~~~~~~^^
    |   File "C:\Users\THINKPAD L13\AppData\Local\Programs\Python\Python313\Lib\contextlib.py", line 162, in __exit__
    |     self.gen.throw(value)
    |     ~~~~~~~~~~~~~~^^^^^^^
    |   File "D:\projects\youtube-classifier\backend\.venv\Lib\site-packages\starlette\_utils.py", line 82, in collapse_excgroups
    |     raise exc
    |   File "D:\projects\youtube-classifier\backend\.venv\Lib\site-packages\starlette\middleware\base.py", line 187, in __call__
    |     response = await self.dispatch_func(request, call_next)
    |                ^^^^^^^^^^^^^^^^^^^^^^^^^^^^^^^^^^^^^^^^^^^^
    |   File "D:\projects\youtube-classifier\backend\main.py", line 86, in dispatch
    |     response = await call_next(request)
    |                ^^^^^^^^^^^^^^^^^^^^^^^^
    |   File "D:\projects\youtube-classifier\backend\.venv\Lib\site-packages\starlette\middleware\base.py", line 163, in call_next
    |     raise app_exc
    |   File "D:\projects\youtube-classifier\backend\.venv\Lib\site-packages\starlette\middleware\base.py", line 149, in coro
    |     await self.app(scope, receive_or_disconnect, send_no_error)
    |   File "D:\projects\youtube-classifier\backend\.venv\Lib\site-packages\starlette\middleware\exceptions.py", line 62, in __call__
    |     await wrap_app_handling_exceptions(self.app, conn)(scope, receive, send)
    |   File "D:\projects\youtube-classifier\backend\.venv\Lib\site-packages\starlette\_exception_handler.py", line 53, in wrapped_app
    |     raise exc
    |   File "D:\projects\youtube-classifier\backend\.venv\Lib\site-packages\starlette\_exception_handler.py", line 42, in wrapped_app
    |     await app(scope, receive, sender)
    |   File "D:\projects\youtube-classifier\backend\.venv\Lib\site-packages\starlette\routing.py", line 715, in __call__
    |     await self.middleware_stack(scope, receive, send)
    |   File "D:\projects\youtube-classifier\backend\.venv\Lib\site-packages\starlette\routing.py", line 735, in app
    |     await route.handle(scope, receive, send)
    |   File "D:\projects\youtube-classifier\backend\.venv\Lib\site-packages\starlette\routing.py", line 288, in handle
    |     await self.app(scope, receive, send)
    |   File "D:\projects\youtube-classifier\backend\.venv\Lib\site-packages\starlette\routing.py", line 76, in app
    |     await wrap_app_handling_exceptions(app, request)(scope, receive, send)
    |   File "D:\projects\youtube-classifier\backend\.venv\Lib\site-packages\starlette\_exception_handler.py", line 53, in wrapped_app
    |     raise exc
    |   File "D:\projects\youtube-classifier\backend\.venv\Lib\site-packages\starlette\_exception_handler.py", line 42, in wrapped_app
    |     await app(scope, receive, sender)
    |   File "D:\projects\youtube-classifier\backend\.venv\Lib\site-packages\starlette\routing.py", line 73, in app
    |     response = await f(request)
    |                ^^^^^^^^^^^^^^^^
    |   File "D:\projects\youtube-classifier\backend\.venv\Lib\site-packages\fastapi\routing.py", line 327, in app
    |     content = await serialize_response(
    |               ^^^^^^^^^^^^^^^^^^^^^^^^^
    |     ...<9 lines>...
    |     )
    |     ^
    |   File "D:\projects\youtube-classifier\backend\.venv\Lib\site-packages\fastapi\routing.py", line 176, in serialize_response
    |     raise ResponseValidationError(
    |         errors=_normalize_errors(errors), body=response_content
    |     )
    | fastapi.exceptions.ResponseValidationError: 1 validation errors:
    |   {'type': 'datetime_type', 'loc': ('response', 'created_at'), 'msg': 'Input should be a valid datetime', 'input': None}
    | 
    +------------------------------------

During handling of the above exception, another exception occurred:

self = <tests.integration.test_users.TestAdminUsersRouter object at 0x000001C726ACFAC0>
admin_client = <httpx.AsyncClient object at 0x000001C726D716D0>

    async def test_admin_can_update_status(self, admin_client):
        """An admin can deactivate an account."""
        target_id = str(uuid.uuid4())
>       resp = await admin_client.patch(f"/api/v1/users/{target_id}/status", json={"is_active": False})

tests\integration\test_users.py:131: 
_ _ _ _ _ _ _ _ _ _ _ _ _ _ _ _ _ _ _ _ _ _ _ _ _ _ _ _ _ _ _ _ _ _ _ _ _ _ _ _
backend\.venv\Lib\site-packages\httpx\_client.py:1933: in patch
    return await self.request(
backend\.venv\Lib\site-packages\httpx\_client.py:1540: in request
    return await self.send(request, auth=auth, follow_redirects=follow_redirects)
backend\.venv\Lib\site-packages\httpx\_client.py:1629: in send
    response = await self._send_handling_auth(
backend\.venv\Lib\site-packages\httpx\_client.py:1657: in _send_handling_auth
    response = await self._send_handling_redirects(
backend\.venv\Lib\site-packages\httpx\_client.py:1694: in _send_handling_redirects
    response = await self._send_single_request(request)
backend\.venv\Lib\site-packages\httpx\_client.py:1730: in _send_single_request
    response = await transport.handle_async_request(request)
backend\.venv\Lib\site-packages\httpx\_transports\asgi.py:170: in handle_async_request
    await self.app(scope, receive, send)
backend\.venv\Lib\site-packages\fastapi\applications.py:1054: in __call__
    await super().__call__(scope, receive, send)
backend\.venv\Lib\site-packages\starlette\applications.py:113: in __call__
    await self.middleware_stack(scope, receive, send)
backend\.venv\Lib\site-packages\starlette\middleware\errors.py:187: in __call__
    raise exc
backend\.venv\Lib\site-packages\starlette\middleware\errors.py:165: in __call__
    await self.app(scope, receive, _send)
backend\.venv\Lib\site-packages\prometheus_fastapi_instrumentator\middleware.py:174: in __call__
    raise exc
backend\.venv\Lib\site-packages\prometheus_fastapi_instrumentator\middleware.py:172: in __call__
    await self.app(scope, receive, send_wrapper)
backend\.venv\Lib\site-packages\starlette\middleware\cors.py:85: in __call__
    await self.app(scope, receive, send)
backend\.venv\Lib\site-packages\starlette\middleware\base.py:185: in __call__
    with collapse_excgroups():
C:\Users\THINKPAD L13\AppData\Local\Programs\Python\Python313\Lib\contextlib.py:162: in __exit__
    self.gen.throw(value)
backend\.venv\Lib\site-packages\starlette\_utils.py:82: in collapse_excgroups
    raise exc
backend\.venv\Lib\site-packages\starlette\middleware\base.py:187: in __call__
    response = await self.dispatch_func(request, call_next)
backend\api\middleware\rate_limiter.py:95: in dispatch
    response = await call_next(request)
backend\.venv\Lib\site-packages\starlette\middleware\base.py:163: in call_next
    raise app_exc
backend\.venv\Lib\site-packages\starlette\middleware\base.py:149: in coro
    await self.app(scope, receive_or_disconnect, send_no_error)
backend\.venv\Lib\site-packages\starlette\middleware\gzip.py:20: in __call__
    await responder(scope, receive, send)
backend\.venv\Lib\site-packages\starlette\middleware\gzip.py:39: in __call__
    await self.app(scope, receive, self.send_with_gzip)
backend\.venv\Lib\site-packages\starlette\middleware\base.py:185: in __call__
    with collapse_excgroups():
C:\Users\THINKPAD L13\AppData\Local\Programs\Python\Python313\Lib\contextlib.py:162: in __exit__
    self.gen.throw(value)
backend\.venv\Lib\site-packages\starlette\_utils.py:82: in collapse_excgroups
    raise exc
backend\.venv\Lib\site-packages\starlette\middleware\base.py:187: in __call__
    response = await self.dispatch_func(request, call_next)
backend\main.py:86: in dispatch
    response = await call_next(request)
backend\.venv\Lib\site-packages\starlette\middleware\base.py:163: in call_next
    raise app_exc
backend\.venv\Lib\site-packages\starlette\middleware\base.py:149: in coro
    await self.app(scope, receive_or_disconnect, send_no_error)
backend\.venv\Lib\site-packages\starlette\middleware\exceptions.py:62: in __call__
    await wrap_app_handling_exceptions(self.app, conn)(scope, receive, send)
backend\.venv\Lib\site-packages\starlette\_exception_handler.py:53: in wrapped_app
    raise exc
backend\.venv\Lib\site-packages\starlette\_exception_handler.py:42: in wrapped_app
    await app(scope, receive, sender)
backend\.venv\Lib\site-packages\starlette\routing.py:715: in __call__
    await self.middleware_stack(scope, receive, send)
backend\.venv\Lib\site-packages\starlette\routing.py:735: in app
    await route.handle(scope, receive, send)
backend\.venv\Lib\site-packages\starlette\routing.py:288: in handle
    await self.app(scope, receive, send)
backend\.venv\Lib\site-packages\starlette\routing.py:76: in app
    await wrap_app_handling_exceptions(app, request)(scope, receive, send)
backend\.venv\Lib\site-packages\starlette\_exception_handler.py:53: in wrapped_app
    raise exc
backend\.venv\Lib\site-packages\starlette\_exception_handler.py:42: in wrapped_app
    await app(scope, receive, sender)
backend\.venv\Lib\site-packages\starlette\routing.py:73: in app
    response = await f(request)
backend\.venv\Lib\site-packages\fastapi\routing.py:327: in app
    content = await serialize_response(
_ _ _ _ _ _ _ _ _ _ _ _ _ _ _ _ _ _ _ _ _ _ _ _ _ _ _ _ _ _ _ _ _ _ _ _ _ _ _ _

    async def serialize_response(
        *,
        field: Optional[ModelField] = None,
        response_content: Any,
        include: Optional[IncEx] = None,
        exclude: Optional[IncEx] = None,
        by_alias: bool = True,
        exclude_unset: bool = False,
        exclude_defaults: bool = False,
        exclude_none: bool = False,
        is_coroutine: bool = True,
    ) -> Any:
        if field:
            errors = []
            if not hasattr(field, "serialize"):
                # pydantic v1
                response_content = _prepare_response_content(
                    response_content,
                    exclude_unset=exclude_unset,
                    exclude_defaults=exclude_defaults,
                    exclude_none=exclude_none,
                )
            if is_coroutine:
                value, errors_ = field.validate(response_content, {}, loc=("response",))
            else:
                value, errors_ = await run_in_threadpool(
                    field.validate, response_content, {}, loc=("response",)
                )
            if isinstance(errors_, list):
                errors.extend(errors_)
            elif errors_:
                errors.append(errors_)
            if errors:
>               raise ResponseValidationError(
                    errors=_normalize_errors(errors), body=response_content
                )
E               fastapi.exceptions.ResponseValidationError: 1 validation errors:
E                 {'type': 'datetime_type', 'loc': ('response', 'created_at'), 'msg': 'Input should be a valid datetime', 'input': None}

backend\.venv\Lib\site-packages\fastapi\routing.py:176: ResponseValidationError
---------------------------- Captured stderr call -----------------------------
2026-03-02 00:42:07.412 | ERROR    | main:global_exception_handler:165 - Unhandled error on http://test/api/v1/users/40951a6c-2303-456f-8610-0a083b8c98ca/status: 1 validation errors:\n  {'type': 'datetime_type', 'loc': ('response', 'created_at'), 'msg': 'Input should be a valid datetime', 'input': None}\n\n  + Exception Group Traceback (most recent call last):\n  |\n  |   File "D:\\projects\\youtube-classifier\\backend\\.venv\\Lib\\site-packages\\starlette\\_utils.py", line 76, in collapse_excgroups\n  |     yield\n  |   File "D:\\projects\\youtube-classifier\\backend\\.venv\\Lib\\site-packages\\starlette\\middleware\\base.py", line 186, in __call__\n  |     async with anyio.create_task_group() as task_group:\n  |                \u2502     \u2502                      \u2514 <anyio._backends._asyncio.TaskGroup object at 0x000001C727D3CA50>\n  |                \u2502     \u2514 <function create_task_group at 0x000001C71F2365C0>\n  |                \u2514 <module 'anyio' from 'D:\\\\projects\\\\youtube-classifier\\\\backend\\\\.venv\\\\Lib\\\\site-packages\\\\anyio\\\\__init__.py'>\n  |   File "D:\\projects\\youtube-classifier\\backend\\.venv\\Lib\\site-packages\\anyio\\_backends\\_asyncio.py", line 783, in __aexit__\n  |     raise BaseExceptionGroup(\n  |\n  | ExceptionGroup: unhandled errors in a TaskGroup (1 sub-exception)\n  +-+---------------- 1 ----------------\n    | Traceback (most recent call last):\n    |\n    |   File "D:\\projects\\youtube-classifier\\backend\\.venv\\Lib\\site-packages\\starlette\\middleware\\errors.py", line 165, in __call__\n    |     await self.app(scope, receive, _send)\n    |           \u2502    \u2502   \u2502      \u2502        \u2514 <function ServerErrorMiddleware.__call__.<locals>._send at 0x000001C7273E8220>\n    |           \u2502    \u2502   \u2502      \u2514 <function ASGITransport.handle_async_request.<locals>.receive at 0x000001C72733E980>\n    |           \u2502    \u2502   \u2514 {'type': 'http', 'asgi': {'version': '3.0'}, 'http_version': '1.1', 'method': 'PATCH', 'headers': [(b'host', b'test'), (b'acc...\n    |           \u2502    \u2514 <prometheus_fastapi_instrumentator.middleware.PrometheusInstrumentatorMiddleware object at 0x000001C726D38D70>\n    |           \u2514 <starlette.middleware.errors.ServerErrorMiddleware object at 0x000001C726D39400>\n    |   File "D:\\projects\\youtube-classifier\\backend\\.venv\\Lib\\site-packages\\prometheus_fastapi_instrumentator\\middleware.py", line 174, in __call__\n    |     raise exc\n    |   File "D:\\projects\\youtube-classifier\\backend\\.venv\\Lib\\site-packages\\prometheus_fastapi_instrumentator\\middleware.py", line 172, in __call__\n    |     await self.app(scope, receive, send_wrapper)\n    |           \u2502    \u2502   \u2502      \u2502        \u2514 <function PrometheusInstrumentatorMiddleware.__call__.<locals>.send_wrapper at 0x000001C7273E99E0>\n    |           \u2502    \u2502   \u2502      \u2514 <function ASGITransport.handle_async_request.<locals>.receive at 0x000001C72733E980>\n    |           \u2502    \u2502   \u2514 {'type': 'http', 'asgi': {'version': '3.0'}, 'http_version': '1.1', 'method': 'PATCH', 'headers': [(b'host', b'test'), (b'acc...\n    |           \u2502    \u2514 <starlette.middleware.cors.CORSMiddleware object at 0x000001C726D38C20>\n    |           \u2514 <prometheus_fastapi_instrumentator.middleware.PrometheusInstrumentatorMiddleware object at 0x000001C726D38D70>\n    |   File "D:\\projects\\youtube-classifier\\backend\\.venv\\Lib\\site-packages\\starlette\\middleware\\cors.py", line 85, in __call__\n    |     await self.app(scope, receive, send)\n    |           \u2502    \u2502   \u2502      \u2502        \u2514 <function PrometheusInstrumentatorMiddleware.__call__.<locals>.send_wrapper at 0x000001C7273E99E0>\n    |           \u2502    \u2502   \u2502      \u2514 <function ASGITransport.handle_async_request.<locals>.receive at 0x000001C72733E980>\n    |           \u2502    \u2502   \u2514 {'type': 'http', 'asgi': {'version': '3.0'}, 'http_version': '1.1', 'method': 'PATCH', 'headers': [(b'host', b'test'), (b'acc...\n    |           \u2502    \u2514 <api.middleware.rate_limiter.RateLimiterMiddleware object at 0x000001C726D38AD0>\n    |           \u2514 <starlette.middleware.cors.CORSMiddleware object at 0x000001C726D38C20>\n    |   File "D:\\projects\\youtube-classifier\\backend\\.venv\\Lib\\site-packages\\starlette\\middleware\\base.py", line 185, in __call__\n    |     with collapse_excgroups():\n    |          \u2514 <function collapse_excgroups at 0x000001C7227F8C20>\n    |   File "C:\\Users\\THINKPAD L13\\AppData\\Local\\Programs\\Python\\Python313\\Lib\\contextlib.py", line 162, in __exit__\n    |     self.gen.throw(value)\n    |     \u2502    \u2502   \u2502     \u2514 ExceptionGroup('unhandled errors in a TaskGroup', [ResponseValidationError()])\n    |     \u2502    \u2502   \u2514 <method 'throw' of 'generator' objects>\n    |     \u2502    \u2514 <generator object collapse_excgroups at 0x000001C72717BC60>\n    |     \u2514 <contextlib._GeneratorContextManager object at 0x000001C72735BAF0>\n    |   File "D:\\projects\\youtube-classifier\\backend\\.venv\\Lib\\site-packages\\starlette\\_utils.py", line 82, in collapse_excgroups\n    |     raise exc\n    |   File "D:\\projects\\youtube-classifier\\backend\\.venv\\Lib\\site-packages\\starlette\\middleware\\base.py", line 187, in __call__\n    |     response = await self.dispatch_func(request, call_next)\n    |                      \u2502    \u2502             \u2502        \u2514 <function BaseHTTPMiddleware.__call__.<locals>.call_next at 0x000001C7273E9B20>\n    |                      \u2502    \u2502             \u2514 <starlette.middleware.base._CachedRequest object at 0x000001C727197E30>\n    |                      \u2502    \u2514 <bound method RateLimiterMiddleware.dispatch of <api.middleware.rate_limiter.RateLimiterMiddleware object at 0x000001C726D38A...\n    |                      \u2514 <api.middleware.rate_limiter.RateLimiterMiddleware object at 0x000001C726D38AD0>\n    |\n    |   File "D:\\projects\\youtube-classifier\\backend\\api\\middleware\\rate_limiter.py", line 95, in dispatch\n    |     response = await call_next(request)\n    |                      \u2502         \u2514 <starlette.middleware.base._CachedRequest object at 0x000001C727197E30>\n    |                      \u2514 <function BaseHTTPMiddleware.__call__.<locals>.call_next at 0x000001C7273E9B20>\n    |\n    |   File "D:\\projects\\youtube-classifier\\backend\\.venv\\Lib\\site-packages\\starlette\\middleware\\base.py", line 163, in call_next\n    |     raise app_exc\n    |           \u2514 ResponseValidationError()\n    |   File "D:\\projects\\youtube-classifier\\backend\\.venv\\Lib\\site-packages\\starlette\\middleware\\base.py", line 149, in coro\n    |     await self.app(scope, receive_or_disconnect, send_no_error)\n    |           \u2502    \u2502   \u2502      \u2502                      \u2514 <function BaseHTTPMiddleware.__call__.<locals>.call_next.<locals>.send_no_error at 0x000001C7273E9DA0>\n    |           \u2502    \u2502   \u2502      \u2514 <function BaseHTTPMiddleware.__call__.<locals>.call_next.<locals>.receive_or_disconnect at 0x000001C7273E9C60>\n    |           \u2502    \u2502   \u2514 {'type': 'http', 'asgi': {'version': '3.0'}, 'http_version': '1.1', 'method': 'PATCH', 'headers': [(b'host', b'test'), (b'acc...\n    |           \u2502    \u2514 <starlette.middleware.gzip.GZipMiddleware object at 0x000001C726D38980>\n    |           \u2514 <api.middleware.rate_limiter.RateLimiterMiddleware object at 0x000001C726D38AD0>\n    |   File "D:\\projects\\youtube-classifier\\backend\\.venv\\Lib\\site-packages\\starlette\\middleware\\gzip.py", line 20, in __call__\n    |     await responder(scope, receive, send)\n    |           \u2502         \u2502      \u2502        \u2514 <function BaseHTTPMiddleware.__call__.<locals>.call_next.<locals>.send_no_error at 0x000001C7273E9DA0>\n    |           \u2502         \u2502      \u2514 <function BaseHTTPMiddleware.__call__.<locals>.call_next.<locals>.receive_or_disconnect at 0x000001C7273E9C60>\n    |           \u2502         \u2514 {'type': 'http', 'asgi': {'version': '3.0'}, 'http_version': '1.1', 'method': 'PATCH', 'headers': [(b'host', b'test'), (b'acc...\n    |           \u2514 <starlette.middleware.gzip.GZipResponder object at 0x000001C7273B44D0>\n    |   File "D:\\projects\\youtube-classifier\\backend\\.venv\\Lib\\site-packages\\starlette\\middleware\\gzip.py", line 39, in __call__\n    |     await self.app(scope, receive, self.send_with_gzip)\n    |           \u2502    \u2502   \u2502      \u2502        \u2502    \u2514 <function GZipResponder.send_with_gzip at 0x000001C723A1FCE0>\n    |           \u2502    \u2502   \u2502      \u2502        \u2514 <starlette.middleware.gzip.GZipResponder object at 0x000001C7273B44D0>\n    |           \u2502    \u2502   \u2502      \u2514 <function BaseHTTPMiddleware.__call__.<locals>.call_next.<locals>.receive_or_disconnect at 0x000001C7273E9C60>\n    |           \u2502    \u2502   \u2514 {'type': 'http', 'asgi': {'version': '3.0'}, 'http_version': '1.1', 'method': 'PATCH', 'headers': [(b'host', b'test'), (b'acc...\n    |           \u2502    \u2514 <main.create_app.<locals>.CorrelationIDMiddleware object at 0x000001C726D38830>\n    |           \u2514 <starlette.middleware.gzip.GZipResponder object at 0x000001C7273B44D0>\n    |   File "D:\\projects\\youtube-classifier\\backend\\.venv\\Lib\\site-packages\\starlette\\middleware\\base.py", line 185, in __call__\n    |     with collapse_excgroups():\n    |          \u2514 <function collapse_excgroups at 0x000001C7227F8C20>\n    |   File "C:\\Users\\THINKPAD L13\\AppData\\Local\\Programs\\Python\\Python313\\Lib\\contextlib.py", line 162, in __exit__\n    |     self.gen.throw(value)\n    |     \u2502    \u2502   \u2502     \u2514 ExceptionGroup('unhandled errors in a TaskGroup', [ResponseValidationError()])\n    |     \u2502    \u2502   \u2514 <method 'throw' of 'generator' objects>\n    |     \u2502    \u2514 <generator object collapse_excgroups at 0x000001C726C51B10>\n    |     \u2514 <contextlib._GeneratorContextManager object at 0x000001C72735AC80>\n    |   File "D:\\projects\\youtube-classifier\\backend\\.venv\\Lib\\site-packages\\starlette\\_utils.py", line 82, in collapse_excgroups\n    |     raise exc\n    |   File "D:\\projects\\youtube-classifier\\backend\\.venv\\Lib\\site-packages\\starlette\\middleware\\base.py", line 187, in __call__\n    |     response = await self.dispatch_func(request, call_next)\n    |                      \u2502    \u2502             \u2502        \u2514 <function BaseHTTPMiddleware.__call__.<locals>.call_next at 0x000001C7273E96C0>\n    |                      \u2502    \u2502             \u2514 <starlette.middleware.base._CachedRequest object at 0x000001C727BD8230>\n    |                      \u2502    \u2514 <bound method create_app.<locals>.CorrelationIDMiddleware.dispatch of <main.create_app.<locals>.CorrelationIDMiddleware objec...\n    |                      \u2514 <main.create_app.<locals>.CorrelationIDMiddleware object at 0x000001C726D38830>\n    |\n    |   File "D:\\projects\\youtube-classifier\\backend\\main.py", line 86, in dispatch\n    |     response = await call_next(request)\n    |                      \u2502         \u2514 <starlette.middleware.base._CachedRequest object at 0x000001C727BD8230>\n    |                      \u2514 <function BaseHTTPMiddleware.__call__.<locals>.call_next at 0x000001C7273E96C0>\n    |\n    |   File "D:\\projects\\youtube-classifier\\backend\\.venv\\Lib\\site-packages\\starlette\\middleware\\base.py", line 163, in call_next\n    |     raise app_exc\n    |           \u2514 ResponseValidationError()\n    |   File "D:\\projects\\youtube-classifier\\backend\\.venv\\Lib\\site-packages\\starlette\\middleware\\base.py", line 149, in coro\n    |     await self.app(scope, receive_or_disconnect, send_no_error)\n    |           \u2502    \u2502   \u2502      \u2502                      \u2514 <function BaseHTTPMiddleware.__call__.<locals>.call_next.<locals>.send_no_error at 0x000001C7273E8F40>\n    |           \u2502    \u2502   \u2502      \u2514 <function BaseHTTPMiddleware.__call__.<locals>.call_next.<locals>.receive_or_disconnect at 0x000001C7273E9300>\n    |           \u2502    \u2502   \u2514 {'type': 'http', 'asgi': {'version': '3.0'}, 'http_version': '1.1', 'method': 'PATCH', 'headers': [(b'host', b'test'), (b'acc...\n    |           \u2502    \u2514 <starlette.middleware.exceptions.ExceptionMiddleware object at 0x000001C726D386E0>\n    |           \u2514 <main.create_app.<locals>.CorrelationIDMiddleware object at 0x000001C726D38830>\n    |   File "D:\\projects\\youtube-classifier\\backend\\.venv\\Lib\\site-packages\\starlette\\middleware\\exceptions.py", line 62, in __call__\n    |     await wrap_app_handling_exceptions(self.app, conn)(scope, receive, send)\n    |           \u2502                            \u2502    \u2502    \u2502     \u2502      \u2502        \u2514 <function BaseHTTPMiddleware.__call__.<locals>.call_next.<locals>.send_no_error at 0x000001C7273E8F40>\n    |           \u2502                            \u2502    \u2502    \u2502     \u2502      \u2514 <function BaseHTTPMiddleware.__call__.<locals>.call_next.<locals>.receive_or_disconnect at 0x000001C7273E9300>\n    |           \u2502                            \u2502    \u2502    \u2502     \u2514 {'type': 'http', 'asgi': {'version': '3.0'}, 'http_version': '1.1', 'method': 'PATCH', 'headers': [(b'host', b'test'), (b'acc...\n    |           \u2502                            \u2502    \u2502    \u2514 <starlette.requests.Request object at 0x000001C726C7B8B0>\n    |           \u2502                            \u2502    \u2514 <fastapi.routing.APIRouter object at 0x000001C726BA7650>\n    |           \u2502                            \u2514 <starlette.middleware.exceptions.ExceptionMiddleware object at 0x000001C726D386E0>\n    |           \u2514 <function wrap_app_handling_exceptions at 0x000001C722767F60>\n    |   File "D:\\projects\\youtube-classifier\\backend\\.venv\\Lib\\site-packages\\starlette\\_exception_handler.py", line 53, in wrapped_app\n    |     raise exc\n    |   File "D:\\projects\\youtube-classifier\\backend\\.venv\\Lib\\site-packages\\starlette\\_exception_handler.py", line 42, in wrapped_app\n    |     await app(scope, receive, sender)\n    |           \u2502   \u2502      \u2502        \u2514 <function wrap_app_handling_exceptions.<locals>.wrapped_app.<locals>.sender at 0x000001C7273E82C0>\n    |           \u2502   \u2502      \u2514 <function BaseHTTPMiddleware.__call__.<locals>.call_next.<locals>.receive_or_disconnect at 0x000001C7273E9300>\n    |           \u2502   \u2514 {'type': 'http', 'asgi': {'version': '3.0'}, 'http_version': '1.1', 'method': 'PATCH', 'headers': [(b'host', b'test'), (b'acc...\n    |           \u2514 <fastapi.routing.APIRouter object at 0x000001C726BA7650>\n    |   File "D:\\projects\\youtube-classifier\\backend\\.venv\\Lib\\site-packages\\starlette\\routing.py", line 715, in __call__\n    |     await self.middleware_stack(scope, receive, send)\n    |           \u2502    \u2502                \u2502      \u2502        \u2514 <function wrap_app_handling_exceptions.<locals>.wrapped_app.<locals>.sender at 0x000001C7273E82C0>\n    |           \u2502    \u2502                \u2502      \u2514 <function BaseHTTPMiddleware.__call__.<locals>.call_next.<locals>.receive_or_disconnect at 0x000001C7273E9300>\n    |           \u2502    \u2502                \u2514 {'type': 'http', 'asgi': {'version': '3.0'}, 'http_version': '1.1', 'method': 'PATCH', 'headers': [(b'host', b'test'), (b'acc...\n    |           \u2502    \u2514 <bound method Router.app of <fastapi.routing.APIRouter object at 0x000001C726BA7650>>\n    |           \u2514 <fastapi.routing.APIRouter object at 0x000001C726BA7650>\n    |   File "D:\\projects\\youtube-classifier\\backend\\.venv\\Lib\\site-packages\\starlette\\routing.py", line 735, in app\n    |     await route.handle(scope, receive, send)\n    |           \u2502     \u2502      \u2502      \u2502        \u2514 <function wrap_app_handling_exceptions.<locals>.wrapped_app.<locals>.sender at 0x000001C7273E82C0>\n    |           \u2502     \u2502      \u2502      \u2514 <function BaseHTTPMiddleware.__call__.<locals>.call_next.<locals>.receive_or_disconnect at 0x000001C7273E9300>\n    |           \u2502     \u2502      \u2514 {'type': 'http', 'asgi': {'version': '3.0'}, 'http_version': '1.1', 'method': 'PATCH', 'headers': [(b'host', b'test'), (b'acc...\n    |           \u2502     \u2514 <function Route.handle at 0x000001C7227296C0>\n    |           \u2514 APIRoute(path='/api/v1/users/{user_id}/status', name='update_user_status', methods=['PATCH'])\n    |   File "D:\\projects\\youtube-classifier\\backend\\.venv\\Lib\\site-packages\\starlette\\routing.py", line 288, in handle\n    |     await self.app(scope, receive, send)\n    |           \u2502    \u2502   \u2502      \u2502        \u2514 <function wrap_app_handling_exceptions.<locals>.wrapped_app.<locals>.sender at 0x000001C7273E82C0>\n    |           \u2502    \u2502   \u2502      \u2514 <function BaseHTTPMiddleware.__call__.<locals>.call_next.<locals>.receive_or_disconnect at 0x000001C7273E9300>\n    |           \u2502    \u2502   \u2514 {'type': 'http', 'asgi': {'version': '3.0'}, 'http_version': '1.1', 'method': 'PATCH', 'headers': [(b'host', b'test'), (b'acc...\n    |           \u2502    \u2514 <function request_response.<locals>.app at 0x000001C726C39A80>\n    |           \u2514 APIRoute(path='/api/v1/users/{user_id}/status', name='update_user_status', methods=['PATCH'])\n    |   File "D:\\projects\\youtube-classifier\\backend\\.venv\\Lib\\site-packages\\starlette\\routing.py", line 76, in app\n    |     await wrap_app_handling_exceptions(app, request)(scope, receive, send)\n    |           \u2502                            \u2502    \u2502        \u2502      \u2502        \u2514 <function wrap_app_handling_exceptions.<locals>.wrapped_app.<locals>.sender at 0x000001C7273E82C0>\n    |           \u2502                            \u2502    \u2502        \u2502      \u2514 <function BaseHTTPMiddleware.__call__.<locals>.call_next.<locals>.receive_or_disconnect at 0x000001C7273E9300>\n    |           \u2502                            \u2502    \u2502        \u2514 {'type': 'http', 'asgi': {'version': '3.0'}, 'http_version': '1.1', 'method': 'PATCH', 'headers': [(b'host', b'test'), (b'acc...\n    |           \u2502                            \u2502    \u2514 <starlette.requests.Request object at 0x000001C72719D7B0>\n    |           \u2502                            \u2514 <function request_response.<locals>.app.<locals>.app at 0x000001C7273E8A40>\n    |           \u2514 <function wrap_app_handling_exceptions at 0x000001C722767F60>\n    |   File "D:\\projects\\youtube-classifier\\backend\\.venv\\Lib\\site-packages\\starlette\\_exception_handler.py", line 53, in wrapped_app\n    |     raise exc\n    |   File "D:\\projects\\youtube-classifier\\backend\\.venv\\Lib\\site-packages\\starlette\\_exception_handler.py", line 42, in wrapped_app\n    |     await app(scope, receive, sender)\n    |           \u2502   \u2502      \u2502        \u2514 <function wrap_app_handling_exceptions.<locals>.wrapped_app.<locals>.sender at 0x000001C7273E98A0>\n    |           \u2502   \u2502      \u2514 <function BaseHTTPMiddleware.__call__.<locals>.call_next.<locals>.receive_or_disconnect at 0x000001C7273E9300>\n    |           \u2502   \u2514 {'type': 'http', 'asgi': {'version': '3.0'}, 'http_version': '1.1', 'method': 'PATCH', 'headers': [(b'host', b'test'), (b'acc...\n    |           \u2514 <function request_response.<locals>.app.<locals>.app at 0x000001C7273E8A40>\n    |   File "D:\\projects\\youtube-classifier\\backend\\.venv\\Lib\\site-packages\\starlette\\routing.py", line 73, in app\n    |     response = await f(request)\n    |                      \u2502 \u2514 <starlette.requests.Request object at 0x000001C72719D7B0>\n    |                      \u2514 <function get_request_handler.<locals>.app at 0x000001C726C39940>\n    |   File "D:\\projects\\youtube-classifier\\backend\\.venv\\Lib\\site-packages\\fastapi\\routing.py", line 327, in app\n    |     content = await serialize_response(\n    |                     \u2514 <function serialize_response at 0x000001C722767600>\n    |   File "D:\\projects\\youtube-classifier\\backend\\.venv\\Lib\\site-packages\\fastapi\\routing.py", line 176, in serialize_response\n    |     raise ResponseValidationError(\n    |           \u2514 <class 'fastapi.exceptions.ResponseValidationError'>\n    |\n    | fastapi.exceptions.ResponseValidationError: 1 validation errors:\n    |   {'type': 'datetime_type', 'loc': ('response', 'created_at'), 'msg': 'Input should be a valid datetime', 'input': None}\n    |\n    +------------------------------------\n\n\nDuring handling of the above exception, another exception occurred:\n\n\nTraceback (most recent call last):\n\n  File "<frozen runpy>", line 198, in _run_module_as_main\n  File "<frozen runpy>", line 88, in _run_code\n\n  File "D:\\projects\\youtube-classifier\\backend\\.venv\\Scripts\\pytest.exe\\__main__.py", line 5, in <module>\n\n  File "D:\\projects\\youtube-classifier\\backend\\.venv\\Lib\\site-packages\\_pytest\\config\\__init__.py", line 201, in console_main\n    code = main()\n           \u2514 <function main at 0x000001C71EDD94E0>\n  File "D:\\projects\\youtube-classifier\\backend\\.venv\\Lib\\site-packages\\_pytest\\config\\__init__.py", line 175, in main\n    ret: ExitCode | int = config.hook.pytest_cmdline_main(config=config)\n         \u2502                \u2502      \u2502    \u2502                          \u2514 <_pytest.config.Config object at 0x000001C71F069D30>\n         \u2502                \u2502      \u2502    \u2514 <HookCaller 'pytest_cmdline_main'>\n         \u2502                \u2502      \u2514 <_pytest.config.compat.PathAwareHookProxy object at 0x000001C71F06A270>\n         \u2502                \u2514 <_pytest.config.Config object at 0x000001C71F069D30>\n         \u2514 <enum 'ExitCode'>\n  File "D:\\projects\\youtube-classifier\\backend\\.venv\\Lib\\site-packages\\pluggy\\_hooks.py", line 512, in __call__\n    return self._hookexec(self.name, self._hookimpls.copy(), kwargs, firstresult)\n           \u2502    \u2502         \u2502    \u2502     \u2502    \u2502                  \u2502       \u2514 True\n           \u2502    \u2502         \u2502    \u2502     \u2502    \u2502                  \u2514 {'config': <_pytest.config.Config object at 0x000001C71F069D30>}\n           \u2502    \u2502         \u2502    \u2502     \u2502    \u2514 <member '_hookimpls' of 'HookCaller' objects>\n           \u2502    \u2502         \u2502    \u2502     \u2514 <HookCaller 'pytest_cmdline_main'>\n           \u2502    \u2502         \u2502    \u2514 <member 'name' of 'HookCaller' objects>\n           \u2502    \u2502         \u2514 <HookCaller 'pytest_cmdline_main'>\n           \u2502    \u2514 <member '_hookexec' of 'HookCaller' objects>\n           \u2514 <HookCaller 'pytest_cmdline_main'>\n  File "D:\\projects\\youtube-classifier\\backend\\.venv\\Lib\\site-packages\\pluggy\\_manager.py", line 120, in _hookexec\n    return self._inner_hookexec(hook_name, methods, kwargs, firstresult)\n           \u2502    \u2502               \u2502          \u2502        \u2502       \u2514 True\n           \u2502    \u2502               \u2502          \u2502        \u2514 {'config': <_pytest.config.Config object at 0x000001C71F069D30>}\n           \u2502    \u2502               \u2502          \u2514 [<HookImpl plugin_name='main', plugin=<module '_pytest.main' from 'D:\\\\projects\\\\youtube-classifier\\\\backend\\\\.venv\\\\Lib\\\\sit...\n           \u2502    \u2502               \u2514 'pytest_cmdline_main'\n           \u2502    \u2514 <function _multicall at 0x000001C71E7A4F40>\n           \u2514 <_pytest.config.PytestPluginManager object at 0x000001C71EF07770>\n  File "D:\\projects\\youtube-classifier\\backend\\.venv\\Lib\\site-packages\\pluggy\\_callers.py", line 121, in _multicall\n    res = hook_impl.function(*args)\n          \u2502         \u2502         \u2514 [<_pytest.config.Config object at 0x000001C71F069D30>]\n          \u2502         \u2514 <member 'function' of 'HookImpl' objects>\n          \u2514 <HookImpl plugin_name='main', plugin=<module '_pytest.main' from 'D:\\\\projects\\\\youtube-classifier\\\\backend\\\\.venv\\\\Lib\\\\site...\n  File "D:\\projects\\youtube-classifier\\backend\\.venv\\Lib\\site-packages\\_pytest\\main.py", line 330, in pytest_cmdline_main\n    return wrap_session(config, _main)\n           \u2502            \u2502       \u2514 <function _main at 0x000001C71EE62DE0>\n           \u2502            \u2514 <_pytest.config.Config object at 0x000001C71F069D30>\n           \u2514 <function wrap_session at 0x000001C71EE62CA0>\n  File "D:\\projects\\youtube-classifier\\backend\\.venv\\Lib\\site-packages\\_pytest\\main.py", line 283, in wrap_session\n    session.exitstatus = doit(config, session) or 0\n    \u2502       \u2502            \u2502    \u2502       \u2514 <Session  exitstatus=<ExitCode.OK: 0> testsfailed=2 testscollected=6>\n    \u2502       \u2502            \u2502    \u2514 <_pytest.config.Config object at 0x000001C71F069D30>\n    \u2502       \u2502            \u2514 <function _main at 0x000001C71EE62DE0>\n    \u2502       \u2514 <ExitCode.OK: 0>\n    \u2514 <Session  exitstatus=<ExitCode.OK: 0> testsfailed=2 testscollected=6>\n  File "D:\\projects\\youtube-classifier\\backend\\.venv\\Lib\\site-packages\\_pytest\\main.py", line 337, in _main\n    config.hook.pytest_runtestloop(session=session)\n    \u2502      \u2502    \u2502                          \u2514 <Session  exitstatus=<ExitCode.OK: 0> testsfailed=2 testscollected=6>\n    \u2502      \u2502    \u2514 <HookCaller 'pytest_runtestloop'>\n    \u2502      \u2514 <_pytest.config.compat.PathAwareHookProxy object at 0x000001C71F06A270>\n    \u2514 <_pytest.config.Config object at 0x000001C71F069D30>\n  File "D:\\projects\\youtube-classifier\\backend\\.venv\\Lib\\site-packages\\pluggy\\_hooks.py", line 512, in __call__\n    return self._hookexec(self.name, self._hookimpls.copy(), kwargs, firstresult)\n           \u2502    \u2502         \u2502    \u2502     \u2502    \u2502                  \u2502       \u2514 True\n           \u2502    \u2502         \u2502    \u2502     \u2502    \u2502                  \u2514 {'session': <Session  exitstatus=<ExitCode.OK: 0> testsfailed=2 testscollected=6>}\n           \u2502    \u2502         \u2502    \u2502     \u2502    \u2514 <member '_hookimpls' of 'HookCaller' objects>\n           \u2502    \u2502         \u2502    \u2502     \u2514 <HookCaller 'pytest_runtestloop'>\n           \u2502    \u2502         \u2502    \u2514 <member 'name' of 'HookCaller' objects>\n           \u2502    \u2502         \u2514 <HookCaller 'pytest_runtestloop'>\n           \u2502    \u2514 <member '_hookexec' of 'HookCaller' objects>\n           \u2514 <HookCaller 'pytest_runtestloop'>\n  File "D:\\projects\\youtube-classifier\\backend\\.venv\\Lib\\site-packages\\pluggy\\_manager.py", line 120, in _hookexec\n    return self._inner_hookexec(hook_name, methods, kwargs, firstresult)\n           \u2502    \u2502               \u2502          \u2502        \u2502       \u2514 True\n           \u2502    \u2502               \u2502          \u2502        \u2514 {'session': <Session  exitstatus=<ExitCode.OK: 0> testsfailed=2 testscollected=6>}\n           \u2502    \u2502               \u2502          \u2514 [<HookImpl plugin_name='main', plugin=<module '_pytest.main' from 'D:\\\\projects\\\\youtube-classifier\\\\backend\\\\.venv\\\\Lib\\\\sit...\n           \u2502    \u2502               \u2514 'pytest_runtestloop'\n           \u2502    \u2514 <function _multicall at 0x000001C71E7A4F40>\n           \u2514 <_pytest.config.PytestPluginManager object at 0x000001C71EF07770>\n  File "D:\\projects\\youtube-classifier\\backend\\.venv\\Lib\\site-packages\\pluggy\\_callers.py", line 121, in _multicall\n    res = hook_impl.function(*args)\n          \u2502         \u2502         \u2514 [<Session  exitstatus=<ExitCode.OK: 0> testsfailed=2 testscollected=6>]\n          \u2502         \u2514 <member 'function' of 'HookImpl' objects>\n          \u2514 <HookImpl plugin_name='main', plugin=<module '_pytest.main' from 'D:\\\\projects\\\\youtube-classifier\\\\backend\\\\.venv\\\\Lib\\\\site...\n  File "D:\\projects\\youtube-classifier\\backend\\.venv\\Lib\\site-packages\\_pytest\\main.py", line 362, in pytest_runtestloop\n    item.config.hook.pytest_runtest_protocol(item=item, nextitem=nextitem)\n    \u2502    \u2502                                        \u2502              \u2514 None\n    \u2502    \u2502                                        \u2514 <Coroutine test_admin_can_update_status>\n    \u2502    \u2514 <member 'config' of 'Node' objects>\n    \u2514 <Coroutine test_admin_can_update_status>\n  File "D:\\projects\\youtube-classifier\\backend\\.venv\\Lib\\site-packages\\pluggy\\_hooks.py", line 512, in __call__\n    return self._hookexec(self.name, self._hookimpls.copy(), kwargs, firstresult)\n           \u2502    \u2502         \u2502    \u2502     \u2502    \u2502                  \u2502       \u2514 True\n           \u2502    \u2502         \u2502    \u2502     \u2502    \u2502                  \u2514 {'item': <Coroutine test_admin_can_update_status>, 'nextitem': None}\n           \u2502    \u2502         \u2502    \u2502     \u2502    \u2514 <member '_hookimpls' of 'HookCaller' objects>\n           \u2502    \u2502         \u2502    \u2502     \u2514 <HookCaller 'pytest_runtest_protocol'>\n           \u2502    \u2502         \u2502    \u2514 <member 'name' of 'HookCaller' objects>\n           \u2502    \u2502         \u2514 <HookCaller 'pytest_runtest_protocol'>\n           \u2502    \u2514 <member '_hookexec' of 'HookCaller' objects>\n           \u2514 <HookCaller 'pytest_runtest_protocol'>\n  File "D:\\projects\\youtube-classifier\\backend\\.venv\\Lib\\site-packages\\pluggy\\_manager.py", line 120, in _hookexec\n    return self._inner_hookexec(hook_name, methods, kwargs, firstresult)\n           \u2502    \u2502               \u2502          \u2502        \u2502       \u2514 True\n           \u2502    \u2502               \u2502          \u2502        \u2514 {'item': <Coroutine test_admin_can_update_status>, 'nextitem': None}\n           \u2502    \u2502               \u2502          \u2514 [<HookImpl plugin_name='runner', plugin=<module '_pytest.runner' from 'D:\\\\projects\\\\youtube-classifier\\\\backend\\\\.venv\\\\Lib\\...\n           \u2502    \u2502               \u2514 'pytest_runtest_protocol'\n           \u2502    \u2514 <function _multicall at 0x000001C71E7A4F40>\n           \u2514 <_pytest.config.PytestPluginManager object at 0x000001C71EF07770>\n  File "D:\\projects\\youtube-classifier\\backend\\.venv\\Lib\\site-packages\\pluggy\\_callers.py", line 121, in _multicall\n    res = hook_impl.function(*args)\n          \u2502         \u2502         \u2514 [<Coroutine test_admin_can_update_status>, None]\n          \u2502         \u2514 <member 'function' of 'HookImpl' objects>\n          \u2514 <HookImpl plugin_name='runner', plugin=<module '_pytest.runner' from 'D:\\\\projects\\\\youtube-classifier\\\\backend\\\\.venv\\\\Lib\\\\...\n  File "D:\\projects\\youtube-classifier\\backend\\.venv\\Lib\\site-packages\\_pytest\\runner.py", line 113, in pytest_runtest_protocol\n    runtestprotocol(item, nextitem=nextitem)\n    \u2502               \u2502              \u2514 None\n    \u2502               \u2514 <Coroutine test_admin_can_update_status>\n    \u2514 <function runtestprotocol at 0x000001C71EE61EE0>\n  File "D:\\projects\\youtube-classifier\\backend\\.venv\\Lib\\site-packages\\_pytest\\runner.py", line 132, in runtestprotocol\n    reports.append(call_and_report(item, "call", log))\n    \u2502       \u2502      \u2502               \u2502             \u2514 True\n    \u2502       \u2502      \u2502               \u2514 <Coroutine test_admin_can_update_status>\n    \u2502       \u2502      \u2514 <function call_and_report at 0x000001C71EE62340>\n    \u2502       \u2514 <method 'append' of 'list' objects>\n    \u2514 [<TestReport 'tests/integration/test_users.py::TestAdminUsersRouter::test_admin_can_update_status' when='setup' outcome='pass...\n  File "D:\\projects\\youtube-classifier\\backend\\.venv\\Lib\\site-packages\\_pytest\\runner.py", line 241, in call_and_report\n    call = CallInfo.from_call(\n           \u2502        \u2514 <classmethod(<function CallInfo.from_call at 0x000001C71EE62660>)>\n           \u2514 <class '_pytest.runner.CallInfo'>\n  File "D:\\projects\\youtube-classifier\\backend\\.venv\\Lib\\site-packages\\_pytest\\runner.py", line 341, in from_call\n    result: TResult | None = func()\n            \u2502                \u2514 <function call_and_report.<locals>.<lambda> at 0x000001C726D1F600>\n            \u2514 +TResult\n  File "D:\\projects\\youtube-classifier\\backend\\.venv\\Lib\\site-packages\\_pytest\\runner.py", line 242, in <lambda>\n    lambda: runtest_hook(item=item, **kwds), when=when, reraise=reraise\n            \u2502                 \u2502       \u2514 {}\n            \u2502                 \u2514 <Coroutine test_admin_can_update_status>\n            \u2514 <HookCaller 'pytest_runtest_call'>\n  File "D:\\projects\\youtube-classifier\\backend\\.venv\\Lib\\site-packages\\pluggy\\_hooks.py", line 512, in __call__\n    return self._hookexec(self.name, self._hookimpls.copy(), kwargs, firstresult)\n           \u2502    \u2502         \u2502    \u2502     \u2502    \u2502                  \u2502       \u2514 False\n           \u2502    \u2502         \u2502    \u2502     \u2502    \u2502                  \u2514 {'item': <Coroutine test_admin_can_update_status>}\n           \u2502    \u2502         \u2502    \u2502     \u2502    \u2514 <member '_hookimpls' of 'HookCaller' objects>\n           \u2502    \u2502         \u2502    \u2502     \u2514 <HookCaller 'pytest_runtest_call'>\n           \u2502    \u2502         \u2502    \u2514 <member 'name' of 'HookCaller' objects>\n           \u2502    \u2502         \u2514 <HookCaller 'pytest_runtest_call'>\n           \u2502    \u2514 <member '_hookexec' of 'HookCaller' objects>\n           \u2514 <HookCaller 'pytest_runtest_call'>\n  File "D:\\projects\\youtube-classifier\\backend\\.venv\\Lib\\site-packages\\pluggy\\_manager.py", line 120, in _hookexec\n    return self._inner_hookexec(hook_name, methods, kwargs, firstresult)\n           \u2502    \u2502               \u2502          \u2502        \u2502       \u2514 False\n           \u2502    \u2502               \u2502          \u2502        \u2514 {'item': <Coroutine test_admin_can_update_status>}\n           \u2502    \u2502               \u2502          \u2514 [<HookImpl plugin_name='runner', plugin=<module '_pytest.runner' from 'D:\\\\projects\\\\youtube-classifier\\\\backend\\\\.venv\\\\Lib\\...\n           \u2502    \u2502               \u2514 'pytest_runtest_call'\n           \u2502    \u2514 <function _multicall at 0x000001C71E7A4F40>\n           \u2514 <_pytest.config.PytestPluginManager object at 0x000001C71EF07770>\n  File "D:\\projects\\youtube-classifier\\backend\\.venv\\Lib\\site-packages\\pluggy\\_callers.py", line 121, in _multicall\n    res = hook_impl.function(*args)\n          \u2502         \u2502         \u2514 [<Coroutine test_admin_can_update_status>]\n          \u2502         \u2514 <member 'function' of 'HookImpl' objects>\n          \u2514 <HookImpl plugin_name='runner', plugin=<module '_pytest.runner' from 'D:\\\\projects\\\\youtube-classifier\\\\backend\\\\.venv\\\\Lib\\\\...\n  File "D:\\projects\\youtube-classifier\\backend\\.venv\\Lib\\site-packages\\_pytest\\runner.py", line 174, in pytest_runtest_call\n    item.runtest()\n    \u2502    \u2514 <function Coroutine.runtest at 0x000001C72186A8E0>\n    \u2514 <Coroutine test_admin_can_update_status>\n  File "D:\\projects\\youtube-classifier\\backend\\.venv\\Lib\\site-packages\\pytest_asyncio\\plugin.py", line 533, in runtest\n    super().runtest()\n  File "D:\\projects\\youtube-classifier\\backend\\.venv\\Lib\\site-packages\\_pytest\\python.py", line 1627, in runtest\n    self.ihook.pytest_pyfunc_call(pyfuncitem=self)\n    \u2502    \u2502                                   \u2514 <Coroutine test_admin_can_update_status>\n    \u2502    \u2514 <property object at 0x000001C71EDCBE20>\n    \u2514 <Coroutine test_admin_can_update_status>\n  File "D:\\projects\\youtube-classifier\\backend\\.venv\\Lib\\site-packages\\pluggy\\_hooks.py", line 512, in __call__\n    return self._hookexec(self.name, self._hookimpls.copy(), kwargs, firstresult)\n           \u2502    \u2502         \u2502    \u2502     \u2502    \u2502                  \u2502       \u2514 True\n           \u2502    \u2502         \u2502    \u2502     \u2502    \u2502                  \u2514 {'pyfuncitem': <Coroutine test_admin_can_update_status>}\n           \u2502    \u2502         \u2502    \u2502     \u2502    \u2514 <member '_hookimpls' of 'HookCaller' objects>\n           \u2502    \u2502         \u2502    \u2502     \u2514 <HookCaller 'pytest_pyfunc_call'>\n           \u2502    \u2502         \u2502    \u2514 <member 'name' of 'HookCaller' objects>\n           \u2502    \u2502         \u2514 <HookCaller 'pytest_pyfunc_call'>\n           \u2502    \u2514 <member '_hookexec' of 'HookCaller' objects>\n           \u2514 <HookCaller 'pytest_pyfunc_call'>\n  File "D:\\projects\\youtube-classifier\\backend\\.venv\\Lib\\site-packages\\pluggy\\_manager.py", line 120, in _hookexec\n    return self._inner_hookexec(hook_name, methods, kwargs, firstresult)\n           \u2502    \u2502               \u2502          \u2502        \u2502       \u2514 True\n           \u2502    \u2502               \u2502          \u2502        \u2514 {'pyfuncitem': <Coroutine test_admin_can_update_status>}\n           \u2502    \u2502               \u2502          \u2514 [<HookImpl plugin_name='python', plugin=<module '_pytest.python' from 'D:\\\\projects\\\\youtube-classifier\\\\backend\\\\.venv\\\\Lib\\...\n           \u2502    \u2502               \u2514 'pytest_pyfunc_call'\n           \u2502    \u2514 <function _multicall at 0x000001C71E7A4F40>\n           \u2514 <_pytest.config.PytestPluginManager object at 0x000001C71EF07770>\n  File "D:\\projects\\youtube-classifier\\backend\\.venv\\Lib\\site-packages\\pluggy\\_callers.py", line 121, in _multicall\n    res = hook_impl.function(*args)\n          \u2502         \u2502         \u2514 [<Coroutine test_admin_can_update_status>]\n          \u2502         \u2514 <member 'function' of 'HookImpl' objects>\n          \u2514 <HookImpl plugin_name='python', plugin=<module '_pytest.python' from 'D:\\\\projects\\\\youtube-classifier\\\\backend\\\\.venv\\\\Lib\\\\...\n  File "D:\\projects\\youtube-classifier\\backend\\.venv\\Lib\\site-packages\\_pytest\\python.py", line 159, in pytest_pyfunc_call\n    result = testfunction(**testargs)\n             \u2502              \u2514 {'admin_client': <httpx.AsyncClient object at 0x000001C726D716D0>}\n             \u2514 <function TestAdminUsersRouter.test_admin_can_update_status at 0x000001C72733F600>\n  File "D:\\projects\\youtube-classifier\\backend\\.venv\\Lib\\site-packages\\pytest_asyncio\\plugin.py", line 1052, in inner\n    _loop.run_until_complete(task)\n    \u2502     \u2502                  \u2514 <Task pending name='Task-45' coro=<TestAdminUsersRouter.test_admin_can_update_status() running at D:\\projects\\youtube-classif...\n    \u2502     \u2514 <function BaseEventLoop.run_until_complete at 0x000001C71F66C400>\n    \u2514 <ProactorEventLoop running=True closed=False debug=False>\n  File "C:\\Users\\THINKPAD L13\\AppData\\Local\\Programs\\Python\\Python313\\Lib\\asyncio\\base_events.py", line 712, in run_until_complete\n    self.run_forever()\n    \u2502    \u2514 <function BaseEventLoop.run_forever at 0x000001C71F66C360>\n    \u2514 <ProactorEventLoop running=True closed=False debug=False>\n  File "C:\\Users\\THINKPAD L13\\AppData\\Local\\Programs\\Python\\Python313\\Lib\\asyncio\\base_events.py", line 683, in run_forever\n    self._run_once()\n    \u2502    \u2514 <function BaseEventLoop._run_once at 0x000001C71F66E160>\n    \u2514 <ProactorEventLoop running=True closed=False debug=False>\n  File "C:\\Users\\THINKPAD L13\\AppData\\Local\\Programs\\Python\\Python313\\Lib\\asyncio\\base_events.py", line 2042, in _run_once\n    handle._run()\n    \u2502      \u2514 <function Handle._run at 0x000001C71F5AB380>\n    \u2514 <Handle Task.task_wakeup()>\n  File "C:\\Users\\THINKPAD L13\\AppData\\Local\\Programs\\Python\\Python313\\Lib\\asyncio\\events.py", line 89, in _run\n    self._context.run(self._callback, *self._args)\n    \u2502    \u2502            \u2502    \u2502           \u2502    \u2514 <member '_args' of 'Handle' objects>\n    \u2502    \u2502            \u2502    \u2502           \u2514 <Handle Task.task_wakeup()>\n    \u2502    \u2502            \u2502    \u2514 <member '_callback' of 'Handle' objects>\n    \u2502    \u2502            \u2514 <Handle Task.task_wakeup()>\n    \u2502    \u2514 <member '_context' of 'Handle' objects>\n    \u2514 <Handle Task.task_wakeup()>\n\n  File "D:\\projects\\youtube-classifier\\tests\\integration\\test_users.py", line 131, in test_admin_can_update_status\n    resp = await admin_client.patch(f"/api/v1/users/{target_id}/status", json={"is_active": False})\n                 \u2502            \u2502                      \u2514 '40951a6c-2303-456f-8610-0a083b8c98ca'\n                 \u2502            \u2514 <function AsyncClient.patch at 0x000001C721F00360>\n                 \u2514 <httpx.AsyncClient object at 0x000001C726D716D0>\n\n  File "D:\\projects\\youtube-classifier\\backend\\.venv\\Lib\\site-packages\\httpx\\_client.py", line 1933, in patch\n    return await self.request(\n                 \u2502    \u2514 <function AsyncClient.request at 0x000001C721EF3BA0>\n                 \u2514 <httpx.AsyncClient object at 0x000001C726D716D0>\n  File "D:\\projects\\youtube-classifier\\backend\\.venv\\Lib\\site-packages\\httpx\\_client.py", line 1540, in request\n    return await self.send(request, auth=auth, follow_redirects=follow_redirects)\n                 \u2502    \u2502    \u2502             \u2502                      \u2514 <httpx._client.UseClientDefault object at 0x000001C721ED4980>\n                 \u2502    \u2502    \u2502             \u2514 <httpx._client.UseClientDefault object at 0x000001C721ED4980>\n                 \u2502    \u2502    \u2514 <Request('PATCH', 'http://test/api/v1/users/40951a6c-2303-456f-8610-0a083b8c98ca/status')>\n                 \u2502    \u2514 <function AsyncClient.send at 0x000001C721EF3D80>\n                 \u2514 <httpx.AsyncClient object at 0x000001C726D716D0>\n  File "D:\\projects\\youtube-classifier\\backend\\.venv\\Lib\\site-packages\\httpx\\_client.py", line 1629, in send\n    response = await self._send_handling_auth(\n                     \u2502    \u2514 <function AsyncClient._send_handling_auth at 0x000001C721EF3E20>\n                     \u2514 <httpx.AsyncClient object at 0x000001C726D716D0>\n  File "D:\\projects\\youtube-classifier\\backend\\.venv\\Lib\\site-packages\\httpx\\_client.py", line 1657, in _send_handling_auth\n    response = await self._send_handling_redirects(\n                     \u2502    \u2514 <function AsyncClient._send_handling_redirects at 0x000001C721EF3EC0>\n                     \u2514 <httpx.AsyncClient object at 0x000001C726D716D0>\n  File "D:\\projects\\youtube-classifier\\backend\\.venv\\Lib\\site-packages\\httpx\\_client.py", line 1694, in _send_handling_redirects\n    response = await self._send_single_request(request)\n                     \u2502    \u2502                    \u2514 <Request('PATCH', 'http://test/api/v1/users/40951a6c-2303-456f-8610-0a083b8c98ca/status')>\n                     \u2502    \u2514 <function AsyncClient._send_single_request at 0x000001C721EF3F60>\n                     \u2514 <httpx.AsyncClient object at 0x000001C726D716D0>\n  File "D:\\projects\\youtube-classifier\\backend\\.venv\\Lib\\site-packages\\httpx\\_client.py", line 1730, in _send_single_request\n    response = await transport.handle_async_request(request)\n                     \u2502         \u2502                    \u2514 <Request('PATCH', 'http://test/api/v1/users/40951a6c-2303-456f-8610-0a083b8c98ca/status')>\n                     \u2502         \u2514 <function ASGITransport.handle_async_request at 0x000001C721EE7C40>\n                     \u2514 <httpx.ASGITransport object at 0x000001C726D732F0>\n  File "D:\\projects\\youtube-classifier\\backend\\.venv\\Lib\\site-packages\\httpx\\_transports\\asgi.py", line 170, in handle_async_request\n    await self.app(scope, receive, send)\n          \u2502    \u2502   \u2502      \u2502        \u2514 <function ASGITransport.handle_async_request.<locals>.send at 0x000001C72733FEC0>\n          \u2502    \u2502   \u2502      \u2514 <function ASGITransport.handle_async_request.<locals>.receive at 0x000001C72733E980>\n          \u2502    \u2502   \u2514 {'type': 'http', 'asgi': {'version': '3.0'}, 'http_version': '1.1', 'method': 'PATCH', 'headers': [(b'host', b'test'), (b'acc...\n          \u2502    \u2514 <fastapi.applications.FastAPI object at 0x000001C726B1DBE0>\n          \u2514 <httpx.ASGITransport object at 0x000001C726D732F0>\n  File "D:\\projects\\youtube-classifier\\backend\\.venv\\Lib\\site-packages\\fastapi\\applications.py", line 1054, in __call__\n    await super().__call__(scope, receive, send)\n                           \u2502      \u2502        \u2514 <function ASGITransport.handle_async_request.<locals>.send at 0x000001C72733FEC0>\n                           \u2502      \u2514 <function ASGITransport.handle_async_request.<locals>.receive at 0x000001C72733E980>\n                           \u2514 {'type': 'http', 'asgi': {'version': '3.0'}, 'http_version': '1.1', 'method': 'PATCH', 'headers': [(b'host', b'test'), (b'acc...\n  File "D:\\projects\\youtube-classifier\\backend\\.venv\\Lib\\site-packages\\starlette\\applications.py", line 113, in __call__\n    await self.middleware_stack(scope, receive, send)\n          \u2502    \u2502                \u2502      \u2502        \u2514 <function ASGITransport.handle_async_request.<locals>.send at 0x000001C72733FEC0>\n          \u2502    \u2502                \u2502      \u2514 <function ASGITransport.handle_async_request.<locals>.receive at 0x000001C72733E980>\n          \u2502    \u2502                \u2514 {'type': 'http', 'asgi': {'version': '3.0'}, 'http_version': '1.1', 'method': 'PATCH', 'headers': [(b'host', b'test'), (b'acc...\n          \u2502    \u2514 <starlette.middleware.errors.ServerErrorMiddleware object at 0x000001C726D39400>\n          \u2514 <fastapi.applications.FastAPI object at 0x000001C726B1DBE0>\n> File "D:\\projects\\youtube-classifier\\backend\\.venv\\Lib\\site-packages\\starlette\\middleware\\errors.py", line 165, in __call__\n    await self.app(scope, receive, _send)\n          \u2502    \u2502   \u2502      \u2502        \u2514 <function ServerErrorMiddleware.__call__.<locals>._send at 0x000001C7273E8220>\n          \u2502    \u2502   \u2502      \u2514 <function ASGITransport.handle_async_request.<locals>.receive at 0x000001C72733E980>\n          \u2502    \u2502   \u2514 {'type': 'http', 'asgi': {'version': '3.0'}, 'http_version': '1.1', 'method': 'PATCH', 'headers': [(b'host', b'test'), (b'acc...\n          \u2502    \u2514 <prometheus_fastapi_instrumentator.middleware.PrometheusInstrumentatorMiddleware object at 0x000001C726D38D70>\n          \u2514 <starlette.middleware.errors.ServerErrorMiddleware object at 0x000001C726D39400>\n  File "D:\\projects\\youtube-classifier\\backend\\.venv\\Lib\\site-packages\\prometheus_fastapi_instrumentator\\middleware.py", line 174, in __call__\n    raise exc\n  File "D:\\projects\\youtube-classifier\\backend\\.venv\\Lib\\site-packages\\prometheus_fastapi_instrumentator\\middleware.py", line 172, in __call__\n    await self.app(scope, receive, send_wrapper)\n          \u2502    \u2502   \u2502      \u2502        \u2514 <function PrometheusInstrumentatorMiddleware.__call__.<locals>.send_wrapper at 0x000001C7273E99E0>\n          \u2502    \u2502   \u2502      \u2514 <function ASGITransport.handle_async_request.<locals>.receive at 0x000001C72733E980>\n          \u2502    \u2502   \u2514 {'type': 'http', 'asgi': {'version': '3.0'}, 'http_version': '1.1', 'method': 'PATCH', 'headers': [(b'host', b'test'), (b'acc...\n          \u2502    \u2514 <starlette.middleware.cors.CORSMiddleware object at 0x000001C726D38C20>\n          \u2514 <prometheus_fastapi_instrumentator.middleware.PrometheusInstrumentatorMiddleware object at 0x000001C726D38D70>\n  File "D:\\projects\\youtube-classifier\\backend\\.venv\\Lib\\site-packages\\starlette\\middleware\\cors.py", line 85, in __call__\n    await self.app(scope, receive, send)\n          \u2502    \u2502   \u2502      \u2502        \u2514 <function PrometheusInstrumentatorMiddleware.__call__.<locals>.send_wrapper at 0x000001C7273E99E0>\n          \u2502    \u2502   \u2502      \u2514 <function ASGITransport.handle_async_request.<locals>.receive at 0x000001C72733E980>\n          \u2502    \u2502   \u2514 {'type': 'http', 'asgi': {'version': '3.0'}, 'http_version': '1.1', 'method': 'PATCH', 'headers': [(b'host', b'test'), (b'acc...\n          \u2502    \u2514 <api.middleware.rate_limiter.RateLimiterMiddleware object at 0x000001C726D38AD0>\n          \u2514 <starlette.middleware.cors.CORSMiddleware object at 0x000001C726D38C20>\n  File "D:\\projects\\youtube-classifier\\backend\\.venv\\Lib\\site-packages\\starlette\\middleware\\base.py", line 185, in __call__\n    with collapse_excgroups():\n         \u2514 <function collapse_excgroups at 0x000001C7227F8C20>\n  File "C:\\Users\\THINKPAD L13\\AppData\\Local\\Programs\\Python\\Python313\\Lib\\contextlib.py", line 162, in __exit__\n    self.gen.throw(value)\n    \u2502    \u2502   \u2502     \u2514 ExceptionGroup('unhandled errors in a TaskGroup', [ResponseValidationError()])\n    \u2502    \u2502   \u2514 <method 'throw' of 'generator' objects>\n    \u2502    \u2514 <generator object collapse_excgroups at 0x000001C72717BC60>\n    \u2514 <contextlib._GeneratorContextManager object at 0x000001C72735BAF0>\n  File "D:\\projects\\youtube-classifier\\backend\\.venv\\Lib\\site-packages\\starlette\\_utils.py", line 82, in collapse_excgroups\n    raise exc\n  File "D:\\projects\\youtube-classifier\\backend\\.venv\\Lib\\site-packages\\starlette\\middleware\\base.py", line 187, in __call__\n    response = await self.dispatch_func(request, call_next)\n                     \u2502    \u2502             \u2502        \u2514 <function BaseHTTPMiddleware.__call__.<locals>.call_next at 0x000001C7273E9B20>\n                     \u2502    \u2502             \u2514 <starlette.middleware.base._CachedRequest object at 0x000001C727197E30>\n                     \u2502    \u2514 <bound method RateLimiterMiddleware.dispatch of <api.middleware.rate_limiter.RateLimiterMiddleware object at 0x000001C726D38A...\n                     \u2514 <api.middleware.rate_limiter.RateLimiterMiddleware object at 0x000001C726D38AD0>\n\n  File "D:\\projects\\youtube-classifier\\backend\\api\\middleware\\rate_limiter.py", line 95, in dispatch\n    response = await call_next(request)\n                     \u2502         \u2514 <starlette.middleware.base._CachedRequest object at 0x000001C727197E30>\n                     \u2514 <function BaseHTTPMiddleware.__call__.<locals>.call_next at 0x000001C7273E9B20>\n\n  File "D:\\projects\\youtube-classifier\\backend\\.venv\\Lib\\site-packages\\starlette\\middleware\\base.py", line 163, in call_next\n    raise app_exc\n          \u2514 ResponseValidationError()\n  File "D:\\projects\\youtube-classifier\\backend\\.venv\\Lib\\site-packages\\starlette\\middleware\\base.py", line 149, in coro\n    await self.app(scope, receive_or_disconnect, send_no_error)\n          \u2502    \u2502   \u2502      \u2502                      \u2514 <function BaseHTTPMiddleware.__call__.<locals>.call_next.<locals>.send_no_error at 0x000001C7273E9DA0>\n          \u2502    \u2502   \u2502      \u2514 <function BaseHTTPMiddleware.__call__.<locals>.call_next.<locals>.receive_or_disconnect at 0x000001C7273E9C60>\n          \u2502    \u2502   \u2514 {'type': 'http', 'asgi': {'version': '3.0'}, 'http_version': '1.1', 'method': 'PATCH', 'headers': [(b'host', b'test'), (b'acc...\n          \u2502    \u2514 <starlette.middleware.gzip.GZipMiddleware object at 0x000001C726D38980>\n          \u2514 <api.middleware.rate_limiter.RateLimiterMiddleware object at 0x000001C726D38AD0>\n  File "D:\\projects\\youtube-classifier\\backend\\.venv\\Lib\\site-packages\\starlette\\middleware\\gzip.py", line 20, in __call__\n    await responder(scope, receive, send)\n          \u2502         \u2502      \u2502        \u2514 <function BaseHTTPMiddleware.__call__.<locals>.call_next.<locals>.send_no_error at 0x000001C7273E9DA0>\n          \u2502         \u2502      \u2514 <function BaseHTTPMiddleware.__call__.<locals>.call_next.<locals>.receive_or_disconnect at 0x000001C7273E9C60>\n          \u2502         \u2514 {'type': 'http', 'asgi': {'version': '3.0'}, 'http_version': '1.1', 'method': 'PATCH', 'headers': [(b'host', b'test'), (b'acc...\n          \u2514 <starlette.middleware.gzip.GZipResponder object at 0x000001C7273B44D0>\n  File "D:\\projects\\youtube-classifier\\backend\\.venv\\Lib\\site-packages\\starlette\\middleware\\gzip.py", line 39, in __call__\n    await self.app(scope, receive, self.send_with_gzip)\n          \u2502    \u2502   \u2502      \u2502        \u2502    \u2514 <function GZipResponder.send_with_gzip at 0x000001C723A1FCE0>\n          \u2502    \u2502   \u2502      \u2502        \u2514 <starlette.middleware.gzip.GZipResponder object at 0x000001C7273B44D0>\n          \u2502    \u2502   \u2502      \u2514 <function BaseHTTPMiddleware.__call__.<locals>.call_next.<locals>.receive_or_disconnect at 0x000001C7273E9C60>\n          \u2502    \u2502   \u2514 {'type': 'http', 'asgi': {'version': '3.0'}, 'http_version': '1.1', 'method': 'PATCH', 'headers': [(b'host', b'test'), (b'acc...\n          \u2502    \u2514 <main.create_app.<locals>.CorrelationIDMiddleware object at 0x000001C726D38830>\n          \u2514 <starlette.middleware.gzip.GZipResponder object at 0x000001C7273B44D0>\n  File "D:\\projects\\youtube-classifier\\backend\\.venv\\Lib\\site-packages\\starlette\\middleware\\base.py", line 185, in __call__\n    with collapse_excgroups():\n         \u2514 <function collapse_excgroups at 0x000001C7227F8C20>\n  File "C:\\Users\\THINKPAD L13\\AppData\\Local\\Programs\\Python\\Python313\\Lib\\contextlib.py", line 162, in __exit__\n    self.gen.throw(value)\n    \u2502    \u2502   \u2502     \u2514 ExceptionGroup('unhandled errors in a TaskGroup', [ResponseValidationError()])\n    \u2502    \u2502   \u2514 <method 'throw' of 'generator' objects>\n    \u2502    \u2514 <generator object collapse_excgroups at 0x000001C726C51B10>\n    \u2514 <contextlib._GeneratorContextManager object at 0x000001C72735AC80>\n  File "D:\\projects\\youtube-classifier\\backend\\.venv\\Lib\\site-packages\\starlette\\_utils.py", line 82, in collapse_excgroups\n    raise exc\n  File "D:\\projects\\youtube-classifier\\backend\\.venv\\Lib\\site-packages\\starlette\\middleware\\base.py", line 187, in __call__\n    response = await self.dispatch_func(request, call_next)\n                     \u2502    \u2502             \u2502        \u2514 <function BaseHTTPMiddleware.__call__.<locals>.call_next at 0x000001C7273E96C0>\n                     \u2502    \u2502             \u2514 <starlette.middleware.base._CachedRequest object at 0x000001C727BD8230>\n                     \u2502    \u2514 <bound method create_app.<locals>.CorrelationIDMiddleware.dispatch of <main.create_app.<locals>.CorrelationIDMiddleware objec...\n                     \u2514 <main.create_app.<locals>.CorrelationIDMiddleware object at 0x000001C726D38830>\n\n  File "D:\\projects\\youtube-classifier\\backend\\main.py", line 86, in dispatch\n    response = await call_next(request)\n                     \u2502         \u2514 <starlette.middleware.base._CachedRequest object at 0x000001C727BD8230>\n                     \u2514 <function BaseHTTPMiddleware.__call__.<locals>.call_next at 0x000001C7273E96C0>\n\n  File "D:\\projects\\youtube-classifier\\backend\\.venv\\Lib\\site-packages\\starlette\\middleware\\base.py", line 163, in call_next\n    raise app_exc\n          \u2514 ResponseValidationError()\n  File "D:\\projects\\youtube-classifier\\backend\\.venv\\Lib\\site-packages\\starlette\\middleware\\base.py", line 149, in coro\n    await self.app(scope, receive_or_disconnect, send_no_error)\n          \u2502    \u2502   \u2502      \u2502                      \u2514 <function BaseHTTPMiddleware.__call__.<locals>.call_next.<locals>.send_no_error at 0x000001C7273E8F40>\n          \u2502    \u2502   \u2502      \u2514 <function BaseHTTPMiddleware.__call__.<locals>.call_next.<locals>.receive_or_disconnect at 0x000001C7273E9300>\n          \u2502    \u2502   \u2514 {'type': 'http', 'asgi': {'version': '3.0'}, 'http_version': '1.1', 'method': 'PATCH', 'headers': [(b'host', b'test'), (b'acc...\n          \u2502    \u2514 <starlette.middleware.exceptions.ExceptionMiddleware object at 0x000001C726D386E0>\n          \u2514 <main.create_app.<locals>.CorrelationIDMiddleware object at 0x000001C726D38830>\n  File "D:\\projects\\youtube-classifier\\backend\\.venv\\Lib\\site-packages\\starlette\\middleware\\exceptions.py", line 62, in __call__\n    await wrap_app_handling_exceptions(self.app, conn)(scope, receive, send)\n          \u2502                            \u2502    \u2502    \u2502     \u2502      \u2502        \u2514 <function BaseHTTPMiddleware.__call__.<locals>.call_next.<locals>.send_no_error at 0x000001C7273E8F40>\n          \u2502                            \u2502    \u2502    \u2502     \u2502      \u2514 <function BaseHTTPMiddleware.__call__.<locals>.call_next.<locals>.receive_or_disconnect at 0x000001C7273E9300>\n          \u2502                            \u2502    \u2502    \u2502     \u2514 {'type': 'http', 'asgi': {'version': '3.0'}, 'http_version': '1.1', 'method': 'PATCH', 'headers': [(b'host', b'test'), (b'acc...\n          \u2502                            \u2502    \u2502    \u2514 <starlette.requests.Request object at 0x000001C726C7B8B0>\n          \u2502                            \u2502    \u2514 <fastapi.routing.APIRouter object at 0x000001C726BA7650>\n          \u2502                            \u2514 <starlette.middleware.exceptions.ExceptionMiddleware object at 0x000001C726D386E0>\n          \u2514 <function wrap_app_handling_exceptions at 0x000001C722767F60>\n  File "D:\\projects\\youtube-classifier\\backend\\.venv\\Lib\\site-packages\\starlette\\_exception_handler.py", line 53, in wrapped_app\n    raise exc\n  File "D:\\projects\\youtube-classifier\\backend\\.venv\\Lib\\site-packages\\starlette\\_exception_handler.py", line 42, in wrapped_app\n    await app(scope, receive, sender)\n          \u2502   \u2502      \u2502        \u2514 <function wrap_app_handling_exceptions.<locals>.wrapped_app.<locals>.sender at 0x000001C7273E82C0>\n          \u2502   \u2502      \u2514 <function BaseHTTPMiddleware.__call__.<locals>.call_next.<locals>.receive_or_disconnect at 0x000001C7273E9300>\n          \u2502   \u2514 {'type': 'http', 'asgi': {'version': '3.0'}, 'http_version': '1.1', 'method': 'PATCH', 'headers': [(b'host', b'test'), (b'acc...\n          \u2514 <fastapi.routing.APIRouter object at 0x000001C726BA7650>\n  File "D:\\projects\\youtube-classifier\\backend\\.venv\\Lib\\site-packages\\starlette\\routing.py", line 715, in __call__\n    await self.middleware_stack(scope, receive, send)\n          \u2502    \u2502                \u2502      \u2502        \u2514 <function wrap_app_handling_exceptions.<locals>.wrapped_app.<locals>.sender at 0x000001C7273E82C0>\n          \u2502    \u2502                \u2502      \u2514 <function BaseHTTPMiddleware.__call__.<locals>.call_next.<locals>.receive_or_disconnect at 0x000001C7273E9300>\n          \u2502    \u2502                \u2514 {'type': 'http', 'asgi': {'version': '3.0'}, 'http_version': '1.1', 'method': 'PATCH', 'headers': [(b'host', b'test'), (b'acc...\n          \u2502    \u2514 <bound method Router.app of <fastapi.routing.APIRouter object at 0x000001C726BA7650>>\n          \u2514 <fastapi.routing.APIRouter object at 0x000001C726BA7650>\n  File "D:\\projects\\youtube-classifier\\backend\\.venv\\Lib\\site-packages\\starlette\\routing.py", line 735, in app\n    await route.handle(scope, receive, send)\n          \u2502     \u2502      \u2502      \u2502        \u2514 <function wrap_app_handling_exceptions.<locals>.wrapped_app.<locals>.sender at 0x000001C7273E82C0>\n          \u2502     \u2502      \u2502      \u2514 <function BaseHTTPMiddleware.__call__.<locals>.call_next.<locals>.receive_or_disconnect at 0x000001C7273E9300>\n          \u2502     \u2502      \u2514 {'type': 'http', 'asgi': {'version': '3.0'}, 'http_version': '1.1', 'method': 'PATCH', 'headers': [(b'host', b'test'), (b'acc...\n          \u2502     \u2514 <function Route.handle at 0x000001C7227296C0>\n          \u2514 APIRoute(path='/api/v1/users/{user_id}/status', name='update_user_status', methods=['PATCH'])\n  File "D:\\projects\\youtube-classifier\\backend\\.venv\\Lib\\site-packages\\starlette\\routing.py", line 288, in handle\n    await self.app(scope, receive, send)\n          \u2502    \u2502   \u2502      \u2502        \u2514 <function wrap_app_handling_exceptions.<locals>.wrapped_app.<locals>.sender at 0x000001C7273E82C0>\n          \u2502    \u2502   \u2502      \u2514 <function BaseHTTPMiddleware.__call__.<locals>.call_next.<locals>.receive_or_disconnect at 0x000001C7273E9300>\n          \u2502    \u2502   \u2514 {'type': 'http', 'asgi': {'version': '3.0'}, 'http_version': '1.1', 'method': 'PATCH', 'headers': [(b'host', b'test'), (b'acc...\n          \u2502    \u2514 <function request_response.<locals>.app at 0x000001C726C39A80>\n          \u2514 APIRoute(path='/api/v1/users/{user_id}/status', name='update_user_status', methods=['PATCH'])\n  File "D:\\projects\\youtube-classifier\\backend\\.venv\\Lib\\site-packages\\starlette\\routing.py", line 76, in app\n    await wrap_app_handling_exceptions(app, request)(scope, receive, send)\n          \u2502                            \u2502    \u2502        \u2502      \u2502        \u2514 <function wrap_app_handling_exceptions.<locals>.wrapped_app.<locals>.sender at 0x000001C7273E82C0>\n          \u2502                            \u2502    \u2502        \u2502      \u2514 <function BaseHTTPMiddleware.__call__.<locals>.call_next.<locals>.receive_or_disconnect at 0x000001C7273E9300>\n          \u2502                            \u2502    \u2502        \u2514 {'type': 'http', 'asgi': {'version': '3.0'}, 'http_version': '1.1', 'method': 'PATCH', 'headers': [(b'host', b'test'), (b'acc...\n          \u2502                            \u2502    \u2514 <starlette.requests.Request object at 0x000001C72719D7B0>\n          \u2502                            \u2514 <function request_response.<locals>.app.<locals>.app at 0x000001C7273E8A40>\n          \u2514 <function wrap_app_handling_exceptions at 0x000001C722767F60>\n  File "D:\\projects\\youtube-classifier\\backend\\.venv\\Lib\\site-packages\\starlette\\_exception_handler.py", line 53, in wrapped_app\n    raise exc\n  File "D:\\projects\\youtube-classifier\\backend\\.venv\\Lib\\site-packages\\starlette\\_exception_handler.py", line 42, in wrapped_app\n    await app(scope, receive, sender)\n          \u2502   \u2502      \u2502        \u2514 <function wrap_app_handling_exceptions.<locals>.wrapped_app.<locals>.sender at 0x000001C7273E98A0>\n          \u2502   \u2502      \u2514 <function BaseHTTPMiddleware.__call__.<locals>.call_next.<locals>.receive_or_disconnect at 0x000001C7273E9300>\n          \u2502   \u2514 {'type': 'http', 'asgi': {'version': '3.0'}, 'http_version': '1.1', 'method': 'PATCH', 'headers': [(b'host', b'test'), (b'acc...\n          \u2514 <function request_response.<locals>.app.<locals>.app at 0x000001C7273E8A40>\n  File "D:\\projects\\youtube-classifier\\backend\\.venv\\Lib\\site-packages\\starlette\\routing.py", line 73, in app\n    response = await f(request)\n                     \u2502 \u2514 <starlette.requests.Request object at 0x000001C72719D7B0>\n                     \u2514 <function get_request_handler.<locals>.app at 0x000001C726C39940>\n  File "D:\\projects\\youtube-classifier\\backend\\.venv\\Lib\\site-packages\\fastapi\\routing.py", line 327, in app\n    content = await serialize_response(\n                    \u2514 <function serialize_response at 0x000001C722767600>\n  File "D:\\projects\\youtube-classifier\\backend\\.venv\\Lib\\site-packages\\fastapi\\routing.py", line 176, in serialize_response\n    raise ResponseValidationError(\n          \u2514 <class 'fastapi.exceptions.ResponseValidationError'>\n\nfastapi.exceptions.ResponseValidationError: 1 validation errors:\n  {'type': 'datetime_type', 'loc': ('response', 'created_at'), 'msg': 'Input should be a valid datetime', 'input': None}\n
=========================== short test summary info ===========================
FAILED tests/integration/test_users.py::TestAdminUsersRouter::test_admin_can_list_users - TypeError: 'coroutine' object is not iterable
FAILED tests/integration/test_users.py::TestAdminUsersRouter::test_admin_can_update_role - fastapi.exceptions.ResponseValidationError: 1 validation errors:
  {'type': 'datetime_type', 'loc': ('response', 'created_at'), 'msg': 'Input should be a valid datetime', 'input': None}
FAILED tests/integration/test_users.py::TestAdminUsersRouter::test_admin_can_update_status - fastapi.exceptions.ResponseValidationError: 1 validation errors:
  {'type': 'datetime_type', 'loc': ('response', 'created_at'), 'msg': 'Input should be a valid datetime', 'input': None}
========================= 3 failed, 3 passed in 8.83s =========================
